[    0.000000] Linux version 4.9.0-1-amd64 (debian-kernel@lists.debian.org) (gcc version 6.3.0 20170124 (Debian 6.3.0-5) ) #1 SMP Debian 4.9.6-3 (2017-01-28)
[    0.000000] Command line: BOOT_IMAGE=/boot/vmlinuz-4.9.0-1-amd64 root=UUID=8b1a7aae-1f63-4bed-b724-083ded4c8987 ro quiet
[    0.000000] Disabled fast string operations
[    0.000000] x86/fpu: Supporting XSAVE feature 0x001: 'x87 floating point registers'
[    0.000000] x86/fpu: Supporting XSAVE feature 0x002: 'SSE registers'
[    0.000000] x86/fpu: Supporting XSAVE feature 0x004: 'AVX registers'
[    0.000000] x86/fpu: xstate_offset[2]:  576, xstate_sizes[2]:  256
[    0.000000] x86/fpu: Enabled xstate features 0x7, context size is 832 bytes, using 'standard' format.
[    0.000000] x86/fpu: Using 'eager' FPU context switches.
[    0.000000] e820: BIOS-provided physical RAM map:
[    0.000000] BIOS-e820: [mem 0x0000000000000000-0x000000000009ebff] usable
[    0.000000] BIOS-e820: [mem 0x000000000009ec00-0x000000000009ffff] reserved
[    0.000000] BIOS-e820: [mem 0x00000000000dc000-0x00000000000fffff] reserved
[    0.000000] BIOS-e820: [mem 0x0000000000100000-0x00000000a26dffff] usable
[    0.000000] BIOS-e820: [mem 0x00000000a26e0000-0x00000000a26fefff] ACPI data
[    0.000000] BIOS-e820: [mem 0x00000000a26ff000-0x00000000a26fffff] ACPI NVS
[    0.000000] BIOS-e820: [mem 0x00000000a2700000-0x00000000a27fffff] usable
[    0.000000] BIOS-e820: [mem 0x00000000f0000000-0x00000000f7ffffff] reserved
[    0.000000] BIOS-e820: [mem 0x00000000fec00000-0x00000000fec0ffff] reserved
[    0.000000] BIOS-e820: [mem 0x00000000fee00000-0x00000000fee00fff] reserved
[    0.000000] BIOS-e820: [mem 0x00000000fffe0000-0x00000000ffffffff] reserved
[    0.000000] NX (Execute Disable) protection: active
[    0.000000] SMBIOS 2.7 present.
[    0.000000] DMI: VMware, Inc. VMware Virtual Platform/440BX Desktop Reference Platform, BIOS 6.00 07/02/2015
[    0.000000] Hypervisor detected: VMware
[    0.000000] Host bus clock speed read from hypervisor : 66000000 Hz
[    0.000000] e820: update [mem 0x00000000-0x00000fff] usable ==> reserved
[    0.000000] e820: remove [mem 0x000a0000-0x000fffff] usable
[    0.000000] e820: last_pfn = 0xa2800 max_arch_pfn = 0x400000000
[    0.000000] MTRR default type: uncachable
[    0.000000] MTRR fixed ranges enabled:
[    0.000000]   00000-9FFFF write-back
[    0.000000]   A0000-BFFFF uncachable
[    0.000000]   C0000-CBFFF write-protect
[    0.000000]   CC000-EFFFF uncachable
[    0.000000]   F0000-FFFFF write-protect
[    0.000000] MTRR variable ranges enabled:
[    0.000000]   0 base 000A2800000 mask 3FFFF800000 uncachable
[    0.000000]   1 base 000A3000000 mask 3FFFF000000 uncachable
[    0.000000]   2 base 000A4000000 mask 3FFFC000000 uncachable
[    0.000000]   3 base 000A8000000 mask 3FFF8000000 uncachable
[    0.000000]   4 base 000B0000000 mask 3FFF0000000 uncachable
[    0.000000]   5 base 000C0000000 mask 3FFC0000000 uncachable
[    0.000000]   6 base 00000000000 mask 3FF00000000 write-back
[    0.000000]   7 disabled
[    0.000000] x86/PAT: Configuration [0-7]: WB  WC  UC- UC  WB  WC  UC- WT  
[    0.000000] found SMP MP-table at [mem 0x000f6a80-0x000f6a8f] mapped at [ffff8d1e400f6a80]
[    0.000000] Base memory trampoline at [ffff8d1e40098000] 98000 size 24576
[    0.000000] Using GB pages for direct mapping
[    0.000000] BRK [0x2d74d000, 0x2d74dfff] PGTABLE
[    0.000000] BRK [0x2d74e000, 0x2d74efff] PGTABLE
[    0.000000] BRK [0x2d74f000, 0x2d74ffff] PGTABLE
[    0.000000] BRK [0x2d750000, 0x2d750fff] PGTABLE
[    0.000000] BRK [0x2d751000, 0x2d751fff] PGTABLE
[    0.000000] BRK [0x2d752000, 0x2d752fff] PGTABLE
[    0.000000] RAMDISK: [mem 0x3762f000-0x37b0efff]
[    0.000000] ACPI: Early table checksum verification disabled
[    0.000000] ACPI: RSDP 0x00000000000F6A10 000024 (v02 PTLTD )
[    0.000000] ACPI: XSDT 0x00000000A26EBEE0 00005C (v01 INTEL  440BX    06040000 VMW  01324272)
[    0.000000] ACPI: FACP 0x00000000A26FEE73 0000F4 (v04 INTEL  440BX    06040000 PTL  000F4240)
[    0.000000] ACPI: DSDT 0x00000000A26ED1DD 011C96 (v01 PTLTD  Custom   06040000 MSFT 03000001)
[    0.000000] ACPI: FACS 0x00000000A26FFFC0 000040
[    0.000000] ACPI: FACS 0x00000000A26FFFC0 000040
[    0.000000] ACPI: BOOT 0x00000000A26ED1B5 000028 (v01 PTLTD  $SBFTBL$ 06040000  LTP 00000001)
[    0.000000] ACPI: APIC 0x00000000A26EC8BD 000742 (v01 PTLTD  ? APIC   06040000  LTP 00000000)
[    0.000000] ACPI: MCFG 0x00000000A26EC881 00003C (v01 PTLTD  $PCITBL$ 06040000  LTP 00000001)
[    0.000000] ACPI: SRAT 0x00000000A26EC001 000880 (v02 VMWARE MEMPLUG  06040000 VMW  00000001)
[    0.000000] ACPI: HPET 0x00000000A26EBFA4 000038 (v01 VMWARE VMW HPET 06040000 VMW  00000001)
[    0.000000] ACPI: WAET 0x00000000A26EBF7C 000028 (v01 VMWARE VMW WAET 06040000 VMW  00000001)
[    0.000000] ACPI: Local APIC address 0xfee00000
[    0.000000] system APIC only can use physical flat
[    0.000000] Setting APIC routing to physical flat.
[    0.000000] SRAT: PXM 0 -> APIC 0x00 -> Node 0
[    0.000000] SRAT: PXM 0 -> APIC 0x01 -> Node 0
[    0.000000] SRAT: PXM 0 -> APIC 0x02 -> Node 0
[    0.000000] SRAT: PXM 0 -> APIC 0x03 -> Node 0
[    0.000000] SRAT: PXM 0 -> APIC 0x04 -> Node 0
[    0.000000] SRAT: PXM 0 -> APIC 0x05 -> Node 0
[    0.000000] SRAT: PXM 0 -> APIC 0x06 -> Node 0
[    0.000000] SRAT: PXM 0 -> APIC 0x07 -> Node 0
[    0.000000] SRAT: PXM 0 -> APIC 0x08 -> Node 0
[    0.000000] SRAT: PXM 0 -> APIC 0x09 -> Node 0
[    0.000000] SRAT: PXM 0 -> APIC 0x0a -> Node 0
[    0.000000] SRAT: PXM 0 -> APIC 0x0b -> Node 0
[    0.000000] SRAT: PXM 0 -> APIC 0x0c -> Node 0
[    0.000000] SRAT: PXM 0 -> APIC 0x0d -> Node 0
[    0.000000] SRAT: PXM 0 -> APIC 0x0e -> Node 0
[    0.000000] SRAT: PXM 0 -> APIC 0x0f -> Node 0
[    0.000000] SRAT: PXM 0 -> APIC 0x10 -> Node 0
[    0.000000] SRAT: PXM 0 -> APIC 0x11 -> Node 0
[    0.000000] SRAT: PXM 0 -> APIC 0x12 -> Node 0
[    0.000000] SRAT: PXM 0 -> APIC 0x13 -> Node 0
[    0.000000] SRAT: PXM 0 -> APIC 0x14 -> Node 0
[    0.000000] SRAT: PXM 0 -> APIC 0x15 -> Node 0
[    0.000000] SRAT: PXM 0 -> APIC 0x16 -> Node 0
[    0.000000] SRAT: PXM 0 -> APIC 0x17 -> Node 0
[    0.000000] SRAT: PXM 0 -> APIC 0x18 -> Node 0
[    0.000000] SRAT: PXM 0 -> APIC 0x19 -> Node 0
[    0.000000] SRAT: PXM 0 -> APIC 0x1a -> Node 0
[    0.000000] SRAT: PXM 0 -> APIC 0x1b -> Node 0
[    0.000000] SRAT: PXM 0 -> APIC 0x1c -> Node 0
[    0.000000] SRAT: PXM 0 -> APIC 0x1d -> Node 0
[    0.000000] SRAT: PXM 0 -> APIC 0x1e -> Node 0
[    0.000000] SRAT: PXM 0 -> APIC 0x1f -> Node 0
[    0.000000] SRAT: PXM 0 -> APIC 0x20 -> Node 0
[    0.000000] SRAT: PXM 0 -> APIC 0x21 -> Node 0
[    0.000000] SRAT: PXM 0 -> APIC 0x22 -> Node 0
[    0.000000] SRAT: PXM 0 -> APIC 0x23 -> Node 0
[    0.000000] SRAT: PXM 0 -> APIC 0x24 -> Node 0
[    0.000000] SRAT: PXM 0 -> APIC 0x25 -> Node 0
[    0.000000] SRAT: PXM 0 -> APIC 0x26 -> Node 0
[    0.000000] SRAT: PXM 0 -> APIC 0x27 -> Node 0
[    0.000000] SRAT: PXM 0 -> APIC 0x28 -> Node 0
[    0.000000] SRAT: PXM 0 -> APIC 0x29 -> Node 0
[    0.000000] SRAT: PXM 0 -> APIC 0x2a -> Node 0
[    0.000000] SRAT: PXM 0 -> APIC 0x2b -> Node 0
[    0.000000] SRAT: PXM 0 -> APIC 0x2c -> Node 0
[    0.000000] SRAT: PXM 0 -> APIC 0x2d -> Node 0
[    0.000000] SRAT: PXM 0 -> APIC 0x2e -> Node 0
[    0.000000] SRAT: PXM 0 -> APIC 0x2f -> Node 0
[    0.000000] SRAT: PXM 0 -> APIC 0x30 -> Node 0
[    0.000000] SRAT: PXM 0 -> APIC 0x31 -> Node 0
[    0.000000] SRAT: PXM 0 -> APIC 0x32 -> Node 0
[    0.000000] SRAT: PXM 0 -> APIC 0x33 -> Node 0
[    0.000000] SRAT: PXM 0 -> APIC 0x34 -> Node 0
[    0.000000] SRAT: PXM 0 -> APIC 0x35 -> Node 0
[    0.000000] SRAT: PXM 0 -> APIC 0x36 -> Node 0
[    0.000000] SRAT: PXM 0 -> APIC 0x37 -> Node 0
[    0.000000] SRAT: PXM 0 -> APIC 0x38 -> Node 0
[    0.000000] SRAT: PXM 0 -> APIC 0x39 -> Node 0
[    0.000000] SRAT: PXM 0 -> APIC 0x3a -> Node 0
[    0.000000] SRAT: PXM 0 -> APIC 0x3b -> Node 0
[    0.000000] SRAT: PXM 0 -> APIC 0x3c -> Node 0
[    0.000000] SRAT: PXM 0 -> APIC 0x3d -> Node 0
[    0.000000] SRAT: PXM 0 -> APIC 0x3e -> Node 0
[    0.000000] SRAT: PXM 0 -> APIC 0x3f -> Node 0
[    0.000000] SRAT: PXM 0 -> APIC 0x40 -> Node 0
[    0.000000] SRAT: PXM 0 -> APIC 0x41 -> Node 0
[    0.000000] SRAT: PXM 0 -> APIC 0x42 -> Node 0
[    0.000000] SRAT: PXM 0 -> APIC 0x43 -> Node 0
[    0.000000] SRAT: PXM 0 -> APIC 0x44 -> Node 0
[    0.000000] SRAT: PXM 0 -> APIC 0x45 -> Node 0
[    0.000000] SRAT: PXM 0 -> APIC 0x46 -> Node 0
[    0.000000] SRAT: PXM 0 -> APIC 0x47 -> Node 0
[    0.000000] SRAT: PXM 0 -> APIC 0x48 -> Node 0
[    0.000000] SRAT: PXM 0 -> APIC 0x49 -> Node 0
[    0.000000] SRAT: PXM 0 -> APIC 0x4a -> Node 0
[    0.000000] SRAT: PXM 0 -> APIC 0x4b -> Node 0
[    0.000000] SRAT: PXM 0 -> APIC 0x4c -> Node 0
[    0.000000] SRAT: PXM 0 -> APIC 0x4d -> Node 0
[    0.000000] SRAT: PXM 0 -> APIC 0x4e -> Node 0
[    0.000000] SRAT: PXM 0 -> APIC 0x4f -> Node 0
[    0.000000] SRAT: PXM 0 -> APIC 0x50 -> Node 0
[    0.000000] SRAT: PXM 0 -> APIC 0x51 -> Node 0
[    0.000000] SRAT: PXM 0 -> APIC 0x52 -> Node 0
[    0.000000] SRAT: PXM 0 -> APIC 0x53 -> Node 0
[    0.000000] SRAT: PXM 0 -> APIC 0x54 -> Node 0
[    0.000000] SRAT: PXM 0 -> APIC 0x55 -> Node 0
[    0.000000] SRAT: PXM 0 -> APIC 0x56 -> Node 0
[    0.000000] SRAT: PXM 0 -> APIC 0x57 -> Node 0
[    0.000000] SRAT: PXM 0 -> APIC 0x58 -> Node 0
[    0.000000] SRAT: PXM 0 -> APIC 0x59 -> Node 0
[    0.000000] SRAT: PXM 0 -> APIC 0x5a -> Node 0
[    0.000000] SRAT: PXM 0 -> APIC 0x5b -> Node 0
[    0.000000] SRAT: PXM 0 -> APIC 0x5c -> Node 0
[    0.000000] SRAT: PXM 0 -> APIC 0x5d -> Node 0
[    0.000000] SRAT: PXM 0 -> APIC 0x5e -> Node 0
[    0.000000] SRAT: PXM 0 -> APIC 0x5f -> Node 0
[    0.000000] SRAT: PXM 0 -> APIC 0x60 -> Node 0
[    0.000000] SRAT: PXM 0 -> APIC 0x61 -> Node 0
[    0.000000] SRAT: PXM 0 -> APIC 0x62 -> Node 0
[    0.000000] SRAT: PXM 0 -> APIC 0x63 -> Node 0
[    0.000000] SRAT: PXM 0 -> APIC 0x64 -> Node 0
[    0.000000] SRAT: PXM 0 -> APIC 0x65 -> Node 0
[    0.000000] SRAT: PXM 0 -> APIC 0x66 -> Node 0
[    0.000000] SRAT: PXM 0 -> APIC 0x67 -> Node 0
[    0.000000] SRAT: PXM 0 -> APIC 0x68 -> Node 0
[    0.000000] SRAT: PXM 0 -> APIC 0x69 -> Node 0
[    0.000000] SRAT: PXM 0 -> APIC 0x6a -> Node 0
[    0.000000] SRAT: PXM 0 -> APIC 0x6b -> Node 0
[    0.000000] SRAT: PXM 0 -> APIC 0x6c -> Node 0
[    0.000000] SRAT: PXM 0 -> APIC 0x6d -> Node 0
[    0.000000] SRAT: PXM 0 -> APIC 0x6e -> Node 0
[    0.000000] SRAT: PXM 0 -> APIC 0x6f -> Node 0
[    0.000000] SRAT: PXM 0 -> APIC 0x70 -> Node 0
[    0.000000] SRAT: PXM 0 -> APIC 0x71 -> Node 0
[    0.000000] SRAT: PXM 0 -> APIC 0x72 -> Node 0
[    0.000000] SRAT: PXM 0 -> APIC 0x73 -> Node 0
[    0.000000] SRAT: PXM 0 -> APIC 0x74 -> Node 0
[    0.000000] SRAT: PXM 0 -> APIC 0x75 -> Node 0
[    0.000000] SRAT: PXM 0 -> APIC 0x76 -> Node 0
[    0.000000] SRAT: PXM 0 -> APIC 0x77 -> Node 0
[    0.000000] SRAT: PXM 0 -> APIC 0x78 -> Node 0
[    0.000000] SRAT: PXM 0 -> APIC 0x79 -> Node 0
[    0.000000] SRAT: PXM 0 -> APIC 0x7a -> Node 0
[    0.000000] SRAT: PXM 0 -> APIC 0x7b -> Node 0
[    0.000000] SRAT: PXM 0 -> APIC 0x7c -> Node 0
[    0.000000] SRAT: PXM 0 -> APIC 0x7d -> Node 0
[    0.000000] SRAT: PXM 0 -> APIC 0x7e -> Node 0
[    0.000000] SRAT: PXM 0 -> APIC 0x7f -> Node 0
[    0.000000] ACPI: SRAT: Node 0 PXM 0 [mem 0x00000000-0x0009ffff]
[    0.000000] ACPI: SRAT: Node 0 PXM 0 [mem 0x00100000-0xa27fffff]
[    0.000000] NUMA: Node 0 [mem 0x00000000-0x0009ffff] + [mem 0x00100000-0xa27fffff] -> [mem 0x00000000-0xa27fffff]
[    0.000000] NODE_DATA(0) allocated [mem 0xa27fb000-0xa27fffff]
[    0.000000] Zone ranges:
[    0.000000]   DMA      [mem 0x0000000000001000-0x0000000000ffffff]
[    0.000000]   DMA32    [mem 0x0000000001000000-0x00000000a27fffff]
[    0.000000]   Normal   empty
[    0.000000]   Device   empty
[    0.000000] Movable zone start for each node
[    0.000000] Early memory node ranges
[    0.000000]   node   0: [mem 0x0000000000001000-0x000000000009dfff]
[    0.000000]   node   0: [mem 0x0000000000100000-0x00000000a26dffff]
[    0.000000]   node   0: [mem 0x00000000a2700000-0x00000000a27fffff]
[    0.000000] Initmem setup node 0 [mem 0x0000000000001000-0x00000000a27fffff]
[    0.000000] On node 0 totalpages: 665469
[    0.000000]   DMA zone: 64 pages used for memmap
[    0.000000]   DMA zone: 21 pages reserved
[    0.000000]   DMA zone: 3997 pages, LIFO batch:0
[    0.000000]   DMA32 zone: 10336 pages used for memmap
[    0.000000]   DMA32 zone: 661472 pages, LIFO batch:31
[    0.000000] ACPI: PM-Timer IO Port: 0x1008
[    0.000000] ACPI: Local APIC address 0xfee00000
[    0.000000] system APIC only can use physical flat
[    0.000000] ACPI: LAPIC_NMI (acpi_id[0x00] high edge lint[0x1])
[    0.000000] ACPI: LAPIC_NMI (acpi_id[0x01] high edge lint[0x1])
[    0.000000] ACPI: LAPIC_NMI (acpi_id[0x02] high edge lint[0x1])
[    0.000000] ACPI: LAPIC_NMI (acpi_id[0x03] high edge lint[0x1])
[    0.000000] ACPI: LAPIC_NMI (acpi_id[0x04] high edge lint[0x1])
[    0.000000] ACPI: LAPIC_NMI (acpi_id[0x05] high edge lint[0x1])
[    0.000000] ACPI: LAPIC_NMI (acpi_id[0x06] high edge lint[0x1])
[    0.000000] ACPI: LAPIC_NMI (acpi_id[0x07] high edge lint[0x1])
[    0.000000] ACPI: LAPIC_NMI (acpi_id[0x08] high edge lint[0x1])
[    0.000000] ACPI: LAPIC_NMI (acpi_id[0x09] high edge lint[0x1])
[    0.000000] ACPI: LAPIC_NMI (acpi_id[0x0a] high edge lint[0x1])
[    0.000000] ACPI: LAPIC_NMI (acpi_id[0x0b] high edge lint[0x1])
[    0.000000] ACPI: LAPIC_NMI (acpi_id[0x0c] high edge lint[0x1])
[    0.000000] ACPI: LAPIC_NMI (acpi_id[0x0d] high edge lint[0x1])
[    0.000000] ACPI: LAPIC_NMI (acpi_id[0x0e] high edge lint[0x1])
[    0.000000] ACPI: LAPIC_NMI (acpi_id[0x0f] high edge lint[0x1])
[    0.000000] ACPI: LAPIC_NMI (acpi_id[0x10] high edge lint[0x1])
[    0.000000] ACPI: LAPIC_NMI (acpi_id[0x11] high edge lint[0x1])
[    0.000000] ACPI: LAPIC_NMI (acpi_id[0x12] high edge lint[0x1])
[    0.000000] ACPI: LAPIC_NMI (acpi_id[0x13] high edge lint[0x1])
[    0.000000] ACPI: LAPIC_NMI (acpi_id[0x14] high edge lint[0x1])
[    0.000000] ACPI: LAPIC_NMI (acpi_id[0x15] high edge lint[0x1])
[    0.000000] ACPI: LAPIC_NMI (acpi_id[0x16] high edge lint[0x1])
[    0.000000] ACPI: LAPIC_NMI (acpi_id[0x17] high edge lint[0x1])
[    0.000000] ACPI: LAPIC_NMI (acpi_id[0x18] high edge lint[0x1])
[    0.000000] ACPI: LAPIC_NMI (acpi_id[0x19] high edge lint[0x1])
[    0.000000] ACPI: LAPIC_NMI (acpi_id[0x1a] high edge lint[0x1])
[    0.000000] ACPI: LAPIC_NMI (acpi_id[0x1b] high edge lint[0x1])
[    0.000000] ACPI: LAPIC_NMI (acpi_id[0x1c] high edge lint[0x1])
[    0.000000] ACPI: LAPIC_NMI (acpi_id[0x1d] high edge lint[0x1])
[    0.000000] ACPI: LAPIC_NMI (acpi_id[0x1e] high edge lint[0x1])
[    0.000000] ACPI: LAPIC_NMI (acpi_id[0x1f] high edge lint[0x1])
[    0.000000] ACPI: LAPIC_NMI (acpi_id[0x20] high edge lint[0x1])
[    0.000000] ACPI: LAPIC_NMI (acpi_id[0x21] high edge lint[0x1])
[    0.000000] ACPI: LAPIC_NMI (acpi_id[0x22] high edge lint[0x1])
[    0.000000] ACPI: LAPIC_NMI (acpi_id[0x23] high edge lint[0x1])
[    0.000000] ACPI: LAPIC_NMI (acpi_id[0x24] high edge lint[0x1])
[    0.000000] ACPI: LAPIC_NMI (acpi_id[0x25] high edge lint[0x1])
[    0.000000] ACPI: LAPIC_NMI (acpi_id[0x26] high edge lint[0x1])
[    0.000000] ACPI: LAPIC_NMI (acpi_id[0x27] high edge lint[0x1])
[    0.000000] ACPI: LAPIC_NMI (acpi_id[0x28] high edge lint[0x1])
[    0.000000] ACPI: LAPIC_NMI (acpi_id[0x29] high edge lint[0x1])
[    0.000000] ACPI: LAPIC_NMI (acpi_id[0x2a] high edge lint[0x1])
[    0.000000] ACPI: LAPIC_NMI (acpi_id[0x2b] high edge lint[0x1])
[    0.000000] ACPI: LAPIC_NMI (acpi_id[0x2c] high edge lint[0x1])
[    0.000000] ACPI: LAPIC_NMI (acpi_id[0x2d] high edge lint[0x1])
[    0.000000] ACPI: LAPIC_NMI (acpi_id[0x2e] high edge lint[0x1])
[    0.000000] ACPI: LAPIC_NMI (acpi_id[0x2f] high edge lint[0x1])
[    0.000000] ACPI: LAPIC_NMI (acpi_id[0x30] high edge lint[0x1])
[    0.000000] ACPI: LAPIC_NMI (acpi_id[0x31] high edge lint[0x1])
[    0.000000] ACPI: LAPIC_NMI (acpi_id[0x32] high edge lint[0x1])
[    0.000000] ACPI: LAPIC_NMI (acpi_id[0x33] high edge lint[0x1])
[    0.000000] ACPI: LAPIC_NMI (acpi_id[0x34] high edge lint[0x1])
[    0.000000] ACPI: LAPIC_NMI (acpi_id[0x35] high edge lint[0x1])
[    0.000000] ACPI: LAPIC_NMI (acpi_id[0x36] high edge lint[0x1])
[    0.000000] ACPI: LAPIC_NMI (acpi_id[0x37] high edge lint[0x1])
[    0.000000] ACPI: LAPIC_NMI (acpi_id[0x38] high edge lint[0x1])
[    0.000000] ACPI: LAPIC_NMI (acpi_id[0x39] high edge lint[0x1])
[    0.000000] ACPI: LAPIC_NMI (acpi_id[0x3a] high edge lint[0x1])
[    0.000000] ACPI: LAPIC_NMI (acpi_id[0x3b] high edge lint[0x1])
[    0.000000] ACPI: LAPIC_NMI (acpi_id[0x3c] high edge lint[0x1])
[    0.000000] ACPI: LAPIC_NMI (acpi_id[0x3d] high edge lint[0x1])
[    0.000000] ACPI: LAPIC_NMI (acpi_id[0x3e] high edge lint[0x1])
[    0.000000] ACPI: LAPIC_NMI (acpi_id[0x3f] high edge lint[0x1])
[    0.000000] ACPI: LAPIC_NMI (acpi_id[0x40] high edge lint[0x1])
[    0.000000] ACPI: LAPIC_NMI (acpi_id[0x41] high edge lint[0x1])
[    0.000000] ACPI: LAPIC_NMI (acpi_id[0x42] high edge lint[0x1])
[    0.000000] ACPI: LAPIC_NMI (acpi_id[0x43] high edge lint[0x1])
[    0.000000] ACPI: LAPIC_NMI (acpi_id[0x44] high edge lint[0x1])
[    0.000000] ACPI: LAPIC_NMI (acpi_id[0x45] high edge lint[0x1])
[    0.000000] ACPI: LAPIC_NMI (acpi_id[0x46] high edge lint[0x1])
[    0.000000] ACPI: LAPIC_NMI (acpi_id[0x47] high edge lint[0x1])
[    0.000000] ACPI: LAPIC_NMI (acpi_id[0x48] high edge lint[0x1])
[    0.000000] ACPI: LAPIC_NMI (acpi_id[0x49] high edge lint[0x1])
[    0.000000] ACPI: LAPIC_NMI (acpi_id[0x4a] high edge lint[0x1])
[    0.000000] ACPI: LAPIC_NMI (acpi_id[0x4b] high edge lint[0x1])
[    0.000000] ACPI: LAPIC_NMI (acpi_id[0x4c] high edge lint[0x1])
[    0.000000] ACPI: LAPIC_NMI (acpi_id[0x4d] high edge lint[0x1])
[    0.000000] ACPI: LAPIC_NMI (acpi_id[0x4e] high edge lint[0x1])
[    0.000000] ACPI: LAPIC_NMI (acpi_id[0x4f] high edge lint[0x1])
[    0.000000] ACPI: LAPIC_NMI (acpi_id[0x50] high edge lint[0x1])
[    0.000000] ACPI: LAPIC_NMI (acpi_id[0x51] high edge lint[0x1])
[    0.000000] ACPI: LAPIC_NMI (acpi_id[0x52] high edge lint[0x1])
[    0.000000] ACPI: LAPIC_NMI (acpi_id[0x53] high edge lint[0x1])
[    0.000000] ACPI: LAPIC_NMI (acpi_id[0x54] high edge lint[0x1])
[    0.000000] ACPI: LAPIC_NMI (acpi_id[0x55] high edge lint[0x1])
[    0.000000] ACPI: LAPIC_NMI (acpi_id[0x56] high edge lint[0x1])
[    0.000000] ACPI: LAPIC_NMI (acpi_id[0x57] high edge lint[0x1])
[    0.000000] ACPI: LAPIC_NMI (acpi_id[0x58] high edge lint[0x1])
[    0.000000] ACPI: LAPIC_NMI (acpi_id[0x59] high edge lint[0x1])
[    0.000000] ACPI: LAPIC_NMI (acpi_id[0x5a] high edge lint[0x1])
[    0.000000] ACPI: LAPIC_NMI (acpi_id[0x5b] high edge lint[0x1])
[    0.000000] ACPI: LAPIC_NMI (acpi_id[0x5c] high edge lint[0x1])
[    0.000000] ACPI: LAPIC_NMI (acpi_id[0x5d] high edge lint[0x1])
[    0.000000] ACPI: LAPIC_NMI (acpi_id[0x5e] high edge lint[0x1])
[    0.000000] ACPI: LAPIC_NMI (acpi_id[0x5f] high edge lint[0x1])
[    0.000000] ACPI: LAPIC_NMI (acpi_id[0x60] high edge lint[0x1])
[    0.000000] ACPI: LAPIC_NMI (acpi_id[0x61] high edge lint[0x1])
[    0.000000] ACPI: LAPIC_NMI (acpi_id[0x62] high edge lint[0x1])
[    0.000000] ACPI: LAPIC_NMI (acpi_id[0x63] high edge lint[0x1])
[    0.000000] ACPI: LAPIC_NMI (acpi_id[0x64] high edge lint[0x1])
[    0.000000] ACPI: LAPIC_NMI (acpi_id[0x65] high edge lint[0x1])
[    0.000000] ACPI: LAPIC_NMI (acpi_id[0x66] high edge lint[0x1])
[    0.000000] ACPI: LAPIC_NMI (acpi_id[0x67] high edge lint[0x1])
[    0.000000] ACPI: LAPIC_NMI (acpi_id[0x68] high edge lint[0x1])
[    0.000000] ACPI: LAPIC_NMI (acpi_id[0x69] high edge lint[0x1])
[    0.000000] ACPI: LAPIC_NMI (acpi_id[0x6a] high edge lint[0x1])
[    0.000000] ACPI: LAPIC_NMI (acpi_id[0x6b] high edge lint[0x1])
[    0.000000] ACPI: LAPIC_NMI (acpi_id[0x6c] high edge lint[0x1])
[    0.000000] ACPI: LAPIC_NMI (acpi_id[0x6d] high edge lint[0x1])
[    0.000000] ACPI: LAPIC_NMI (acpi_id[0x6e] high edge lint[0x1])
[    0.000000] ACPI: LAPIC_NMI (acpi_id[0x6f] high edge lint[0x1])
[    0.000000] ACPI: LAPIC_NMI (acpi_id[0x70] high edge lint[0x1])
[    0.000000] ACPI: LAPIC_NMI (acpi_id[0x71] high edge lint[0x1])
[    0.000000] ACPI: LAPIC_NMI (acpi_id[0x72] high edge lint[0x1])
[    0.000000] ACPI: LAPIC_NMI (acpi_id[0x73] high edge lint[0x1])
[    0.000000] ACPI: LAPIC_NMI (acpi_id[0x74] high edge lint[0x1])
[    0.000000] ACPI: LAPIC_NMI (acpi_id[0x75] high edge lint[0x1])
[    0.000000] ACPI: LAPIC_NMI (acpi_id[0x76] high edge lint[0x1])
[    0.000000] ACPI: LAPIC_NMI (acpi_id[0x77] high edge lint[0x1])
[    0.000000] ACPI: LAPIC_NMI (acpi_id[0x78] high edge lint[0x1])
[    0.000000] ACPI: LAPIC_NMI (acpi_id[0x79] high edge lint[0x1])
[    0.000000] ACPI: LAPIC_NMI (acpi_id[0x7a] high edge lint[0x1])
[    0.000000] ACPI: LAPIC_NMI (acpi_id[0x7b] high edge lint[0x1])
[    0.000000] ACPI: LAPIC_NMI (acpi_id[0x7c] high edge lint[0x1])
[    0.000000] ACPI: LAPIC_NMI (acpi_id[0x7d] high edge lint[0x1])
[    0.000000] ACPI: LAPIC_NMI (acpi_id[0x7e] high edge lint[0x1])
[    0.000000] ACPI: LAPIC_NMI (acpi_id[0x7f] high edge lint[0x1])
[    0.000000] IOAPIC[0]: apic_id 128, version 17, address 0xfec00000, GSI 0-23
[    0.000000] ACPI: INT_SRC_OVR (bus 0 bus_irq 0 global_irq 2 high edge)
[    0.000000] ACPI: IRQ0 used by override.
[    0.000000] ACPI: IRQ9 used by override.
[    0.000000] Using ACPI (MADT) for SMP configuration information
[    0.000000] ACPI: HPET id: 0x8086af01 base: 0xfed00000
[    0.000000] smpboot: Allowing 128 CPUs, 120 hotplug CPUs
[    0.000000] PM: Registered nosave memory: [mem 0x00000000-0x00000fff]
[    0.000000] PM: Registered nosave memory: [mem 0x0009e000-0x0009efff]
[    0.000000] PM: Registered nosave memory: [mem 0x0009f000-0x0009ffff]
[    0.000000] PM: Registered nosave memory: [mem 0x000a0000-0x000dbfff]
[    0.000000] PM: Registered nosave memory: [mem 0x000dc000-0x000fffff]
[    0.000000] PM: Registered nosave memory: [mem 0xa26e0000-0xa26fefff]
[    0.000000] PM: Registered nosave memory: [mem 0xa26ff000-0xa26fffff]
[    0.000000] e820: [mem 0xa2800000-0xefffffff] available for PCI devices
[    0.000000] Booting paravirtualized kernel on bare hardware
[    0.000000] clocksource: refined-jiffies: mask: 0xffffffff max_cycles: 0xffffffff, max_idle_ns: 7645519600211568 ns
[    0.000000] setup_percpu: NR_CPUS:512 nr_cpumask_bits:512 nr_cpu_ids:128 nr_node_ids:1
[    0.000000] percpu: Embedded 35 pages/cpu @ffff8d1edd400000 s103768 r8192 d31400 u262144
[    0.000000] pcpu-alloc: s103768 r8192 d31400 u262144 alloc=1*2097152
[    0.000000] pcpu-alloc: [0] 000 001 002 003 004 005 006 007 
[    0.000000] pcpu-alloc: [0] 008 009 010 011 012 013 014 015 
[    0.000000] pcpu-alloc: [0] 016 017 018 019 020 021 022 023 
[    0.000000] pcpu-alloc: [0] 024 025 026 027 028 029 030 031 
[    0.000000] pcpu-alloc: [0] 032 033 034 035 036 037 038 039 
[    0.000000] pcpu-alloc: [0] 040 041 042 043 044 045 046 047 
[    0.000000] pcpu-alloc: [0] 048 049 050 051 052 053 054 055 
[    0.000000] pcpu-alloc: [0] 056 057 058 059 060 061 062 063 
[    0.000000] pcpu-alloc: [0] 064 065 066 067 068 069 070 071 
[    0.000000] pcpu-alloc: [0] 072 073 074 075 076 077 078 079 
[    0.000000] pcpu-alloc: [0] 080 081 082 083 084 085 086 087 
[    0.000000] pcpu-alloc: [0] 088 089 090 091 092 093 094 095 
[    0.000000] pcpu-alloc: [0] 096 097 098 099 100 101 102 103 
[    0.000000] pcpu-alloc: [0] 104 105 106 107 108 109 110 111 
[    0.000000] pcpu-alloc: [0] 112 113 114 115 116 117 118 119 
[    0.000000] pcpu-alloc: [0] 120 121 122 123 124 125 126 127 
[    0.000000] Built 1 zonelists in Node order, mobility grouping on.  Total pages: 655048
[    0.000000] Policy zone: DMA32
[    0.000000] Kernel command line: BOOT_IMAGE=/boot/vmlinuz-4.9.0-1-amd64 root=UUID=8b1a7aae-1f63-4bed-b724-083ded4c8987 ro quiet
[    0.000000] log_buf_len individual max cpu contribution: 4096 bytes
[    0.000000] log_buf_len total cpu_extra contributions: 520192 bytes
[    0.000000] log_buf_len min size: 131072 bytes
[    0.000000] log_buf_len: 1048576 bytes
[    0.000000] early log buf free: 106272(81%)
[    0.000000] PID hash table entries: 4096 (order: 3, 32768 bytes)
[    0.000000] Calgary: detecting Calgary via BIOS EBDA area
[    0.000000] Calgary: Unable to locate Rio Grande table in EBDA - bailing!
[    0.000000] Memory: 2579056K/2661876K available (6146K kernel code, 1134K rwdata, 2844K rodata, 1392K init, 812K bss, 82820K reserved, 0K cma-reserved)
[    0.000000] Hierarchical RCU implementation.
[    0.000000] 	Build-time adjustment of leaf fanout to 64.
[    0.000000] 	RCU restricting CPUs from NR_CPUS=512 to nr_cpu_ids=128.
[    0.000000] RCU: Adjusting geometry for rcu_fanout_leaf=64, nr_cpu_ids=128
[    0.000000] NR_IRQS:33024 nr_irqs:1448 16
[    0.000000] Console: colour VGA+ 80x25
[    0.000000] console [tty0] enabled
[    0.000000] clocksource: hpet: mask: 0xffffffff max_cycles: 0xffffffff, max_idle_ns: 133484882848 ns
[    0.000000] hpet clockevent registered
[    0.000000] tsc: Fast TSC calibration using PIT
[    0.000000] TSC freq read from hypervisor : 3499.029 MHz
[    0.000000] tsc: Detected 3498.704 MHz processor
[    0.000123] Calibrating delay loop (skipped) preset value.. 6998.05 BogoMIPS (lpj=13996116)
[    0.000128] pid_max: default: 131072 minimum: 1024
[    0.000190] ACPI: Core revision 20160831
[    0.001823] ACPI: 1 ACPI AML tables successfully acquired and loaded
[    0.001886] Security Framework initialized
[    0.001887] Yama: disabled by default; enable with sysctl kernel.yama.*
[    0.001891] AppArmor: AppArmor disabled by boot time parameter
[    0.001954] Dentry cache hash table entries: 524288 (order: 10, 4194304 bytes)
[    0.005820] Inode-cache hash table entries: 262144 (order: 9, 2097152 bytes)
[    0.005882] Mount-cache hash table entries: 8192 (order: 4, 65536 bytes)
[    0.005885] Mountpoint-cache hash table entries: 8192 (order: 4, 65536 bytes)
[    0.005947] Disabled fast string operations
[    0.005950] CPU: Physical Processor ID: 0
[    0.005951] CPU: Processor Core ID: 0
[    0.005966] mce: CPU supports 0 MCE banks
[    0.005981] Last level iTLB entries: 4KB 1024, 2MB 1024, 4MB 1024
[    0.005982] Last level dTLB entries: 4KB 1024, 2MB 1024, 4MB 1024, 1GB 4
[    0.006045] Freeing SMP alternatives memory: 24K (ffffffffa0879000 - ffffffffa087f000)
[    0.009896] ftrace: allocating 24999 entries in 98 pages
[    0.010219] smpboot: Max logical packages: 16
[    0.010282] x2apic enabled
[    0.010344] Switched APIC routing to physical x2apic.
[    0.010570] ..TIMER: vector=0x30 apic1=0 pin1=2 apic2=-1 pin2=-1
[    0.010597] TSC deadline timer enabled
[    0.010635] smpboot: CPU0: Intel(R) Core(TM) i7-4770K CPU @ 3.50GHz (family: 0x6, model: 0x3c, stepping: 0x3)
[    0.010638] Performance Events: Haswell events, core PMU driver.
[    0.010675] core: CPUID marked event: 'cpu cycles' unavailable
[    0.010676] core: CPUID marked event: 'instructions' unavailable
[    0.010676] core: CPUID marked event: 'bus cycles' unavailable
[    0.010677] core: CPUID marked event: 'cache references' unavailable
[    0.010677] core: CPUID marked event: 'cache misses' unavailable
[    0.010678] core: CPUID marked event: 'branch instructions' unavailable
[    0.010678] core: CPUID marked event: 'branch misses' unavailable
[    0.010680] ... version:                1
[    0.010681] ... bit width:              48
[    0.010681] ... generic registers:      4
[    0.010682] ... value mask:             0000ffffffffffff
[    0.010683] ... max period:             000000007fffffff
[    0.010683] ... fixed-purpose events:   0
[    0.010684] ... event mask:             000000000000000f
[    0.017621] NMI watchdog: disabled (cpu0): hardware events not enabled
[    0.017622] NMI watchdog: Shutting down hard lockup detector on all cpus
[    0.018151] x86: Booting SMP configuration:
[    0.018152] .... node  #0, CPUs:          #1
[    0.019218] Disabled fast string operations
[    0.019241] mce: CPU supports 0 MCE banks
[    0.019819]    #2
[    0.021041] Disabled fast string operations
[    0.021062] mce: CPU supports 0 MCE banks
[    0.021657]    #3
[    0.022723] Disabled fast string operations
[    0.022744] mce: CPU supports 0 MCE banks
[    0.023229]    #4
[    0.024365] Disabled fast string operations
[    0.024386] mce: CPU supports 0 MCE banks
[    0.024982]    #5
[    0.026199] Disabled fast string operations
[    0.026221] mce: CPU supports 0 MCE banks
[    0.026784]    #6
[    0.027387] Disabled fast string operations
[    0.027408] mce: CPU supports 0 MCE banks
[    0.027982]    #7
[    0.029068] Disabled fast string operations
[    0.029089] mce: CPU supports 0 MCE banks
[    0.029119] x86: Booted up 1 node, 8 CPUs
[    0.029119] smpboot: Total of 8 processors activated (55984.46 BogoMIPS)
[    0.036881] devtmpfs: initialized
[    0.036951] x86/mm: Memory block size: 128MB
[    0.038061] PM: Registering ACPI NVS region [mem 0xa26ff000-0xa26fffff] (4096 bytes)
[    0.038208] clocksource: jiffies: mask: 0xffffffff max_cycles: 0xffffffff, max_idle_ns: 7645041785100000 ns
[    0.038498] pinctrl core: initialized pinctrl subsystem
[    0.038879] NET: Registered protocol family 16
[    0.051801] cpuidle: using governor ladder
[    0.067876] cpuidle: using governor menu
[    0.067920] Simple Boot Flag at 0x36 set to 0x80
[    0.067984] ACPI: bus type PCI registered
[    0.067988] acpiphp: ACPI Hot Plug PCI Controller Driver version: 0.5
[    0.068772] PCI: MMCONFIG for domain 0000 [bus 00-7f] at [mem 0xf0000000-0xf7ffffff] (base 0xf0000000)
[    0.068776] PCI: MMCONFIG at [mem 0xf0000000-0xf7ffffff] reserved in E820
[    0.068790] pmd_set_huge: Cannot satisfy [mem 0xf0000000-0xf0200000] with a huge-page mapping due to MTRR override.
[    0.070197] PCI: Using configuration type 1 for base access
[    0.071817] core: PMU erratum BJ122, BV98, HSD29 workaround disabled, HT off
[    0.087686] HugeTLB registered 1 GB page size, pre-allocated 0 pages
[    0.087688] HugeTLB registered 2 MB page size, pre-allocated 0 pages
[    0.091302] ACPI: Added _OSI(Module Device)
[    0.091304] ACPI: Added _OSI(Processor Device)
[    0.091306] ACPI: Added _OSI(3.0 _SCP Extensions)
[    0.091308] ACPI: Added _OSI(Processor Aggregator Device)
[    0.094410] ACPI: [Firmware Bug]: BIOS _OSI(Linux) query ignored
[    0.107981] ACPI: Interpreter enabled
[    0.107981] ACPI: (supports S0 S1 S4 S5)
[    0.107981] ACPI: Using IOAPIC for interrupt routing
[    0.107981] PCI: Using host bridge windows from ACPI; if necessary, use "pci=nocrs" and report a bug
[    0.131513] ACPI: PCI Root Bridge [PCI0] (domain 0000 [bus 00-7f])
[    0.131518] acpi PNP0A03:00: _OSC: OS supports [ExtendedConfig ASPM ClockPM Segments MSI]
[    0.131629] acpi PNP0A03:00: _OSC: platform does not support [AER]
[    0.131739] acpi PNP0A03:00: _OSC: OS now controls [PCIeHotplug PME PCIeCapability]
[    0.131896] PCI host bridge to bus 0000:00
[    0.131913] pci_bus 0000:00: root bus resource [mem 0x000a0000-0x000bffff window]
[    0.131929] pci_bus 0000:00: root bus resource [mem 0x000cc000-0x000cffff window]
[    0.131942] pci_bus 0000:00: root bus resource [mem 0x000d0000-0x000d3fff window]
[    0.131953] pci_bus 0000:00: root bus resource [mem 0x000d4000-0x000d7fff window]
[    0.131964] pci_bus 0000:00: root bus resource [mem 0x000d8000-0x000dbfff window]
[    0.131972] pci_bus 0000:00: root bus resource [mem 0xa2800000-0xfebfffff window]
[    0.131980] pci_bus 0000:00: root bus resource [io  0x0000-0x0cf7 window]
[    0.131987] pci_bus 0000:00: root bus resource [io  0x0d00-0xfeff window]
[    0.131993] pci_bus 0000:00: root bus resource [bus 00-7f]
[    0.132044] pci 0000:00:00.0: [8086:7190] type 00 class 0x060000
[    0.132046] pci 0000:00:01.0: [8086:7191] type 01 class 0x060400
[    0.132047] pci 0000:00:07.0: [8086:7110] type 00 class 0x060100
[    0.132066] pci 0000:00:07.1: [8086:7111] type 00 class 0x01018a
[    0.132267] pci 0000:00:07.1: reg 0x20: [io  0x1060-0x106f]
[    0.133366] pci 0000:00:07.1: legacy IDE quirk: reg 0x10: [io  0x01f0-0x01f7]
[    0.133367] pci 0000:00:07.1: legacy IDE quirk: reg 0x14: [io  0x03f6]
[    0.133367] pci 0000:00:07.1: legacy IDE quirk: reg 0x18: [io  0x0170-0x0177]
[    0.133368] pci 0000:00:07.1: legacy IDE quirk: reg 0x1c: [io  0x0376]
[    0.133553] pci 0000:00:07.3: [8086:7113] type 00 class 0x068000
[    0.134910] pci 0000:00:07.3: quirk: [io  0x1000-0x103f] claimed by PIIX4 ACPI
[    0.134917] pci 0000:00:07.3: quirk: [io  0x1040-0x104f] claimed by PIIX4 SMB
[    0.135135] pci 0000:00:07.7: [15ad:0740] type 00 class 0x088000
[    0.135742] pci 0000:00:07.7: reg 0x10: [io  0x1080-0x10bf]
[    0.136045] pci 0000:00:07.7: reg 0x14: [mem 0xfebfe000-0xfebfffff 64bit]
[    0.137582] pci 0000:00:0f.0: [15ad:0405] type 00 class 0x030000
[    0.139912] pci 0000:00:0f.0: reg 0x10: [io  0x1070-0x107f]
[    0.140590] pci 0000:00:0f.0: reg 0x14: [mem 0xe8000000-0xefffffff pref]
[    0.141572] pci 0000:00:0f.0: reg 0x18: [mem 0xfe000000-0xfe7fffff]
[    0.147788] pci 0000:00:0f.0: reg 0x30: [mem 0x00000000-0x00007fff pref]
[    0.147802] pci 0000:00:10.0: [1000:0030] type 00 class 0x010000
[    0.148124] pci 0000:00:10.0: reg 0x10: [io  0x1400-0x14ff]
[    0.148809] pci 0000:00:10.0: reg 0x14: [mem 0xfeba0000-0xfebbffff 64bit]
[    0.149390] pci 0000:00:10.0: reg 0x1c: [mem 0xfebc0000-0xfebdffff 64bit]
[    0.150912] pci 0000:00:10.0: reg 0x30: [mem 0x00000000-0x00003fff pref]
[    0.151188] pci 0000:00:11.0: [15ad:0790] type 01 class 0x060401
[    0.151534] pci 0000:00:11.0: System wakeup disabled by ACPI
[    0.151650] pci 0000:00:15.0: [15ad:07a0] type 01 class 0x060400
[    0.152046] pci 0000:00:15.0: PME# supported from D0 D3hot D3cold
[    0.152124] pci 0000:00:15.0: System wakeup disabled by ACPI
[    0.152125] pci 0000:00:15.1: [15ad:07a0] type 01 class 0x060400
[    0.152125] pci 0000:00:15.1: PME# supported from D0 D3hot D3cold
[    0.152125] pci 0000:00:15.1: System wakeup disabled by ACPI
[    0.152125] pci 0000:00:15.2: [15ad:07a0] type 01 class 0x060400
[    0.152139] pci 0000:00:15.2: PME# supported from D0 D3hot D3cold
[    0.152141] pci 0000:00:15.2: System wakeup disabled by ACPI
[    0.152143] pci 0000:00:15.3: [15ad:07a0] type 01 class 0x060400
[    0.152145] pci 0000:00:15.3: PME# supported from D0 D3hot D3cold
[    0.152146] pci 0000:00:15.3: System wakeup disabled by ACPI
[    0.152147] pci 0000:00:15.4: [15ad:07a0] type 01 class 0x060400
[    0.152191] pci 0000:00:15.4: PME# supported from D0 D3hot D3cold
[    0.152221] pci 0000:00:15.4: System wakeup disabled by ACPI
[    0.152248] pci 0000:00:15.5: [15ad:07a0] type 01 class 0x060400
[    0.152271] pci 0000:00:15.5: PME# supported from D0 D3hot D3cold
[    0.152447] pci 0000:00:15.5: System wakeup disabled by ACPI
[    0.152455] pci 0000:00:15.6: [15ad:07a0] type 01 class 0x060400
[    0.152462] pci 0000:00:15.6: PME# supported from D0 D3hot D3cold
[    0.152469] pci 0000:00:15.6: System wakeup disabled by ACPI
[    0.152474] pci 0000:00:15.7: [15ad:07a0] type 01 class 0x060400
[    0.152733] pci 0000:00:15.7: PME# supported from D0 D3hot D3cold
[    0.152740] pci 0000:00:15.7: System wakeup disabled by ACPI
[    0.152747] pci 0000:00:16.0: [15ad:07a0] type 01 class 0x060400
[    0.152753] pci 0000:00:16.0: PME# supported from D0 D3hot D3cold
[    0.152758] pci 0000:00:16.0: System wakeup disabled by ACPI
[    0.152847] pci 0000:00:16.1: [15ad:07a0] type 01 class 0x060400
[    0.152859] pci 0000:00:16.1: PME# supported from D0 D3hot D3cold
[    0.152871] pci 0000:00:16.1: System wakeup disabled by ACPI
[    0.152881] pci 0000:00:16.2: [15ad:07a0] type 01 class 0x060400
[    0.153004] pci 0000:00:16.2: PME# supported from D0 D3hot D3cold
[    0.153120] pci 0000:00:16.2: System wakeup disabled by ACPI
[    0.153222] pci 0000:00:16.3: [15ad:07a0] type 01 class 0x060400
[    0.153622] pci 0000:00:16.3: PME# supported from D0 D3hot D3cold
[    0.153749] pci 0000:00:16.3: System wakeup disabled by ACPI
[    0.153852] pci 0000:00:16.4: [15ad:07a0] type 01 class 0x060400
[    0.154249] pci 0000:00:16.4: PME# supported from D0 D3hot D3cold
[    0.154365] pci 0000:00:16.4: System wakeup disabled by ACPI
[    0.154461] pci 0000:00:16.5: [15ad:07a0] type 01 class 0x060400
[    0.154856] pci 0000:00:16.5: PME# supported from D0 D3hot D3cold
[    0.154989] pci 0000:00:16.5: System wakeup disabled by ACPI
[    0.155090] pci 0000:00:16.6: [15ad:07a0] type 01 class 0x060400
[    0.155485] pci 0000:00:16.6: PME# supported from D0 D3hot D3cold
[    0.155610] pci 0000:00:16.6: System wakeup disabled by ACPI
[    0.155715] pci 0000:00:16.7: [15ad:07a0] type 01 class 0x060400
[    0.156116] pci 0000:00:16.7: PME# supported from D0 D3hot D3cold
[    0.156116] pci 0000:00:16.7: System wakeup disabled by ACPI
[    0.156117] pci 0000:00:17.0: [15ad:07a0] type 01 class 0x060400
[    0.156118] pci 0000:00:17.0: PME# supported from D0 D3hot D3cold
[    0.156118] pci 0000:00:17.0: System wakeup disabled by ACPI
[    0.156123] pci 0000:00:17.1: [15ad:07a0] type 01 class 0x060400
[    0.156200] pci 0000:00:17.1: PME# supported from D0 D3hot D3cold
[    0.156230] pci 0000:00:17.1: System wakeup disabled by ACPI
[    0.156257] pci 0000:00:17.2: [15ad:07a0] type 01 class 0x060400
[    0.156475] pci 0000:00:17.2: PME# supported from D0 D3hot D3cold
[    0.156481] pci 0000:00:17.2: System wakeup disabled by ACPI
[    0.156486] pci 0000:00:17.3: [15ad:07a0] type 01 class 0x060400
[    0.156491] pci 0000:00:17.3: PME# supported from D0 D3hot D3cold
[    0.156495] pci 0000:00:17.3: System wakeup disabled by ACPI
[    0.156499] pci 0000:00:17.4: [15ad:07a0] type 01 class 0x060400
[    0.156779] pci 0000:00:17.4: PME# supported from D0 D3hot D3cold
[    0.156782] pci 0000:00:17.4: System wakeup disabled by ACPI
[    0.156785] pci 0000:00:17.5: [15ad:07a0] type 01 class 0x060400
[    0.156787] pci 0000:00:17.5: PME# supported from D0 D3hot D3cold
[    0.156789] pci 0000:00:17.5: System wakeup disabled by ACPI
[    0.156887] pci 0000:00:17.6: [15ad:07a0] type 01 class 0x060400
[    0.156895] pci 0000:00:17.6: PME# supported from D0 D3hot D3cold
[    0.156903] pci 0000:00:17.6: System wakeup disabled by ACPI
[    0.156909] pci 0000:00:17.7: [15ad:07a0] type 01 class 0x060400
[    0.157038] pci 0000:00:17.7: PME# supported from D0 D3hot D3cold
[    0.157170] pci 0000:00:17.7: System wakeup disabled by ACPI
[    0.157264] pci 0000:00:18.0: [15ad:07a0] type 01 class 0x060400
[    0.157664] pci 0000:00:18.0: PME# supported from D0 D3hot D3cold
[    0.157780] pci 0000:00:18.0: System wakeup disabled by ACPI
[    0.157886] pci 0000:00:18.1: [15ad:07a0] type 01 class 0x060400
[    0.158288] pci 0000:00:18.1: PME# supported from D0 D3hot D3cold
[    0.158404] pci 0000:00:18.1: System wakeup disabled by ACPI
[    0.158499] pci 0000:00:18.2: [15ad:07a0] type 01 class 0x060400
[    0.158894] pci 0000:00:18.2: PME# supported from D0 D3hot D3cold
[    0.159024] pci 0000:00:18.2: System wakeup disabled by ACPI
[    0.159117] pci 0000:00:18.3: [15ad:07a0] type 01 class 0x060400
[    0.159511] pci 0000:00:18.3: PME# supported from D0 D3hot D3cold
[    0.159636] pci 0000:00:18.3: System wakeup disabled by ACPI
[    0.159741] pci 0000:00:18.4: [15ad:07a0] type 01 class 0x060400
[    0.159790] pci 0000:00:18.4: PME# supported from D0 D3hot D3cold
[    0.159833] pci 0000:00:18.4: System wakeup disabled by ACPI
[    0.159870] pci 0000:00:18.5: [15ad:07a0] type 01 class 0x060400
[    0.159903] pci 0000:00:18.5: PME# supported from D0 D3hot D3cold
[    0.159931] pci 0000:00:18.5: System wakeup disabled by ACPI
[    0.160142] pci 0000:00:18.6: [15ad:07a0] type 01 class 0x060400
[    0.160158] pci 0000:00:18.6: PME# supported from D0 D3hot D3cold
[    0.160160] pci 0000:00:18.6: System wakeup disabled by ACPI
[    0.160162] pci 0000:00:18.7: [15ad:07a0] type 01 class 0x060400
[    0.160223] pci 0000:00:18.7: PME# supported from D0 D3hot D3cold
[    0.160339] pci 0000:00:18.7: System wakeup disabled by ACPI
[    0.160354] pci 0000:00:01.0: PCI bridge to [bus 01]
[    0.160366] acpiphp: Slot [32] registered
[    0.160377] acpiphp: Slot [33] registered
[    0.160387] acpiphp: Slot [34] registered
[    0.160395] acpiphp: Slot [35] registered
[    0.160402] acpiphp: Slot [36] registered
[    0.160409] acpiphp: Slot [37] registered
[    0.160415] acpiphp: Slot [38] registered
[    0.160419] acpiphp: Slot [39] registered
[    0.160424] acpiphp: Slot [40] registered
[    0.160428] acpiphp: Slot [41] registered
[    0.160431] acpiphp: Slot [42] registered
[    0.160434] acpiphp: Slot [43] registered
[    0.160436] acpiphp: Slot [44] registered
[    0.160461] acpiphp: Slot [45] registered
[    0.160483] acpiphp: Slot [46] registered
[    0.160505] acpiphp: Slot [47] registered
[    0.160518] acpiphp: Slot [48] registered
[    0.160530] acpiphp: Slot [49] registered
[    0.160531] acpiphp: Slot [50] registered
[    0.160531] acpiphp: Slot [51] registered
[    0.160532] acpiphp: Slot [52] registered
[    0.160532] acpiphp: Slot [53] registered
[    0.160532] acpiphp: Slot [54] registered
[    0.160532] acpiphp: Slot [55] registered
[    0.160533] acpiphp: Slot [56] registered
[    0.160533] acpiphp: Slot [57] registered
[    0.160533] acpiphp: Slot [58] registered
[    0.160533] acpiphp: Slot [59] registered
[    0.160533] acpiphp: Slot [60] registered
[    0.160533] acpiphp: Slot [61] registered
[    0.160533] acpiphp: Slot [62] registered
[    0.160534] acpiphp: Slot [63] registered
[    0.160534] pci 0000:02:01.0: [8086:100f] type 00 class 0x020000
[    0.161296] pci 0000:02:01.0: reg 0x10: [mem 0xfd5c0000-0xfd5dffff 64bit]
[    0.162101] pci 0000:02:01.0: reg 0x18: [mem 0xfdff0000-0xfdffffff 64bit]
[    0.163005] pci 0000:02:01.0: reg 0x20: [io  0x2000-0x203f]
[    0.164193] pci 0000:02:01.0: reg 0x30: [mem 0x00000000-0x0000ffff pref]
[    0.164460] pci 0000:02:01.0: System wakeup disabled by ACPI
[    0.164461] pci 0000:00:11.0: PCI bridge to [bus 02] (subtractive decode)
[    0.164461] pci 0000:00:11.0:   bridge window [io  0x2000-0x3fff]
[    0.164462] pci 0000:00:11.0:   bridge window [mem 0xfd500000-0xfdffffff]
[    0.164462] pci 0000:00:11.0:   bridge window [mem 0xe7b00000-0xe7ffffff 64bit pref]
[    0.164462] pci 0000:00:11.0:   bridge window [mem 0x000a0000-0x000bffff window] (subtractive decode)
[    0.164463] pci 0000:00:11.0:   bridge window [mem 0x000cc000-0x000cffff window] (subtractive decode)
[    0.164463] pci 0000:00:11.0:   bridge window [mem 0x000d0000-0x000d3fff window] (subtractive decode)
[    0.164463] pci 0000:00:11.0:   bridge window [mem 0x000d4000-0x000d7fff window] (subtractive decode)
[    0.164463] pci 0000:00:11.0:   bridge window [mem 0x000d8000-0x000dbfff window] (subtractive decode)
[    0.164463] pci 0000:00:11.0:   bridge window [mem 0xa2800000-0xfebfffff window] (subtractive decode)
[    0.164463] pci 0000:00:11.0:   bridge window [io  0x0000-0x0cf7 window] (subtractive decode)
[    0.164464] pci 0000:00:11.0:   bridge window [io  0x0d00-0xfeff window] (subtractive decode)
[    0.164464] pci 0000:00:15.0: PCI bridge to [bus 03]
[    0.164464] pci 0000:00:15.0:   bridge window [io  0x4000-0x4fff]
[    0.164464] pci 0000:00:15.0:   bridge window [mem 0xfd400000-0xfd4fffff]
[    0.164464] pci 0000:00:15.0:   bridge window [mem 0xe7a00000-0xe7afffff 64bit pref]
[    0.164683] pci 0000:00:15.1: PCI bridge to [bus 04]
[    0.164696] pci 0000:00:15.1:   bridge window [io  0x8000-0x8fff]
[    0.164708] pci 0000:00:15.1:   bridge window [mem 0xfd000000-0xfd0fffff]
[    0.164732] pci 0000:00:15.1:   bridge window [mem 0xe7600000-0xe76fffff 64bit pref]
[    0.164743] pci 0000:00:15.2: PCI bridge to [bus 05]
[    0.164752] pci 0000:00:15.2:   bridge window [io  0xc000-0xcfff]
[    0.164760] pci 0000:00:15.2:   bridge window [mem 0xfcc00000-0xfccfffff]
[    0.164768] pci 0000:00:15.2:   bridge window [mem 0xe7200000-0xe72fffff 64bit pref]
[    0.164774] pci 0000:00:15.3: PCI bridge to [bus 06]
[    0.164779] pci 0000:00:15.3:   bridge window [mem 0xfc800000-0xfc8fffff]
[    0.164784] pci 0000:00:15.3:   bridge window [mem 0xe6e00000-0xe6efffff 64bit pref]
[    0.165045] pci 0000:00:15.4: PCI bridge to [bus 07]
[    0.165069] pci 0000:00:15.4:   bridge window [mem 0xfc400000-0xfc4fffff]
[    0.165092] pci 0000:00:15.4:   bridge window [mem 0xe6a00000-0xe6afffff 64bit pref]
[    0.165119] pci 0000:00:15.5: PCI bridge to [bus 08]
[    0.165142] pci 0000:00:15.5:   bridge window [mem 0xfc000000-0xfc0fffff]
[    0.165162] pci 0000:00:15.5:   bridge window [mem 0xe6600000-0xe66fffff 64bit pref]
[    0.165179] pci 0000:00:15.6: PCI bridge to [bus 09]
[    0.165195] pci 0000:00:15.6:   bridge window [mem 0xfbc00000-0xfbcfffff]
[    0.165208] pci 0000:00:15.6:   bridge window [mem 0xe6200000-0xe62fffff 64bit pref]
[    0.165557] pci 0000:00:15.7: PCI bridge to [bus 0a]
[    0.165580] pci 0000:00:15.7:   bridge window [mem 0xfb800000-0xfb8fffff]
[    0.165604] pci 0000:00:15.7:   bridge window [mem 0xe5e00000-0xe5efffff 64bit pref]
[    0.165867] pci 0000:00:16.0: PCI bridge to [bus 0b]
[    0.165880] pci 0000:00:16.0:   bridge window [io  0x5000-0x5fff]
[    0.165892] pci 0000:00:16.0:   bridge window [mem 0xfd300000-0xfd3fffff]
[    0.165916] pci 0000:00:16.0:   bridge window [mem 0xe7900000-0xe79fffff 64bit pref]
[    0.166209] pci 0000:00:16.1: PCI bridge to [bus 0c]
[    0.166222] pci 0000:00:16.1:   bridge window [io  0x9000-0x9fff]
[    0.166234] pci 0000:00:16.1:   bridge window [mem 0xfcf00000-0xfcffffff]
[    0.166258] pci 0000:00:16.1:   bridge window [mem 0xe7500000-0xe75fffff 64bit pref]
[    0.166536] pci 0000:00:16.2: PCI bridge to [bus 0d]
[    0.166549] pci 0000:00:16.2:   bridge window [io  0xd000-0xdfff]
[    0.166561] pci 0000:00:16.2:   bridge window [mem 0xfcb00000-0xfcbfffff]
[    0.166585] pci 0000:00:16.2:   bridge window [mem 0xe7100000-0xe71fffff 64bit pref]
[    0.166863] pci 0000:00:16.3: PCI bridge to [bus 0e]
[    0.166886] pci 0000:00:16.3:   bridge window [mem 0xfc700000-0xfc7fffff]
[    0.166910] pci 0000:00:16.3:   bridge window [mem 0xe6d00000-0xe6dfffff 64bit pref]
[    0.167188] pci 0000:00:16.4: PCI bridge to [bus 0f]
[    0.167212] pci 0000:00:16.4:   bridge window [mem 0xfc300000-0xfc3fffff]
[    0.167236] pci 0000:00:16.4:   bridge window [mem 0xe6900000-0xe69fffff 64bit pref]
[    0.167544] pci 0000:00:16.5: PCI bridge to [bus 10]
[    0.167568] pci 0000:00:16.5:   bridge window [mem 0xfbf00000-0xfbffffff]
[    0.167591] pci 0000:00:16.5:   bridge window [mem 0xe6500000-0xe65fffff 64bit pref]
[    0.167859] pci 0000:00:16.6: PCI bridge to [bus 11]
[    0.167882] pci 0000:00:16.6:   bridge window [mem 0xfbb00000-0xfbbfffff]
[    0.167906] pci 0000:00:16.6:   bridge window [mem 0xe6100000-0xe61fffff 64bit pref]
[    0.167937] pci 0000:00:16.7: PCI bridge to [bus 12]
[    0.167964] pci 0000:00:16.7:   bridge window [mem 0xfb700000-0xfb7fffff]
[    0.167987] pci 0000:00:16.7:   bridge window [mem 0xe5d00000-0xe5dfffff 64bit pref]
[    0.168163] pci 0000:00:17.0: PCI bridge to [bus 13]
[    0.168166] pci 0000:00:17.0:   bridge window [io  0x6000-0x6fff]
[    0.168169] pci 0000:00:17.0:   bridge window [mem 0xfd200000-0xfd2fffff]
[    0.168172] pci 0000:00:17.0:   bridge window [mem 0xe7800000-0xe78fffff 64bit pref]
[    0.168174] pci 0000:00:17.1: PCI bridge to [bus 14]
[    0.168176] pci 0000:00:17.1:   bridge window [io  0xa000-0xafff]
[    0.168178] pci 0000:00:17.1:   bridge window [mem 0xfce00000-0xfcefffff]
[    0.168179] pci 0000:00:17.1:   bridge window [mem 0xe7400000-0xe74fffff 64bit pref]
[    0.168181] pci 0000:00:17.2: PCI bridge to [bus 15]
[    0.168182] pci 0000:00:17.2:   bridge window [io  0xe000-0xefff]
[    0.168183] pci 0000:00:17.2:   bridge window [mem 0xfca00000-0xfcafffff]
[    0.168184] pci 0000:00:17.2:   bridge window [mem 0xe7000000-0xe70fffff 64bit pref]
[    0.168434] pci 0000:00:17.3: PCI bridge to [bus 16]
[    0.168458] pci 0000:00:17.3:   bridge window [mem 0xfc600000-0xfc6fffff]
[    0.168460] pci 0000:00:17.3:   bridge window [mem 0xe6c00000-0xe6cfffff 64bit pref]
[    0.168461] pci 0000:00:17.4: PCI bridge to [bus 17]
[    0.168463] pci 0000:00:17.4:   bridge window [mem 0xfc200000-0xfc2fffff]
[    0.168464] pci 0000:00:17.4:   bridge window [mem 0xe6800000-0xe68fffff 64bit pref]
[    0.168465] pci 0000:00:17.5: PCI bridge to [bus 18]
[    0.168466] pci 0000:00:17.5:   bridge window [mem 0xfbe00000-0xfbefffff]
[    0.168467] pci 0000:00:17.5:   bridge window [mem 0xe6400000-0xe64fffff 64bit pref]
[    0.168731] pci 0000:00:17.6: PCI bridge to [bus 19]
[    0.168755] pci 0000:00:17.6:   bridge window [mem 0xfba00000-0xfbafffff]
[    0.168779] pci 0000:00:17.6:   bridge window [mem 0xe6000000-0xe60fffff 64bit pref]
[    0.168783] pci 0000:00:17.7: PCI bridge to [bus 1a]
[    0.168788] pci 0000:00:17.7:   bridge window [mem 0xfb600000-0xfb6fffff]
[    0.168792] pci 0000:00:17.7:   bridge window [mem 0xe5c00000-0xe5cfffff 64bit pref]
[    0.168795] pci 0000:00:18.0: PCI bridge to [bus 1b]
[    0.168798] pci 0000:00:18.0:   bridge window [io  0x7000-0x7fff]
[    0.168800] pci 0000:00:18.0:   bridge window [mem 0xfd100000-0xfd1fffff]
[    0.168803] pci 0000:00:18.0:   bridge window [mem 0xe7700000-0xe77fffff 64bit pref]
[    0.169107] pci 0000:00:18.1: PCI bridge to [bus 1c]
[    0.169119] pci 0000:00:18.1:   bridge window [io  0xb000-0xbfff]
[    0.169131] pci 0000:00:18.1:   bridge window [mem 0xfcd00000-0xfcdfffff]
[    0.169155] pci 0000:00:18.1:   bridge window [mem 0xe7300000-0xe73fffff 64bit pref]
[    0.169174] pci 0000:00:18.2: PCI bridge to [bus 1d]
[    0.169190] pci 0000:00:18.2:   bridge window [mem 0xfc900000-0xfc9fffff]
[    0.169205] pci 0000:00:18.2:   bridge window [mem 0xe6f00000-0xe6ffffff 64bit pref]
[    0.169217] pci 0000:00:18.3: PCI bridge to [bus 1e]
[    0.169228] pci 0000:00:18.3:   bridge window [mem 0xfc500000-0xfc5fffff]
[    0.169238] pci 0000:00:18.3:   bridge window [mem 0xe6b00000-0xe6bfffff 64bit pref]
[    0.169597] pci 0000:00:18.4: PCI bridge to [bus 1f]
[    0.169620] pci 0000:00:18.4:   bridge window [mem 0xfc100000-0xfc1fffff]
[    0.169644] pci 0000:00:18.4:   bridge window [mem 0xe6700000-0xe67fffff 64bit pref]
[    0.169910] pci 0000:00:18.5: PCI bridge to [bus 20]
[    0.169934] pci 0000:00:18.5:   bridge window [mem 0xfbd00000-0xfbdfffff]
[    0.169957] pci 0000:00:18.5:   bridge window [mem 0xe6300000-0xe63fffff 64bit pref]
[    0.170238] pci 0000:00:18.6: PCI bridge to [bus 21]
[    0.170267] pci 0000:00:18.6:   bridge window [mem 0xfb900000-0xfb9fffff]
[    0.170291] pci 0000:00:18.6:   bridge window [mem 0xe5f00000-0xe5ffffff 64bit pref]
[    0.170579] pci 0000:00:18.7: PCI bridge to [bus 22]
[    0.170602] pci 0000:00:18.7:   bridge window [mem 0xfb500000-0xfb5fffff]
[    0.170626] pci 0000:00:18.7:   bridge window [mem 0xe5b00000-0xe5bfffff 64bit pref]
[    0.172571] ACPI: PCI Interrupt Link [LNKA] (IRQs 3 4 5 6 7 *9 10 11 14 15)
[    0.172620] ACPI: PCI Interrupt Link [LNKB] (IRQs 3 4 5 6 7 9 10 *11 14 15)
[    0.172666] ACPI: PCI Interrupt Link [LNKC] (IRQs 3 4 5 6 7 9 10 11 14 15) *0, disabled.
[    0.172712] ACPI: PCI Interrupt Link [LNKD] (IRQs 3 4 5 6 *7 9 10 11 14 15)
[    0.176818] ACPI: Enabled 2 GPEs in block 00 to 0F
[    0.185798] vgaarb: setting as boot device: PCI:0000:00:0f.0
[    0.185799] vgaarb: device added: PCI:0000:00:0f.0,decodes=io+mem,owns=io+mem,locks=none
[    0.185802] vgaarb: loaded
[    0.185803] vgaarb: bridge control possible 0000:00:0f.0
[    0.186006] PCI: Using ACPI for IRQ routing
[    0.194024] PCI: pci_cache_line_size set to 64 bytes
[    0.196232] e820: reserve RAM buffer [mem 0x0009ec00-0x0009ffff]
[    0.196234] e820: reserve RAM buffer [mem 0xa26e0000-0xa3ffffff]
[    0.196235] e820: reserve RAM buffer [mem 0xa2800000-0xa3ffffff]
[    0.196788] hpet0: at MMIO 0xfed00000, IRQs 2, 8, 0, 0, 0, 0, 0, 0, 0, 0, 0, 0, 0, 0, 0, 0
[    0.196792] hpet0: 16 comparators, 64-bit 14.318180 MHz counter
[    0.198894] clocksource: Switched to clocksource hpet
[    0.211833] VFS: Disk quotas dquot_6.6.0
[    0.211960] VFS: Dquot-cache hash table entries: 512 (order 0, 4096 bytes)
[    0.212165] pnp: PnP ACPI init
[    0.212334] system 00:00: [io  0x1000-0x103f] has been reserved
[    0.212336] system 00:00: [io  0x1040-0x104f] has been reserved
[    0.212337] system 00:00: [io  0x0cf0-0x0cf1] has been reserved
[    0.212340] system 00:00: Plug and Play ACPI device, IDs PNP0c02 (active)
[    0.212371] pnp 00:01: Plug and Play ACPI device, IDs PNP0b00 (active)
[    0.212385] pnp 00:02: Plug and Play ACPI device, IDs PNP0303 (active)
[    0.212408] pnp 00:03: Plug and Play ACPI device, IDs VMW0003 PNP0f13 (active)
[    0.212534] system 00:04: [mem 0xfed00000-0xfed003ff] has been reserved
[    0.212535] system 00:04: Plug and Play ACPI device, IDs PNP0103 PNP0c01 (active)
[    0.213560] system 00:05: [io  0xfce0-0xfcff] has been reserved
[    0.213562] system 00:05: [mem 0xf0000000-0xf7ffffff] has been reserved
[    0.213563] system 00:05: [mem 0xfe800000-0xfe9fffff] has been reserved
[    0.213565] system 00:05: Plug and Play ACPI device, IDs PNP0c02 (active)
[    0.216169] pnp: PnP ACPI: found 6 devices
[    0.224690] clocksource: acpi_pm: mask: 0xffffff max_cycles: 0xffffff, max_idle_ns: 2085701024 ns
[    0.224887] pci 0000:00:15.3: bridge window [io  0x1000-0x0fff] to [bus 06] add_size 1000
[    0.224922] pci 0000:00:15.4: bridge window [io  0x1000-0x0fff] to [bus 07] add_size 1000
[    0.224967] pci 0000:00:15.5: bridge window [io  0x1000-0x0fff] to [bus 08] add_size 1000
[    0.225003] pci 0000:00:15.6: bridge window [io  0x1000-0x0fff] to [bus 09] add_size 1000
[    0.225038] pci 0000:00:15.7: bridge window [io  0x1000-0x0fff] to [bus 0a] add_size 1000
[    0.225174] pci 0000:00:16.3: bridge window [io  0x1000-0x0fff] to [bus 0e] add_size 1000
[    0.225209] pci 0000:00:16.4: bridge window [io  0x1000-0x0fff] to [bus 0f] add_size 1000
[    0.225244] pci 0000:00:16.5: bridge window [io  0x1000-0x0fff] to [bus 10] add_size 1000
[    0.225279] pci 0000:00:16.6: bridge window [io  0x1000-0x0fff] to [bus 11] add_size 1000
[    0.225314] pci 0000:00:16.7: bridge window [io  0x1000-0x0fff] to [bus 12] add_size 1000
[    0.225450] pci 0000:00:17.3: bridge window [io  0x1000-0x0fff] to [bus 16] add_size 1000
[    0.225485] pci 0000:00:17.4: bridge window [io  0x1000-0x0fff] to [bus 17] add_size 1000
[    0.225520] pci 0000:00:17.5: bridge window [io  0x1000-0x0fff] to [bus 18] add_size 1000
[    0.225555] pci 0000:00:17.6: bridge window [io  0x1000-0x0fff] to [bus 19] add_size 1000
[    0.225590] pci 0000:00:17.7: bridge window [io  0x1000-0x0fff] to [bus 1a] add_size 1000
[    0.225692] pci 0000:00:18.2: bridge window [io  0x1000-0x0fff] to [bus 1d] add_size 1000
[    0.225727] pci 0000:00:18.3: bridge window [io  0x1000-0x0fff] to [bus 1e] add_size 1000
[    0.225762] pci 0000:00:18.4: bridge window [io  0x1000-0x0fff] to [bus 1f] add_size 1000
[    0.225797] pci 0000:00:18.5: bridge window [io  0x1000-0x0fff] to [bus 20] add_size 1000
[    0.225833] pci 0000:00:18.6: bridge window [io  0x1000-0x0fff] to [bus 21] add_size 1000
[    0.225868] pci 0000:00:18.7: bridge window [io  0x1000-0x0fff] to [bus 22] add_size 1000
[    0.225897] pci 0000:00:15.3: res[13]=[io  0x1000-0x0fff] res_to_dev_res add_size 1000 min_align 1000
[    0.225898] pci 0000:00:15.3: res[13]=[io  0x1000-0x1fff] res_to_dev_res add_size 1000 min_align 1000
[    0.225899] pci 0000:00:15.4: res[13]=[io  0x1000-0x0fff] res_to_dev_res add_size 1000 min_align 1000
[    0.225900] pci 0000:00:15.4: res[13]=[io  0x1000-0x1fff] res_to_dev_res add_size 1000 min_align 1000
[    0.225901] pci 0000:00:15.5: res[13]=[io  0x1000-0x0fff] res_to_dev_res add_size 1000 min_align 1000
[    0.225902] pci 0000:00:15.5: res[13]=[io  0x1000-0x1fff] res_to_dev_res add_size 1000 min_align 1000
[    0.225903] pci 0000:00:15.6: res[13]=[io  0x1000-0x0fff] res_to_dev_res add_size 1000 min_align 1000
[    0.225903] pci 0000:00:15.6: res[13]=[io  0x1000-0x1fff] res_to_dev_res add_size 1000 min_align 1000
[    0.225904] pci 0000:00:15.7: res[13]=[io  0x1000-0x0fff] res_to_dev_res add_size 1000 min_align 1000
[    0.225905] pci 0000:00:15.7: res[13]=[io  0x1000-0x1fff] res_to_dev_res add_size 1000 min_align 1000
[    0.225906] pci 0000:00:16.3: res[13]=[io  0x1000-0x0fff] res_to_dev_res add_size 1000 min_align 1000
[    0.225907] pci 0000:00:16.3: res[13]=[io  0x1000-0x1fff] res_to_dev_res add_size 1000 min_align 1000
[    0.225908] pci 0000:00:16.4: res[13]=[io  0x1000-0x0fff] res_to_dev_res add_size 1000 min_align 1000
[    0.225908] pci 0000:00:16.4: res[13]=[io  0x1000-0x1fff] res_to_dev_res add_size 1000 min_align 1000
[    0.225909] pci 0000:00:16.5: res[13]=[io  0x1000-0x0fff] res_to_dev_res add_size 1000 min_align 1000
[    0.225910] pci 0000:00:16.5: res[13]=[io  0x1000-0x1fff] res_to_dev_res add_size 1000 min_align 1000
[    0.225911] pci 0000:00:16.6: res[13]=[io  0x1000-0x0fff] res_to_dev_res add_size 1000 min_align 1000
[    0.225912] pci 0000:00:16.6: res[13]=[io  0x1000-0x1fff] res_to_dev_res add_size 1000 min_align 1000
[    0.225913] pci 0000:00:16.7: res[13]=[io  0x1000-0x0fff] res_to_dev_res add_size 1000 min_align 1000
[    0.225914] pci 0000:00:16.7: res[13]=[io  0x1000-0x1fff] res_to_dev_res add_size 1000 min_align 1000
[    0.225914] pci 0000:00:17.3: res[13]=[io  0x1000-0x0fff] res_to_dev_res add_size 1000 min_align 1000
[    0.225915] pci 0000:00:17.3: res[13]=[io  0x1000-0x1fff] res_to_dev_res add_size 1000 min_align 1000
[    0.225916] pci 0000:00:17.4: res[13]=[io  0x1000-0x0fff] res_to_dev_res add_size 1000 min_align 1000
[    0.225917] pci 0000:00:17.4: res[13]=[io  0x1000-0x1fff] res_to_dev_res add_size 1000 min_align 1000
[    0.225918] pci 0000:00:17.5: res[13]=[io  0x1000-0x0fff] res_to_dev_res add_size 1000 min_align 1000
[    0.225919] pci 0000:00:17.5: res[13]=[io  0x1000-0x1fff] res_to_dev_res add_size 1000 min_align 1000
[    0.225919] pci 0000:00:17.6: res[13]=[io  0x1000-0x0fff] res_to_dev_res add_size 1000 min_align 1000
[    0.225920] pci 0000:00:17.6: res[13]=[io  0x1000-0x1fff] res_to_dev_res add_size 1000 min_align 1000
[    0.225921] pci 0000:00:17.7: res[13]=[io  0x1000-0x0fff] res_to_dev_res add_size 1000 min_align 1000
[    0.225922] pci 0000:00:17.7: res[13]=[io  0x1000-0x1fff] res_to_dev_res add_size 1000 min_align 1000
[    0.225923] pci 0000:00:18.2: res[13]=[io  0x1000-0x0fff] res_to_dev_res add_size 1000 min_align 1000
[    0.225923] pci 0000:00:18.2: res[13]=[io  0x1000-0x1fff] res_to_dev_res add_size 1000 min_align 1000
[    0.225924] pci 0000:00:18.3: res[13]=[io  0x1000-0x0fff] res_to_dev_res add_size 1000 min_align 1000
[    0.225925] pci 0000:00:18.3: res[13]=[io  0x1000-0x1fff] res_to_dev_res add_size 1000 min_align 1000
[    0.225926] pci 0000:00:18.4: res[13]=[io  0x1000-0x0fff] res_to_dev_res add_size 1000 min_align 1000
[    0.225927] pci 0000:00:18.4: res[13]=[io  0x1000-0x1fff] res_to_dev_res add_size 1000 min_align 1000
[    0.225928] pci 0000:00:18.5: res[13]=[io  0x1000-0x0fff] res_to_dev_res add_size 1000 min_align 1000
[    0.225929] pci 0000:00:18.5: res[13]=[io  0x1000-0x1fff] res_to_dev_res add_size 1000 min_align 1000
[    0.225929] pci 0000:00:18.6: res[13]=[io  0x1000-0x0fff] res_to_dev_res add_size 1000 min_align 1000
[    0.225930] pci 0000:00:18.6: res[13]=[io  0x1000-0x1fff] res_to_dev_res add_size 1000 min_align 1000
[    0.225931] pci 0000:00:18.7: res[13]=[io  0x1000-0x0fff] res_to_dev_res add_size 1000 min_align 1000
[    0.225932] pci 0000:00:18.7: res[13]=[io  0x1000-0x1fff] res_to_dev_res add_size 1000 min_align 1000
[    0.225935] pci 0000:00:0f.0: BAR 6: assigned [mem 0xa2800000-0xa2807fff pref]
[    0.225937] pci 0000:00:10.0: BAR 6: assigned [mem 0xa2808000-0xa280bfff pref]
[    0.225939] pci 0000:00:15.3: BAR 13: no space for [io  size 0x1000]
[    0.225940] pci 0000:00:15.3: BAR 13: failed to assign [io  size 0x1000]
[    0.225941] pci 0000:00:15.4: BAR 13: no space for [io  size 0x1000]
[    0.225942] pci 0000:00:15.4: BAR 13: failed to assign [io  size 0x1000]
[    0.225943] pci 0000:00:15.5: BAR 13: no space for [io  size 0x1000]
[    0.225944] pci 0000:00:15.5: BAR 13: failed to assign [io  size 0x1000]
[    0.225945] pci 0000:00:15.6: BAR 13: no space for [io  size 0x1000]
[    0.225946] pci 0000:00:15.6: BAR 13: failed to assign [io  size 0x1000]
[    0.225947] pci 0000:00:15.7: BAR 13: no space for [io  size 0x1000]
[    0.225948] pci 0000:00:15.7: BAR 13: failed to assign [io  size 0x1000]
[    0.225949] pci 0000:00:16.3: BAR 13: no space for [io  size 0x1000]
[    0.225950] pci 0000:00:16.3: BAR 13: failed to assign [io  size 0x1000]
[    0.225951] pci 0000:00:16.4: BAR 13: no space for [io  size 0x1000]
[    0.225951] pci 0000:00:16.4: BAR 13: failed to assign [io  size 0x1000]
[    0.225953] pci 0000:00:16.5: BAR 13: no space for [io  size 0x1000]
[    0.225953] pci 0000:00:16.5: BAR 13: failed to assign [io  size 0x1000]
[    0.225954] pci 0000:00:16.6: BAR 13: no space for [io  size 0x1000]
[    0.225955] pci 0000:00:16.6: BAR 13: failed to assign [io  size 0x1000]
[    0.225956] pci 0000:00:16.7: BAR 13: no space for [io  size 0x1000]
[    0.225957] pci 0000:00:16.7: BAR 13: failed to assign [io  size 0x1000]
[    0.225958] pci 0000:00:17.3: BAR 13: no space for [io  size 0x1000]
[    0.225959] pci 0000:00:17.3: BAR 13: failed to assign [io  size 0x1000]
[    0.225960] pci 0000:00:17.4: BAR 13: no space for [io  size 0x1000]
[    0.225961] pci 0000:00:17.4: BAR 13: failed to assign [io  size 0x1000]
[    0.225962] pci 0000:00:17.5: BAR 13: no space for [io  size 0x1000]
[    0.225963] pci 0000:00:17.5: BAR 13: failed to assign [io  size 0x1000]
[    0.225964] pci 0000:00:17.6: BAR 13: no space for [io  size 0x1000]
[    0.225964] pci 0000:00:17.6: BAR 13: failed to assign [io  size 0x1000]
[    0.225966] pci 0000:00:17.7: BAR 13: no space for [io  size 0x1000]
[    0.225966] pci 0000:00:17.7: BAR 13: failed to assign [io  size 0x1000]
[    0.225967] pci 0000:00:18.2: BAR 13: no space for [io  size 0x1000]
[    0.225968] pci 0000:00:18.2: BAR 13: failed to assign [io  size 0x1000]
[    0.225969] pci 0000:00:18.3: BAR 13: no space for [io  size 0x1000]
[    0.225970] pci 0000:00:18.3: BAR 13: failed to assign [io  size 0x1000]
[    0.225971] pci 0000:00:18.4: BAR 13: no space for [io  size 0x1000]
[    0.225972] pci 0000:00:18.4: BAR 13: failed to assign [io  size 0x1000]
[    0.225973] pci 0000:00:18.5: BAR 13: no space for [io  size 0x1000]
[    0.225974] pci 0000:00:18.5: BAR 13: failed to assign [io  size 0x1000]
[    0.225975] pci 0000:00:18.6: BAR 13: no space for [io  size 0x1000]
[    0.225976] pci 0000:00:18.6: BAR 13: failed to assign [io  size 0x1000]
[    0.225977] pci 0000:00:18.7: BAR 13: no space for [io  size 0x1000]
[    0.225978] pci 0000:00:18.7: BAR 13: failed to assign [io  size 0x1000]
[    0.225980] pci 0000:00:18.7: BAR 13: no space for [io  size 0x1000]
[    0.225981] pci 0000:00:18.7: BAR 13: failed to assign [io  size 0x1000]
[    0.225982] pci 0000:00:18.6: BAR 13: no space for [io  size 0x1000]
[    0.225983] pci 0000:00:18.6: BAR 13: failed to assign [io  size 0x1000]
[    0.225984] pci 0000:00:18.5: BAR 13: no space for [io  size 0x1000]
[    0.225985] pci 0000:00:18.5: BAR 13: failed to assign [io  size 0x1000]
[    0.225986] pci 0000:00:18.4: BAR 13: no space for [io  size 0x1000]
[    0.225987] pci 0000:00:18.4: BAR 13: failed to assign [io  size 0x1000]
[    0.225988] pci 0000:00:18.3: BAR 13: no space for [io  size 0x1000]
[    0.225989] pci 0000:00:18.3: BAR 13: failed to assign [io  size 0x1000]
[    0.225990] pci 0000:00:18.2: BAR 13: no space for [io  size 0x1000]
[    0.225991] pci 0000:00:18.2: BAR 13: failed to assign [io  size 0x1000]
[    0.225992] pci 0000:00:17.7: BAR 13: no space for [io  size 0x1000]
[    0.225992] pci 0000:00:17.7: BAR 13: failed to assign [io  size 0x1000]
[    0.225994] pci 0000:00:17.6: BAR 13: no space for [io  size 0x1000]
[    0.225994] pci 0000:00:17.6: BAR 13: failed to assign [io  size 0x1000]
[    0.225995] pci 0000:00:17.5: BAR 13: no space for [io  size 0x1000]
[    0.225996] pci 0000:00:17.5: BAR 13: failed to assign [io  size 0x1000]
[    0.225997] pci 0000:00:17.4: BAR 13: no space for [io  size 0x1000]
[    0.225998] pci 0000:00:17.4: BAR 13: failed to assign [io  size 0x1000]
[    0.225999] pci 0000:00:17.3: BAR 13: no space for [io  size 0x1000]
[    0.226000] pci 0000:00:17.3: BAR 13: failed to assign [io  size 0x1000]
[    0.226001] pci 0000:00:16.7: BAR 13: no space for [io  size 0x1000]
[    0.226002] pci 0000:00:16.7: BAR 13: failed to assign [io  size 0x1000]
[    0.226003] pci 0000:00:16.6: BAR 13: no space for [io  size 0x1000]
[    0.226004] pci 0000:00:16.6: BAR 13: failed to assign [io  size 0x1000]
[    0.226005] pci 0000:00:16.5: BAR 13: no space for [io  size 0x1000]
[    0.226006] pci 0000:00:16.5: BAR 13: failed to assign [io  size 0x1000]
[    0.226007] pci 0000:00:16.4: BAR 13: no space for [io  size 0x1000]
[    0.226007] pci 0000:00:16.4: BAR 13: failed to assign [io  size 0x1000]
[    0.226009] pci 0000:00:16.3: BAR 13: no space for [io  size 0x1000]
[    0.226009] pci 0000:00:16.3: BAR 13: failed to assign [io  size 0x1000]
[    0.226010] pci 0000:00:15.7: BAR 13: no space for [io  size 0x1000]
[    0.226011] pci 0000:00:15.7: BAR 13: failed to assign [io  size 0x1000]
[    0.226012] pci 0000:00:15.6: BAR 13: no space for [io  size 0x1000]
[    0.226013] pci 0000:00:15.6: BAR 13: failed to assign [io  size 0x1000]
[    0.226014] pci 0000:00:15.5: BAR 13: no space for [io  size 0x1000]
[    0.226015] pci 0000:00:15.5: BAR 13: failed to assign [io  size 0x1000]
[    0.226016] pci 0000:00:15.4: BAR 13: no space for [io  size 0x1000]
[    0.226017] pci 0000:00:15.4: BAR 13: failed to assign [io  size 0x1000]
[    0.226018] pci 0000:00:15.3: BAR 13: no space for [io  size 0x1000]
[    0.226019] pci 0000:00:15.3: BAR 13: failed to assign [io  size 0x1000]
[    0.226020] pci 0000:00:01.0: PCI bridge to [bus 01]
[    0.226075] pci 0000:02:01.0: BAR 6: assigned [mem 0xfd500000-0xfd50ffff pref]
[    0.226076] pci 0000:00:11.0: PCI bridge to [bus 02]
[    0.226083] pci 0000:00:11.0:   bridge window [io  0x2000-0x3fff]
[    0.226101] pci 0000:00:11.0:   bridge window [mem 0xfd500000-0xfdffffff]
[    0.226114] pci 0000:00:11.0:   bridge window [mem 0xe7b00000-0xe7ffffff 64bit pref]
[    0.226137] pci 0000:00:15.0: PCI bridge to [bus 03]
[    0.226144] pci 0000:00:15.0:   bridge window [io  0x4000-0x4fff]
[    0.226162] pci 0000:00:15.0:   bridge window [mem 0xfd400000-0xfd4fffff]
[    0.226174] pci 0000:00:15.0:   bridge window [mem 0xe7a00000-0xe7afffff 64bit pref]
[    0.226344] pci 0000:00:15.1: PCI bridge to [bus 04]
[    0.226352] pci 0000:00:15.1:   bridge window [io  0x8000-0x8fff]
[    0.226370] pci 0000:00:15.1:   bridge window [mem 0xfd000000-0xfd0fffff]
[    0.226382] pci 0000:00:15.1:   bridge window [mem 0xe7600000-0xe76fffff 64bit pref]
[    0.226460] pci 0000:00:15.2: PCI bridge to [bus 05]
[    0.226468] pci 0000:00:15.2:   bridge window [io  0xc000-0xcfff]
[    0.226486] pci 0000:00:15.2:   bridge window [mem 0xfcc00000-0xfccfffff]
[    0.226498] pci 0000:00:15.2:   bridge window [mem 0xe7200000-0xe72fffff 64bit pref]
[    0.226573] pci 0000:00:15.3: PCI bridge to [bus 06]
[    0.226592] pci 0000:00:15.3:   bridge window [mem 0xfc800000-0xfc8fffff]
[    0.226604] pci 0000:00:15.3:   bridge window [mem 0xe6e00000-0xe6efffff 64bit pref]
[    0.226687] pci 0000:00:15.4: PCI bridge to [bus 07]
[    0.226707] pci 0000:00:15.4:   bridge window [mem 0xfc400000-0xfc4fffff]
[    0.226719] pci 0000:00:15.4:   bridge window [mem 0xe6a00000-0xe6afffff 64bit pref]
[    0.226794] pci 0000:00:15.5: PCI bridge to [bus 08]
[    0.226813] pci 0000:00:15.5:   bridge window [mem 0xfc000000-0xfc0fffff]
[    0.226825] pci 0000:00:15.5:   bridge window [mem 0xe6600000-0xe66fffff 64bit pref]
[    0.226894] pci 0000:00:15.6: PCI bridge to [bus 09]
[    0.226913] pci 0000:00:15.6:   bridge window [mem 0xfbc00000-0xfbcfffff]
[    0.226926] pci 0000:00:15.6:   bridge window [mem 0xe6200000-0xe62fffff 64bit pref]
[    0.227002] pci 0000:00:15.7: PCI bridge to [bus 0a]
[    0.227021] pci 0000:00:15.7:   bridge window [mem 0xfb800000-0xfb8fffff]
[    0.227033] pci 0000:00:15.7:   bridge window [mem 0xe5e00000-0xe5efffff 64bit pref]
[    0.227106] pci 0000:00:16.0: PCI bridge to [bus 0b]
[    0.227114] pci 0000:00:16.0:   bridge window [io  0x5000-0x5fff]
[    0.227132] pci 0000:00:16.0:   bridge window [mem 0xfd300000-0xfd3fffff]
[    0.227144] pci 0000:00:16.0:   bridge window [mem 0xe7900000-0xe79fffff 64bit pref]
[    0.227217] pci 0000:00:16.1: PCI bridge to [bus 0c]
[    0.227225] pci 0000:00:16.1:   bridge window [io  0x9000-0x9fff]
[    0.227243] pci 0000:00:16.1:   bridge window [mem 0xfcf00000-0xfcffffff]
[    0.227255] pci 0000:00:16.1:   bridge window [mem 0xe7500000-0xe75fffff 64bit pref]
[    0.227328] pci 0000:00:16.2: PCI bridge to [bus 0d]
[    0.227336] pci 0000:00:16.2:   bridge window [io  0xd000-0xdfff]
[    0.227354] pci 0000:00:16.2:   bridge window [mem 0xfcb00000-0xfcbfffff]
[    0.227366] pci 0000:00:16.2:   bridge window [mem 0xe7100000-0xe71fffff 64bit pref]
[    0.227439] pci 0000:00:16.3: PCI bridge to [bus 0e]
[    0.227458] pci 0000:00:16.3:   bridge window [mem 0xfc700000-0xfc7fffff]
[    0.227470] pci 0000:00:16.3:   bridge window [mem 0xe6d00000-0xe6dfffff 64bit pref]
[    0.227543] pci 0000:00:16.4: PCI bridge to [bus 0f]
[    0.227562] pci 0000:00:16.4:   bridge window [mem 0xfc300000-0xfc3fffff]
[    0.227574] pci 0000:00:16.4:   bridge window [mem 0xe6900000-0xe69fffff 64bit pref]
[    0.227646] pci 0000:00:16.5: PCI bridge to [bus 10]
[    0.227666] pci 0000:00:16.5:   bridge window [mem 0xfbf00000-0xfbffffff]
[    0.227678] pci 0000:00:16.5:   bridge window [mem 0xe6500000-0xe65fffff 64bit pref]
[    0.227741] pci 0000:00:16.6: PCI bridge to [bus 11]
[    0.227760] pci 0000:00:16.6:   bridge window [mem 0xfbb00000-0xfbbfffff]
[    0.227773] pci 0000:00:16.6:   bridge window [mem 0xe6100000-0xe61fffff 64bit pref]
[    0.227836] pci 0000:00:16.7: PCI bridge to [bus 12]
[    0.227855] pci 0000:00:16.7:   bridge window [mem 0xfb700000-0xfb7fffff]
[    0.227869] pci 0000:00:16.7:   bridge window [mem 0xe5d00000-0xe5dfffff 64bit pref]
[    0.227932] pci 0000:00:17.0: PCI bridge to [bus 13]
[    0.227940] pci 0000:00:17.0:   bridge window [io  0x6000-0x6fff]
[    0.227958] pci 0000:00:17.0:   bridge window [mem 0xfd200000-0xfd2fffff]
[    0.227971] pci 0000:00:17.0:   bridge window [mem 0xe7800000-0xe78fffff 64bit pref]
[    0.228035] pci 0000:00:17.1: PCI bridge to [bus 14]
[    0.228042] pci 0000:00:17.1:   bridge window [io  0xa000-0xafff]
[    0.228060] pci 0000:00:17.1:   bridge window [mem 0xfce00000-0xfcefffff]
[    0.228073] pci 0000:00:17.1:   bridge window [mem 0xe7400000-0xe74fffff 64bit pref]
[    0.228136] pci 0000:00:17.2: PCI bridge to [bus 15]
[    0.228144] pci 0000:00:17.2:   bridge window [io  0xe000-0xefff]
[    0.228162] pci 0000:00:17.2:   bridge window [mem 0xfca00000-0xfcafffff]
[    0.228174] pci 0000:00:17.2:   bridge window [mem 0xe7000000-0xe70fffff 64bit pref]
[    0.228237] pci 0000:00:17.3: PCI bridge to [bus 16]
[    0.228256] pci 0000:00:17.3:   bridge window [mem 0xfc600000-0xfc6fffff]
[    0.228268] pci 0000:00:17.3:   bridge window [mem 0xe6c00000-0xe6cfffff 64bit pref]
[    0.228332] pci 0000:00:17.4: PCI bridge to [bus 17]
[    0.228351] pci 0000:00:17.4:   bridge window [mem 0xfc200000-0xfc2fffff]
[    0.228364] pci 0000:00:17.4:   bridge window [mem 0xe6800000-0xe68fffff 64bit pref]
[    0.228427] pci 0000:00:17.5: PCI bridge to [bus 18]
[    0.228446] pci 0000:00:17.5:   bridge window [mem 0xfbe00000-0xfbefffff]
[    0.228459] pci 0000:00:17.5:   bridge window [mem 0xe6400000-0xe64fffff 64bit pref]
[    0.228523] pci 0000:00:17.6: PCI bridge to [bus 19]
[    0.228542] pci 0000:00:17.6:   bridge window [mem 0xfba00000-0xfbafffff]
[    0.228554] pci 0000:00:17.6:   bridge window [mem 0xe6000000-0xe60fffff 64bit pref]
[    0.228617] pci 0000:00:17.7: PCI bridge to [bus 1a]
[    0.228636] pci 0000:00:17.7:   bridge window [mem 0xfb600000-0xfb6fffff]
[    0.228649] pci 0000:00:17.7:   bridge window [mem 0xe5c00000-0xe5cfffff 64bit pref]
[    0.228712] pci 0000:00:18.0: PCI bridge to [bus 1b]
[    0.228720] pci 0000:00:18.0:   bridge window [io  0x7000-0x7fff]
[    0.228738] pci 0000:00:18.0:   bridge window [mem 0xfd100000-0xfd1fffff]
[    0.228750] pci 0000:00:18.0:   bridge window [mem 0xe7700000-0xe77fffff 64bit pref]
[    0.228813] pci 0000:00:18.1: PCI bridge to [bus 1c]
[    0.228821] pci 0000:00:18.1:   bridge window [io  0xb000-0xbfff]
[    0.228839] pci 0000:00:18.1:   bridge window [mem 0xfcd00000-0xfcdfffff]
[    0.228852] pci 0000:00:18.1:   bridge window [mem 0xe7300000-0xe73fffff 64bit pref]
[    0.228942] pci 0000:00:18.2: PCI bridge to [bus 1d]
[    0.228961] pci 0000:00:18.2:   bridge window [mem 0xfc900000-0xfc9fffff]
[    0.228973] pci 0000:00:18.2:   bridge window [mem 0xe6f00000-0xe6ffffff 64bit pref]
[    0.229039] pci 0000:00:18.3: PCI bridge to [bus 1e]
[    0.229058] pci 0000:00:18.3:   bridge window [mem 0xfc500000-0xfc5fffff]
[    0.229070] pci 0000:00:18.3:   bridge window [mem 0xe6b00000-0xe6bfffff 64bit pref]
[    0.229133] pci 0000:00:18.4: PCI bridge to [bus 1f]
[    0.229153] pci 0000:00:18.4:   bridge window [mem 0xfc100000-0xfc1fffff]
[    0.229165] pci 0000:00:18.4:   bridge window [mem 0xe6700000-0xe67fffff 64bit pref]
[    0.229228] pci 0000:00:18.5: PCI bridge to [bus 20]
[    0.229247] pci 0000:00:18.5:   bridge window [mem 0xfbd00000-0xfbdfffff]
[    0.229260] pci 0000:00:18.5:   bridge window [mem 0xe6300000-0xe63fffff 64bit pref]
[    0.229323] pci 0000:00:18.6: PCI bridge to [bus 21]
[    0.229342] pci 0000:00:18.6:   bridge window [mem 0xfb900000-0xfb9fffff]
[    0.229355] pci 0000:00:18.6:   bridge window [mem 0xe5f00000-0xe5ffffff 64bit pref]
[    0.229418] pci 0000:00:18.7: PCI bridge to [bus 22]
[    0.229438] pci 0000:00:18.7:   bridge window [mem 0xfb500000-0xfb5fffff]
[    0.229450] pci 0000:00:18.7:   bridge window [mem 0xe5b00000-0xe5bfffff 64bit pref]
[    0.229514] pci_bus 0000:00: resource 4 [mem 0x000a0000-0x000bffff window]
[    0.229515] pci_bus 0000:00: resource 5 [mem 0x000cc000-0x000cffff window]
[    0.229516] pci_bus 0000:00: resource 6 [mem 0x000d0000-0x000d3fff window]
[    0.229516] pci_bus 0000:00: resource 7 [mem 0x000d4000-0x000d7fff window]
[    0.229517] pci_bus 0000:00: resource 8 [mem 0x000d8000-0x000dbfff window]
[    0.229518] pci_bus 0000:00: resource 9 [mem 0xa2800000-0xfebfffff window]
[    0.229519] pci_bus 0000:00: resource 10 [io  0x0000-0x0cf7 window]
[    0.229520] pci_bus 0000:00: resource 11 [io  0x0d00-0xfeff window]
[    0.229521] pci_bus 0000:02: resource 0 [io  0x2000-0x3fff]
[    0.229522] pci_bus 0000:02: resource 1 [mem 0xfd500000-0xfdffffff]
[    0.229523] pci_bus 0000:02: resource 2 [mem 0xe7b00000-0xe7ffffff 64bit pref]
[    0.229523] pci_bus 0000:02: resource 4 [mem 0x000a0000-0x000bffff window]
[    0.229524] pci_bus 0000:02: resource 5 [mem 0x000cc000-0x000cffff window]
[    0.229525] pci_bus 0000:02: resource 6 [mem 0x000d0000-0x000d3fff window]
[    0.229526] pci_bus 0000:02: resource 7 [mem 0x000d4000-0x000d7fff window]
[    0.229526] pci_bus 0000:02: resource 8 [mem 0x000d8000-0x000dbfff window]
[    0.229527] pci_bus 0000:02: resource 9 [mem 0xa2800000-0xfebfffff window]
[    0.229528] pci_bus 0000:02: resource 10 [io  0x0000-0x0cf7 window]
[    0.229529] pci_bus 0000:02: resource 11 [io  0x0d00-0xfeff window]
[    0.229530] pci_bus 0000:03: resource 0 [io  0x4000-0x4fff]
[    0.229530] pci_bus 0000:03: resource 1 [mem 0xfd400000-0xfd4fffff]
[    0.229531] pci_bus 0000:03: resource 2 [mem 0xe7a00000-0xe7afffff 64bit pref]
[    0.229532] pci_bus 0000:04: resource 0 [io  0x8000-0x8fff]
[    0.229533] pci_bus 0000:04: resource 1 [mem 0xfd000000-0xfd0fffff]
[    0.229534] pci_bus 0000:04: resource 2 [mem 0xe7600000-0xe76fffff 64bit pref]
[    0.229534] pci_bus 0000:05: resource 0 [io  0xc000-0xcfff]
[    0.229535] pci_bus 0000:05: resource 1 [mem 0xfcc00000-0xfccfffff]
[    0.229536] pci_bus 0000:05: resource 2 [mem 0xe7200000-0xe72fffff 64bit pref]
[    0.229537] pci_bus 0000:06: resource 1 [mem 0xfc800000-0xfc8fffff]
[    0.229538] pci_bus 0000:06: resource 2 [mem 0xe6e00000-0xe6efffff 64bit pref]
[    0.229538] pci_bus 0000:07: resource 1 [mem 0xfc400000-0xfc4fffff]
[    0.229539] pci_bus 0000:07: resource 2 [mem 0xe6a00000-0xe6afffff 64bit pref]
[    0.229540] pci_bus 0000:08: resource 1 [mem 0xfc000000-0xfc0fffff]
[    0.229541] pci_bus 0000:08: resource 2 [mem 0xe6600000-0xe66fffff 64bit pref]
[    0.229542] pci_bus 0000:09: resource 1 [mem 0xfbc00000-0xfbcfffff]
[    0.229542] pci_bus 0000:09: resource 2 [mem 0xe6200000-0xe62fffff 64bit pref]
[    0.229543] pci_bus 0000:0a: resource 1 [mem 0xfb800000-0xfb8fffff]
[    0.229544] pci_bus 0000:0a: resource 2 [mem 0xe5e00000-0xe5efffff 64bit pref]
[    0.229545] pci_bus 0000:0b: resource 0 [io  0x5000-0x5fff]
[    0.229546] pci_bus 0000:0b: resource 1 [mem 0xfd300000-0xfd3fffff]
[    0.229546] pci_bus 0000:0b: resource 2 [mem 0xe7900000-0xe79fffff 64bit pref]
[    0.229547] pci_bus 0000:0c: resource 0 [io  0x9000-0x9fff]
[    0.229548] pci_bus 0000:0c: resource 1 [mem 0xfcf00000-0xfcffffff]
[    0.229549] pci_bus 0000:0c: resource 2 [mem 0xe7500000-0xe75fffff 64bit pref]
[    0.229550] pci_bus 0000:0d: resource 0 [io  0xd000-0xdfff]
[    0.229550] pci_bus 0000:0d: resource 1 [mem 0xfcb00000-0xfcbfffff]
[    0.229551] pci_bus 0000:0d: resource 2 [mem 0xe7100000-0xe71fffff 64bit pref]
[    0.229552] pci_bus 0000:0e: resource 1 [mem 0xfc700000-0xfc7fffff]
[    0.229553] pci_bus 0000:0e: resource 2 [mem 0xe6d00000-0xe6dfffff 64bit pref]
[    0.229554] pci_bus 0000:0f: resource 1 [mem 0xfc300000-0xfc3fffff]
[    0.229554] pci_bus 0000:0f: resource 2 [mem 0xe6900000-0xe69fffff 64bit pref]
[    0.229555] pci_bus 0000:10: resource 1 [mem 0xfbf00000-0xfbffffff]
[    0.229556] pci_bus 0000:10: resource 2 [mem 0xe6500000-0xe65fffff 64bit pref]
[    0.229557] pci_bus 0000:11: resource 1 [mem 0xfbb00000-0xfbbfffff]
[    0.229558] pci_bus 0000:11: resource 2 [mem 0xe6100000-0xe61fffff 64bit pref]
[    0.229558] pci_bus 0000:12: resource 1 [mem 0xfb700000-0xfb7fffff]
[    0.229559] pci_bus 0000:12: resource 2 [mem 0xe5d00000-0xe5dfffff 64bit pref]
[    0.229560] pci_bus 0000:13: resource 0 [io  0x6000-0x6fff]
[    0.229561] pci_bus 0000:13: resource 1 [mem 0xfd200000-0xfd2fffff]
[    0.229561] pci_bus 0000:13: resource 2 [mem 0xe7800000-0xe78fffff 64bit pref]
[    0.229562] pci_bus 0000:14: resource 0 [io  0xa000-0xafff]
[    0.229563] pci_bus 0000:14: resource 1 [mem 0xfce00000-0xfcefffff]
[    0.229564] pci_bus 0000:14: resource 2 [mem 0xe7400000-0xe74fffff 64bit pref]
[    0.229565] pci_bus 0000:15: resource 0 [io  0xe000-0xefff]
[    0.229565] pci_bus 0000:15: resource 1 [mem 0xfca00000-0xfcafffff]
[    0.229566] pci_bus 0000:15: resource 2 [mem 0xe7000000-0xe70fffff 64bit pref]
[    0.229567] pci_bus 0000:16: resource 1 [mem 0xfc600000-0xfc6fffff]
[    0.229568] pci_bus 0000:16: resource 2 [mem 0xe6c00000-0xe6cfffff 64bit pref]
[    0.229569] pci_bus 0000:17: resource 1 [mem 0xfc200000-0xfc2fffff]
[    0.229569] pci_bus 0000:17: resource 2 [mem 0xe6800000-0xe68fffff 64bit pref]
[    0.229570] pci_bus 0000:18: resource 1 [mem 0xfbe00000-0xfbefffff]
[    0.229571] pci_bus 0000:18: resource 2 [mem 0xe6400000-0xe64fffff 64bit pref]
[    0.229572] pci_bus 0000:19: resource 1 [mem 0xfba00000-0xfbafffff]
[    0.229573] pci_bus 0000:19: resource 2 [mem 0xe6000000-0xe60fffff 64bit pref]
[    0.229573] pci_bus 0000:1a: resource 1 [mem 0xfb600000-0xfb6fffff]
[    0.229574] pci_bus 0000:1a: resource 2 [mem 0xe5c00000-0xe5cfffff 64bit pref]
[    0.229575] pci_bus 0000:1b: resource 0 [io  0x7000-0x7fff]
[    0.229576] pci_bus 0000:1b: resource 1 [mem 0xfd100000-0xfd1fffff]
[    0.229576] pci_bus 0000:1b: resource 2 [mem 0xe7700000-0xe77fffff 64bit pref]
[    0.229577] pci_bus 0000:1c: resource 0 [io  0xb000-0xbfff]
[    0.229578] pci_bus 0000:1c: resource 1 [mem 0xfcd00000-0xfcdfffff]
[    0.229579] pci_bus 0000:1c: resource 2 [mem 0xe7300000-0xe73fffff 64bit pref]
[    0.229580] pci_bus 0000:1d: resource 1 [mem 0xfc900000-0xfc9fffff]
[    0.229580] pci_bus 0000:1d: resource 2 [mem 0xe6f00000-0xe6ffffff 64bit pref]
[    0.229581] pci_bus 0000:1e: resource 1 [mem 0xfc500000-0xfc5fffff]
[    0.229582] pci_bus 0000:1e: resource 2 [mem 0xe6b00000-0xe6bfffff 64bit pref]
[    0.229583] pci_bus 0000:1f: resource 1 [mem 0xfc100000-0xfc1fffff]
[    0.229584] pci_bus 0000:1f: resource 2 [mem 0xe6700000-0xe67fffff 64bit pref]
[    0.229584] pci_bus 0000:20: resource 1 [mem 0xfbd00000-0xfbdfffff]
[    0.229585] pci_bus 0000:20: resource 2 [mem 0xe6300000-0xe63fffff 64bit pref]
[    0.229586] pci_bus 0000:21: resource 1 [mem 0xfb900000-0xfb9fffff]
[    0.229587] pci_bus 0000:21: resource 2 [mem 0xe5f00000-0xe5ffffff 64bit pref]
[    0.229588] pci_bus 0000:22: resource 1 [mem 0xfb500000-0xfb5fffff]
[    0.229588] pci_bus 0000:22: resource 2 [mem 0xe5b00000-0xe5bfffff 64bit pref]
[    0.230009] NET: Registered protocol family 2
[    0.232984] TCP established hash table entries: 32768 (order: 6, 262144 bytes)
[    0.233553] TCP bind hash table entries: 32768 (order: 7, 524288 bytes)
[    0.234576] TCP: Hash tables configured (established 32768 bind 32768)
[    0.234850] UDP hash table entries: 2048 (order: 4, 65536 bytes)
[    0.235006] UDP-Lite hash table entries: 2048 (order: 4, 65536 bytes)
[    0.235766] NET: Registered protocol family 1
[    0.235772] pci 0000:00:00.0: Limiting direct PCI/PCI transfers
[    0.235833] pci 0000:00:0f.0: Video device with shadowed ROM at [mem 0x000c0000-0x000dffff]
[    0.236055] PCI: CLS mismatch (32 != 64), using 64 bytes
[    0.236162] Unpacking initramfs...
[    0.306194] Freeing initrd memory: 4992K (ffff8d1e7762f000 - ffff8d1e77b0f000)
[    0.306240] clocksource: tsc: mask: 0xffffffffffffffff max_cycles: 0x326fbb4e07e, max_idle_ns: 440795259822 ns
[    0.310946] clocksource: Switched to clocksource tsc
[    0.313010] futex hash table entries: 32768 (order: 9, 2097152 bytes)
[    0.317129] audit: initializing netlink subsys (disabled)
[    0.317196] audit: type=2000 audit(1490831563.311:1): initialized
[    0.317439] Initialise system trusted keyrings
[    0.317790] workingset: timestamp_bits=40 max_order=20 bucket_order=0
[    0.318019] zbud: loaded
[    0.338883] Key type asymmetric registered
[    0.338883] Asymmetric key parser 'x509' registered
[    0.338894] Block layer SCSI generic (bsg) driver version 0.4 loaded (major 251)
[    0.339093] io scheduler noop registered
[    0.339099] io scheduler deadline registered
[    0.339105] io scheduler cfq registered (default)
[    0.351269] pcieport 0000:00:15.0: Signaling PME through PCIe PME interrupt
[    0.351283] pcie_pme 0000:00:15.0:pcie001: service driver pcie_pme loaded
[    0.351386] pcieport 0000:00:15.1: Signaling PME through PCIe PME interrupt
[    0.351399] pcie_pme 0000:00:15.1:pcie001: service driver pcie_pme loaded
[    0.351491] pcieport 0000:00:15.2: Signaling PME through PCIe PME interrupt
[    0.351504] pcie_pme 0000:00:15.2:pcie001: service driver pcie_pme loaded
[    0.351605] pcieport 0000:00:15.3: Signaling PME through PCIe PME interrupt
[    0.351618] pcie_pme 0000:00:15.3:pcie001: service driver pcie_pme loaded
[    0.351711] pcieport 0000:00:15.4: Signaling PME through PCIe PME interrupt
[    0.351724] pcie_pme 0000:00:15.4:pcie001: service driver pcie_pme loaded
[    0.351825] pcieport 0000:00:15.5: Signaling PME through PCIe PME interrupt
[    0.351838] pcie_pme 0000:00:15.5:pcie001: service driver pcie_pme loaded
[    0.351947] pcieport 0000:00:15.6: Signaling PME through PCIe PME interrupt
[    0.351960] pcie_pme 0000:00:15.6:pcie001: service driver pcie_pme loaded
[    0.352053] pcieport 0000:00:15.7: Signaling PME through PCIe PME interrupt
[    0.352066] pcie_pme 0000:00:15.7:pcie001: service driver pcie_pme loaded
[    0.352158] pcieport 0000:00:16.0: Signaling PME through PCIe PME interrupt
[    0.352170] pcie_pme 0000:00:16.0:pcie001: service driver pcie_pme loaded
[    0.352272] pcieport 0000:00:16.1: Signaling PME through PCIe PME interrupt
[    0.352285] pcie_pme 0000:00:16.1:pcie001: service driver pcie_pme loaded
[    0.352377] pcieport 0000:00:16.2: Signaling PME through PCIe PME interrupt
[    0.352390] pcie_pme 0000:00:16.2:pcie001: service driver pcie_pme loaded
[    0.352481] pcieport 0000:00:16.3: Signaling PME through PCIe PME interrupt
[    0.352494] pcie_pme 0000:00:16.3:pcie001: service driver pcie_pme loaded
[    0.352604] pcieport 0000:00:16.4: Signaling PME through PCIe PME interrupt
[    0.352617] pcie_pme 0000:00:16.4:pcie001: service driver pcie_pme loaded
[    0.352710] pcieport 0000:00:16.5: Signaling PME through PCIe PME interrupt
[    0.352723] pcie_pme 0000:00:16.5:pcie001: service driver pcie_pme loaded
[    0.352820] pcieport 0000:00:16.6: Signaling PME through PCIe PME interrupt
[    0.352833] pcie_pme 0000:00:16.6:pcie001: service driver pcie_pme loaded
[    0.352935] pcieport 0000:00:16.7: Signaling PME through PCIe PME interrupt
[    0.352948] pcie_pme 0000:00:16.7:pcie001: service driver pcie_pme loaded
[    0.353040] pcieport 0000:00:17.0: Signaling PME through PCIe PME interrupt
[    0.353053] pcie_pme 0000:00:17.0:pcie001: service driver pcie_pme loaded
[    0.353145] pcieport 0000:00:17.1: Signaling PME through PCIe PME interrupt
[    0.353157] pcie_pme 0000:00:17.1:pcie001: service driver pcie_pme loaded
[    0.353258] pcieport 0000:00:17.2: Signaling PME through PCIe PME interrupt
[    0.353271] pcie_pme 0000:00:17.2:pcie001: service driver pcie_pme loaded
[    0.353363] pcieport 0000:00:17.3: Signaling PME through PCIe PME interrupt
[    0.353376] pcie_pme 0000:00:17.3:pcie001: service driver pcie_pme loaded
[    0.353468] pcieport 0000:00:17.4: Signaling PME through PCIe PME interrupt
[    0.353481] pcie_pme 0000:00:17.4:pcie001: service driver pcie_pme loaded
[    0.353581] pcieport 0000:00:17.5: Signaling PME through PCIe PME interrupt
[    0.353594] pcie_pme 0000:00:17.5:pcie001: service driver pcie_pme loaded
[    0.353695] pcieport 0000:00:17.6: Signaling PME through PCIe PME interrupt
[    0.353708] pcie_pme 0000:00:17.6:pcie001: service driver pcie_pme loaded
[    0.353804] pcieport 0000:00:17.7: Signaling PME through PCIe PME interrupt
[    0.353817] pcie_pme 0000:00:17.7:pcie001: service driver pcie_pme loaded
[    0.353918] pcieport 0000:00:18.0: Signaling PME through PCIe PME interrupt
[    0.353931] pcie_pme 0000:00:18.0:pcie001: service driver pcie_pme loaded
[    0.354023] pcieport 0000:00:18.1: Signaling PME through PCIe PME interrupt
[    0.354035] pcie_pme 0000:00:18.1:pcie001: service driver pcie_pme loaded
[    0.354128] pcieport 0000:00:18.2: Signaling PME through PCIe PME interrupt
[    0.354140] pcie_pme 0000:00:18.2:pcie001: service driver pcie_pme loaded
[    0.354241] pcieport 0000:00:18.3: Signaling PME through PCIe PME interrupt
[    0.354254] pcie_pme 0000:00:18.3:pcie001: service driver pcie_pme loaded
[    0.354346] pcieport 0000:00:18.4: Signaling PME through PCIe PME interrupt
[    0.354359] pcie_pme 0000:00:18.4:pcie001: service driver pcie_pme loaded
[    0.354451] pcieport 0000:00:18.5: Signaling PME through PCIe PME interrupt
[    0.354463] pcie_pme 0000:00:18.5:pcie001: service driver pcie_pme loaded
[    0.354564] pcieport 0000:00:18.6: Signaling PME through PCIe PME interrupt
[    0.354577] pcie_pme 0000:00:18.6:pcie001: service driver pcie_pme loaded
[    0.354669] pcieport 0000:00:18.7: Signaling PME through PCIe PME interrupt
[    0.354682] pcie_pme 0000:00:18.7:pcie001: service driver pcie_pme loaded
[    0.354690] pci_hotplug: PCI Hot Plug PCI Core version: 0.5
[    0.354712] pciehp 0000:00:15.0:pcie004: Slot #160 AttnBtn+ PwrCtrl+ MRL- AttnInd- PwrInd- HotPlug+ Surprise- Interlock- NoCompl+ LLActRep+
[    0.354812] pciehp 0000:00:15.0:pcie004: service driver pciehp loaded
[    0.354833] pciehp 0000:00:15.1:pcie004: Slot #161 AttnBtn+ PwrCtrl+ MRL- AttnInd- PwrInd- HotPlug+ Surprise- Interlock- NoCompl+ LLActRep+
[    0.354960] pciehp 0000:00:15.1:pcie004: service driver pciehp loaded
[    0.354982] pciehp 0000:00:15.2:pcie004: Slot #162 AttnBtn+ PwrCtrl+ MRL- AttnInd- PwrInd- HotPlug+ Surprise- Interlock- NoCompl+ LLActRep+
[    0.355081] pciehp 0000:00:15.2:pcie004: service driver pciehp loaded
[    0.355111] pciehp 0000:00:15.3:pcie004: Slot #163 AttnBtn+ PwrCtrl+ MRL- AttnInd- PwrInd- HotPlug+ Surprise- Interlock- NoCompl+ LLActRep+
[    0.355206] pciehp 0000:00:15.3:pcie004: service driver pciehp loaded
[    0.355227] pciehp 0000:00:15.4:pcie004: Slot #164 AttnBtn+ PwrCtrl+ MRL- AttnInd- PwrInd- HotPlug+ Surprise- Interlock- NoCompl+ LLActRep+
[    0.355320] pciehp 0000:00:15.4:pcie004: service driver pciehp loaded
[    0.355341] pciehp 0000:00:15.5:pcie004: Slot #165 AttnBtn+ PwrCtrl+ MRL- AttnInd- PwrInd- HotPlug+ Surprise- Interlock- NoCompl+ LLActRep+
[    0.355447] pciehp 0000:00:15.5:pcie004: service driver pciehp loaded
[    0.355468] pciehp 0000:00:15.6:pcie004: Slot #166 AttnBtn+ PwrCtrl+ MRL- AttnInd- PwrInd- HotPlug+ Surprise- Interlock- NoCompl+ LLActRep+
[    0.355561] pciehp 0000:00:15.6:pcie004: service driver pciehp loaded
[    0.355582] pciehp 0000:00:15.7:pcie004: Slot #167 AttnBtn+ PwrCtrl+ MRL- AttnInd- PwrInd- HotPlug+ Surprise- Interlock- NoCompl+ LLActRep+
[    0.356903] pciehp 0000:00:15.7:pcie004: service driver pciehp loaded
[    0.356934] pciehp 0000:00:16.0:pcie004: Slot #192 AttnBtn+ PwrCtrl+ MRL- AttnInd- PwrInd- HotPlug+ Surprise- Interlock- NoCompl+ LLActRep+
[    0.357026] pciehp 0000:00:16.0:pcie004: service driver pciehp loaded
[    0.357048] pciehp 0000:00:16.1:pcie004: Slot #193 AttnBtn+ PwrCtrl+ MRL- AttnInd- PwrInd- HotPlug+ Surprise- Interlock- NoCompl+ LLActRep+
[    0.357138] pciehp 0000:00:16.1:pcie004: service driver pciehp loaded
[    0.357160] pciehp 0000:00:16.2:pcie004: Slot #194 AttnBtn+ PwrCtrl+ MRL- AttnInd- PwrInd- HotPlug+ Surprise- Interlock- NoCompl+ LLActRep+
[    0.357250] pciehp 0000:00:16.2:pcie004: service driver pciehp loaded
[    0.357271] pciehp 0000:00:16.3:pcie004: Slot #195 AttnBtn+ PwrCtrl+ MRL- AttnInd- PwrInd- HotPlug+ Surprise- Interlock- NoCompl+ LLActRep+
[    0.357362] pciehp 0000:00:16.3:pcie004: service driver pciehp loaded
[    0.357384] pciehp 0000:00:16.4:pcie004: Slot #196 AttnBtn+ PwrCtrl+ MRL- AttnInd- PwrInd- HotPlug+ Surprise- Interlock- NoCompl+ LLActRep+
[    0.357474] pciehp 0000:00:16.4:pcie004: service driver pciehp loaded
[    0.357496] pciehp 0000:00:16.5:pcie004: Slot #197 AttnBtn+ PwrCtrl+ MRL- AttnInd- PwrInd- HotPlug+ Surprise- Interlock- NoCompl+ LLActRep+
[    0.357606] pciehp 0000:00:16.5:pcie004: service driver pciehp loaded
[    0.357628] pciehp 0000:00:16.6:pcie004: Slot #198 AttnBtn+ PwrCtrl+ MRL- AttnInd- PwrInd- HotPlug+ Surprise- Interlock- NoCompl+ LLActRep+
[    0.357719] pciehp 0000:00:16.6:pcie004: service driver pciehp loaded
[    0.357750] pciehp 0000:00:16.7:pcie004: Slot #199 AttnBtn+ PwrCtrl+ MRL- AttnInd- PwrInd- HotPlug+ Surprise- Interlock- NoCompl+ LLActRep+
[    0.357838] pciehp 0000:00:16.7:pcie004: service driver pciehp loaded
[    0.357860] pciehp 0000:00:17.0:pcie004: Slot #224 AttnBtn+ PwrCtrl+ MRL- AttnInd- PwrInd- HotPlug+ Surprise- Interlock- NoCompl+ LLActRep+
[    0.357945] pciehp 0000:00:17.0:pcie004: service driver pciehp loaded
[    0.357966] pciehp 0000:00:17.1:pcie004: Slot #225 AttnBtn+ PwrCtrl+ MRL- AttnInd- PwrInd- HotPlug+ Surprise- Interlock- NoCompl+ LLActRep+
[    0.358053] pciehp 0000:00:17.1:pcie004: service driver pciehp loaded
[    0.358075] pciehp 0000:00:17.2:pcie004: Slot #226 AttnBtn+ PwrCtrl+ MRL- AttnInd- PwrInd- HotPlug+ Surprise- Interlock- NoCompl+ LLActRep+
[    0.358162] pciehp 0000:00:17.2:pcie004: service driver pciehp loaded
[    0.358183] pciehp 0000:00:17.3:pcie004: Slot #227 AttnBtn+ PwrCtrl+ MRL- AttnInd- PwrInd- HotPlug+ Surprise- Interlock- NoCompl+ LLActRep+
[    0.358269] pciehp 0000:00:17.3:pcie004: service driver pciehp loaded
[    0.358291] pciehp 0000:00:17.4:pcie004: Slot #228 AttnBtn+ PwrCtrl+ MRL- AttnInd- PwrInd- HotPlug+ Surprise- Interlock- NoCompl+ LLActRep+
[    0.358396] pciehp 0000:00:17.4:pcie004: service driver pciehp loaded
[    0.358418] pciehp 0000:00:17.5:pcie004: Slot #229 AttnBtn+ PwrCtrl+ MRL- AttnInd- PwrInd- HotPlug+ Surprise- Interlock- NoCompl+ LLActRep+
[    0.358535] pciehp 0000:00:17.5:pcie004: service driver pciehp loaded
[    0.358557] pciehp 0000:00:17.6:pcie004: Slot #230 AttnBtn+ PwrCtrl+ MRL- AttnInd- PwrInd- HotPlug+ Surprise- Interlock- NoCompl+ LLActRep+
[    0.358649] pciehp 0000:00:17.6:pcie004: service driver pciehp loaded
[    0.358670] pciehp 0000:00:17.7:pcie004: Slot #231 AttnBtn+ PwrCtrl+ MRL- AttnInd- PwrInd- HotPlug+ Surprise- Interlock- NoCompl+ LLActRep+
[    0.358949] pciehp 0000:00:17.7:pcie004: service driver pciehp loaded
[    0.358972] pciehp 0000:00:18.0:pcie004: Slot #256 AttnBtn+ PwrCtrl+ MRL- AttnInd- PwrInd- HotPlug+ Surprise- Interlock- NoCompl+ LLActRep+
[    0.359088] pciehp 0000:00:18.0:pcie004: service driver pciehp loaded
[    0.359110] pciehp 0000:00:18.1:pcie004: Slot #257 AttnBtn+ PwrCtrl+ MRL- AttnInd- PwrInd- HotPlug+ Surprise- Interlock- NoCompl+ LLActRep+
[    0.359212] pciehp 0000:00:18.1:pcie004: service driver pciehp loaded
[    0.359233] pciehp 0000:00:18.2:pcie004: Slot #258 AttnBtn+ PwrCtrl+ MRL- AttnInd- PwrInd- HotPlug+ Surprise- Interlock- NoCompl+ LLActRep+
[    0.359331] pciehp 0000:00:18.2:pcie004: service driver pciehp loaded
[    0.359352] pciehp 0000:00:18.3:pcie004: Slot #259 AttnBtn+ PwrCtrl+ MRL- AttnInd- PwrInd- HotPlug+ Surprise- Interlock- NoCompl+ LLActRep+
[    0.359447] pciehp 0000:00:18.3:pcie004: service driver pciehp loaded
[    0.359468] pciehp 0000:00:18.4:pcie004: Slot #260 AttnBtn+ PwrCtrl+ MRL- AttnInd- PwrInd- HotPlug+ Surprise- Interlock- NoCompl+ LLActRep+
[    0.359569] pciehp 0000:00:18.4:pcie004: service driver pciehp loaded
[    0.359590] pciehp 0000:00:18.5:pcie004: Slot #261 AttnBtn+ PwrCtrl+ MRL- AttnInd- PwrInd- HotPlug+ Surprise- Interlock- NoCompl+ LLActRep+
[    0.359691] pciehp 0000:00:18.5:pcie004: service driver pciehp loaded
[    0.359713] pciehp 0000:00:18.6:pcie004: Slot #262 AttnBtn+ PwrCtrl+ MRL- AttnInd- PwrInd- HotPlug+ Surprise- Interlock- NoCompl+ LLActRep+
[    0.359802] pciehp 0000:00:18.6:pcie004: service driver pciehp loaded
[    0.359823] pciehp 0000:00:18.7:pcie004: Slot #263 AttnBtn+ PwrCtrl+ MRL- AttnInd- PwrInd- HotPlug+ Surprise- Interlock- NoCompl+ LLActRep+
[    0.359917] pciehp 0000:00:18.7:pcie004: service driver pciehp loaded
[    0.359921] pciehp: PCI Express Hot Plug Controller Driver version: 0.4
[    0.359930] intel_idle: does not run on family 6 model 60
[    0.360641] GHES: HEST is not enabled!
[    0.360710] Serial: 8250/16550 driver, 4 ports, IRQ sharing enabled
[    0.361180] Linux agpgart interface v0.103
[    0.361238] agpgart-intel 0000:00:00.0: Intel 440BX Chipset
[    0.361697] agpgart-intel 0000:00:00.0: AGP aperture is 256M @ 0x0
[    0.361719] AMD IOMMUv2 driver by Joerg Roedel <jroedel@suse.de>
[    0.361719] AMD IOMMUv2 functionality not available on this system
[    0.362214] i8042: PNP: PS/2 Controller [PNP0303:KBC,PNP0f13:MOUS] at 0x60,0x64 irq 1,12
[    0.362735] serio: i8042 KBD port at 0x60,0x64 irq 1
[    0.362769] serio: i8042 AUX port at 0x60,0x64 irq 12
[    0.363030] mousedev: PS/2 mouse device common for all mice
[    0.363345] rtc_cmos 00:01: rtc core: registered rtc_cmos as rtc0
[    0.363439] rtc_cmos 00:01: alarms up to one month, y3k, 114 bytes nvram, hpet irqs
[    0.363910] ledtrig-cpu: registered to indicate activity on CPUs
[    0.365585] input: AT Translated Set 2 keyboard as /devices/platform/i8042/serio0/input/input0
[    0.367112] NET: Registered protocol family 10
[    0.369225] mip6: Mobile IPv6
[    0.369226] NET: Registered protocol family 17
[    0.369228] mpls_gso: MPLS GSO support
[    0.369523] microcode: sig=0x306c3, pf=0x1, revision=0x1c
[    0.369700] microcode: Microcode Update Driver: v2.01 <tigran@aivazian.fsnet.co.uk>, Peter Oruba
[    0.370010] registered taskstats version 1
[    0.370012] Loading compiled-in X.509 certificates
[    0.371638] alg: No test for pkcs1pad(rsa,sha256) (pkcs1pad(rsa-generic,sha256))
[    0.371825] Loaded X.509 cert 'Debian Project: Ben Hutchings: 008a018dca80932630'
[    0.372017] zswap: loaded using pool lzo/zbud
[    0.374828] rtc_cmos 00:01: setting system clock to 2017-03-29 23:52:44 UTC (1490831564)
[    0.374864] PM: Hibernation image not present or could not be loaded.
[    0.375556] Freeing unused kernel memory: 1392K (ffffffffa071d000 - ffffffffa0879000)
[    0.375557] Write protecting the kernel read-only data: 12288k
[    0.376034] Freeing unused kernel memory: 2028K (ffff8d1e6ce05000 - ffff8d1e6d000000)
[    0.377583] Freeing unused kernel memory: 1252K (ffff8d1e6d2c7000 - ffff8d1e6d400000)
[    0.378902] x86/mm: Checked W+X mappings: passed, no W+X pages found.
[    0.390855] random: systemd-udevd: uninitialized urandom read (16 bytes read)
[    0.390862] random: systemd-udevd: uninitialized urandom read (16 bytes read)
[    0.390867] random: systemd-udevd: uninitialized urandom read (16 bytes read)
[    0.390928] random: udevadm: uninitialized urandom read (16 bytes read)
[    0.390947] random: udevadm: uninitialized urandom read (16 bytes read)
[    0.396663] random: udevadm: uninitialized urandom read (16 bytes read)
[    0.396706] random: udevadm: uninitialized urandom read (16 bytes read)
[    0.396726] random: udevadm: uninitialized urandom read (16 bytes read)
[    0.396957] random: udevadm: uninitialized urandom read (16 bytes read)
[    0.397013] random: udevadm: uninitialized urandom read (16 bytes read)
[    0.443796] Fusion MPT base driver 3.04.20
[    0.443797] Copyright (c) 1999-2008 LSI Corporation
[    0.450993] SCSI subsystem initialized
[    0.454818] Fusion MPT SPI Host driver 3.04.20
[    0.457368] mptbase: ioc0: Initiating bringup
[    0.471428] AVX2 version of gcm_enc/dec engaged.
[    0.471429] AES CTR mode by8 optimization enabled
[    0.571650] ioc0: 
[    0.571654] LSI53C1030 B0: 
[    0.571657] Capabilities={
[    0.571659] Initiator
[    0.571662] }
[    0.814235] scsi host0: ioc0: LSI53C1030 B0, FwRev=01032920h, Ports=1, MaxQ=128, IRQ=17
[    0.980922] scsi 0:0:0:0: Direct-Access     VMware,  VMware Virtual S 1.0  PQ: 0 ANSI: 2
[    0.980998] scsi target0:0:0: Beginning Domain Validation
[    0.984021] scsi target0:0:0: Domain Validation skipping write tests
[    0.984026] scsi target0:0:0: Ending Domain Validation
[    0.984091] scsi target0:0:0: FAST-40 WIDE SCSI 80.0 MB/s ST (25 ns, offset 127)
[    0.986770] scsi 0:0:1:0: Direct-Access     VMware,  VMware Virtual S 1.0  PQ: 0 ANSI: 2
[    0.986785] scsi target0:0:1: Beginning Domain Validation
[    0.987947] scsi target0:0:1: Domain Validation skipping write tests
[    0.987951] scsi target0:0:1: Ending Domain Validation
[    0.988015] scsi target0:0:1: FAST-40 WIDE SCSI 80.0 MB/s ST (25 ns, offset 127)
[    0.992296] scsi 0:0:2:0: Direct-Access     VMware,  VMware Virtual S 1.0  PQ: 0 ANSI: 2
[    0.992315] scsi target0:0:2: Beginning Domain Validation
[    0.996668] scsi target0:0:2: Domain Validation skipping write tests
[    0.996673] scsi target0:0:2: Ending Domain Validation
