[    0.000000] Linux version 4.8.6-300.fc25.x86_64 (mockbuild@bkernel02.phx2.fedoraproject.org) (gcc version 6.2.1 20160916 (Red Hat 6.2.1-2) (GCC) ) #1 SMP Tue Nov 1 12:36:38 UTC 2016
[    0.000000] Command line: BOOT_IMAGE=/images/pxeboot/vmlinuz root=live:CDLABEL=Fedora-WS-Live-25-1-3 rd.live.image quiet
[    0.000000] x86/fpu: Supporting XSAVE feature 0x001: 'x87 floating point registers'
[    0.000000] x86/fpu: Supporting XSAVE feature 0x002: 'SSE registers'
[    0.000000] x86/fpu: Supporting XSAVE feature 0x004: 'AVX registers'
[    0.000000] x86/fpu: xstate_offset[2]:  576, xstate_sizes[2]:  256
[    0.000000] x86/fpu: Enabled xstate features 0x7, context size is 832 bytes, using 'standard' format.
[    0.000000] x86/fpu: Using 'eager' FPU context switches.
[    0.000000] e820: BIOS-provided physical RAM map:
[    0.000000] BIOS-e820: [mem 0x0000000000000000-0x000000000009efff] usable
[    0.000000] BIOS-e820: [mem 0x000000000009f000-0x000000000009ffff] reserved
[    0.000000] BIOS-e820: [mem 0x0000000000100000-0x000000001fffffff] usable
[    0.000000] BIOS-e820: [mem 0x0000000020000000-0x00000000201fffff] reserved
[    0.000000] BIOS-e820: [mem 0x0000000020200000-0x0000000040003fff] usable
[    0.000000] BIOS-e820: [mem 0x0000000040004000-0x0000000040004fff] reserved
[    0.000000] BIOS-e820: [mem 0x0000000040005000-0x00000000bbf0ffff] usable
[    0.000000] BIOS-e820: [mem 0x00000000bbf10000-0x00000000bc7c0fff] reserved
[    0.000000] BIOS-e820: [mem 0x00000000bc7c1000-0x00000000bc7d0fff] ACPI data
[    0.000000] BIOS-e820: [mem 0x00000000bc7d1000-0x00000000bc8f5fff] ACPI NVS
[    0.000000] BIOS-e820: [mem 0x00000000bc8f6000-0x00000000bd7d0fff] reserved
[    0.000000] BIOS-e820: [mem 0x00000000bd7d1000-0x00000000bd7d1fff] usable
[    0.000000] BIOS-e820: [mem 0x00000000bd7d2000-0x00000000bd814fff] ACPI NVS
[    0.000000] BIOS-e820: [mem 0x00000000bd815000-0x00000000bdc4afff] usable
[    0.000000] BIOS-e820: [mem 0x00000000bdc4b000-0x00000000bdff3fff] reserved
[    0.000000] BIOS-e820: [mem 0x00000000bdff4000-0x00000000bdffffff] usable
[    0.000000] BIOS-e820: [mem 0x00000000bf000000-0x00000000df1fffff] reserved
[    0.000000] BIOS-e820: [mem 0x00000000f8000000-0x00000000fbffffff] reserved
[    0.000000] BIOS-e820: [mem 0x00000000fec00000-0x00000000fec00fff] reserved
[    0.000000] BIOS-e820: [mem 0x00000000fed00000-0x00000000fed03fff] reserved
[    0.000000] BIOS-e820: [mem 0x00000000fed1c000-0x00000000fed1ffff] reserved
[    0.000000] BIOS-e820: [mem 0x00000000fee00000-0x00000000fee00fff] reserved
[    0.000000] BIOS-e820: [mem 0x00000000ff000000-0x00000000ffffffff] reserved
[    0.000000] BIOS-e820: [mem 0x0000000100000000-0x000000021fdfffff] usable
[    0.000000] NX (Execute Disable) protection: active
[    0.000000] e820: update [mem 0x7d34f018-0x7d35f057] usable ==> usable
[    0.000000] e820: update [mem 0x7d33f018-0x7d34e857] usable ==> usable
[    0.000000] extended physical RAM map:
[    0.000000] reserve setup_data: [mem 0x0000000000000000-0x000000000009efff] usable
[    0.000000] reserve setup_data: [mem 0x000000000009f000-0x000000000009ffff] reserved
[    0.000000] reserve setup_data: [mem 0x0000000000100000-0x000000001fffffff] usable
[    0.000000] reserve setup_data: [mem 0x0000000020000000-0x00000000201fffff] reserved
[    0.000000] reserve setup_data: [mem 0x0000000020200000-0x0000000040003fff] usable
[    0.000000] reserve setup_data: [mem 0x0000000040004000-0x0000000040004fff] reserved
[    0.000000] reserve setup_data: [mem 0x0000000040005000-0x000000007d33f017] usable
[    0.000000] reserve setup_data: [mem 0x000000007d33f018-0x000000007d34e857] usable
[    0.000000] reserve setup_data: [mem 0x000000007d34e858-0x000000007d34f017] usable
[    0.000000] reserve setup_data: [mem 0x000000007d34f018-0x000000007d35f057] usable
[    0.000000] reserve setup_data: [mem 0x000000007d35f058-0x00000000bbf0ffff] usable
[    0.000000] reserve setup_data: [mem 0x00000000bbf10000-0x00000000bc7c0fff] reserved
[    0.000000] reserve setup_data: [mem 0x00000000bc7c1000-0x00000000bc7d0fff] ACPI data
[    0.000000] reserve setup_data: [mem 0x00000000bc7d1000-0x00000000bc8f5fff] ACPI NVS
[    0.000000] reserve setup_data: [mem 0x00000000bc8f6000-0x00000000bd7d0fff] reserved
[    0.000000] reserve setup_data: [mem 0x00000000bd7d1000-0x00000000bd7d1fff] usable
[    0.000000] reserve setup_data: [mem 0x00000000bd7d2000-0x00000000bd814fff] ACPI NVS
[    0.000000] reserve setup_data: [mem 0x00000000bd815000-0x00000000bdc4afff] usable
[    0.000000] reserve setup_data: [mem 0x00000000bdc4b000-0x00000000bdff3fff] reserved
[    0.000000] reserve setup_data: [mem 0x00000000bdff4000-0x00000000bdffffff] usable
[    0.000000] reserve setup_data: [mem 0x00000000bf000000-0x00000000df1fffff] reserved
[    0.000000] reserve setup_data: [mem 0x00000000f8000000-0x00000000fbffffff] reserved
[    0.000000] reserve setup_data: [mem 0x00000000fec00000-0x00000000fec00fff] reserved
[    0.000000] reserve setup_data: [mem 0x00000000fed00000-0x00000000fed03fff] reserved
[    0.000000] reserve setup_data: [mem 0x00000000fed1c000-0x00000000fed1ffff] reserved
[    0.000000] reserve setup_data: [mem 0x00000000fee00000-0x00000000fee00fff] reserved
[    0.000000] reserve setup_data: [mem 0x00000000ff000000-0x00000000ffffffff] reserved
[    0.000000] reserve setup_data: [mem 0x0000000100000000-0x000000021fdfffff] usable
[    0.000000] efi: EFI v2.31 by American Megatrends
[    0.000000] efi:  ACPI=0xbc7c4000  ACPI 2.0=0xbc7c4000  SMBIOS=0xf04c0  MPS=0xfd4a0 
[    0.000000] SMBIOS 2.7 present.
[    0.000000] DMI: System manufacturer System Product Name/SABERTOOTH Z77, BIOS 2104 08/13/2013
[    0.000000] e820: update [mem 0x00000000-0x00000fff] usable ==> reserved
[    0.000000] e820: remove [mem 0x000a0000-0x000fffff] usable
[    0.000000] e820: last_pfn = 0x21fe00 max_arch_pfn = 0x400000000
[    0.000000] MTRR default type: uncachable
[    0.000000] MTRR fixed ranges enabled:
[    0.000000]   00000-9FFFF write-back
[    0.000000]   A0000-BFFFF uncachable
[    0.000000]   C0000-CFFFF write-protect
[    0.000000]   D0000-DFFFF uncachable
[    0.000000]   E0000-FFFFF write-protect
[    0.000000] MTRR variable ranges enabled:
[    0.000000]   0 base 000000000 mask E00000000 write-back
[    0.000000]   1 base 200000000 mask FE0000000 write-back
[    0.000000]   2 base 0C0000000 mask FC0000000 uncachable
[    0.000000]   3 base 0BF000000 mask FFF000000 uncachable
[    0.000000]   4 base 21FE00000 mask FFFE00000 uncachable
[    0.000000]   5 disabled
[    0.000000]   6 disabled
[    0.000000]   7 disabled
[    0.000000]   8 disabled
[    0.000000]   9 disabled
[    0.000000] x86/PAT: Configuration [0-7]: WB  WC  UC- UC  WB  WC  UC- WT  
[    0.000000] e820: update [mem 0xbf000000-0xffffffff] usable ==> reserved
[    0.000000] e820: last_pfn = 0xbe000 max_arch_pfn = 0x400000000
[    0.000000] found SMP MP-table at [mem 0x000fd810-0x000fd81f] mapped at [ffff9ac3800fd810]
[    0.000000] Base memory trampoline at [ffff9ac380097000] 97000 size 24576
[    0.000000] BRK [0x6d27c000, 0x6d27cfff] PGTABLE
[    0.000000] BRK [0x6d27d000, 0x6d27dfff] PGTABLE
[    0.000000] BRK [0x6d27e000, 0x6d27efff] PGTABLE
[    0.000000] BRK [0x6d27f000, 0x6d27ffff] PGTABLE
[    0.000000] BRK [0x6d280000, 0x6d280fff] PGTABLE
[    0.000000] BRK [0x6d281000, 0x6d281fff] PGTABLE
[    0.000000] BRK [0x6d282000, 0x6d282fff] PGTABLE
[    0.000000] BRK [0x6d283000, 0x6d283fff] PGTABLE
[    0.000000] BRK [0x6d284000, 0x6d284fff] PGTABLE
[    0.000000] BRK [0x6d285000, 0x6d285fff] PGTABLE
[    0.000000] BRK [0x6d286000, 0x6d286fff] PGTABLE
[    0.000000] BRK [0x6d287000, 0x6d287fff] PGTABLE
[    0.000000] RAMDISK: [mem 0x3c444000-0x3e9e5fff]
[    0.000000] ACPI: Early table checksum verification disabled
[    0.000000] ACPI: RSDP 0x00000000BC7C4000 000024 (v02 ALASKA)
[    0.000000] ACPI: XSDT 0x00000000BC7C4078 000064 (v01 ALASKA A M I    01072009 AMI  00010013)
[    0.000000] ACPI: FACP 0x00000000BC7CEE18 00010C (v05 ALASKA A M I    01072009 AMI  00010013)
[    0.000000] ACPI: DSDT 0x00000000BC7C4170 00ACA5 (v02 ALASKA A M I    00000022 INTL 20051117)
[    0.000000] ACPI: FACS 0x00000000BC8F4080 000040
[    0.000000] ACPI: APIC 0x00000000BC7CEF28 000072 (v03 ALASKA A M I    01072009 AMI  00010013)
[    0.000000] ACPI: FPDT 0x00000000BC7CEFA0 000044 (v01 ALASKA A M I    01072009 AMI  00010013)
[    0.000000] ACPI: MCFG 0x00000000BC7CEFE8 00003C (v01 ALASKA A M I    01072009 MSFT 00000097)
[    0.000000] ACPI: HPET 0x00000000BC7CF028 000038 (v01 ALASKA A M I    01072009 AMI. 00000005)
[    0.000000] ACPI: SSDT 0x00000000BC7CF060 00036D (v01 SataRe SataTabl 00001000 INTL 20091112)
[    0.000000] ACPI: SSDT 0x00000000BC7CFDD8 000A92 (v01 PmRef  CpuPm    00003000 INTL 20051117)
[    0.000000] ACPI: SSDT 0x00000000BC7CF428 0009AA (v01 PmRef  Cpu0Ist  00003000 INTL 20051117)
[    0.000000] ACPI: Local APIC address 0xfee00000
[    0.000000] No NUMA configuration found
[    0.000000] Faking a node at [mem 0x0000000000000000-0x000000021fdfffff]
[    0.000000] NODE_DATA(0) allocated [mem 0x21fde4000-0x21fdfafff]
[    0.000000] Zone ranges:
[    0.000000]   DMA      [mem 0x0000000000001000-0x0000000000ffffff]
[    0.000000]   DMA32    [mem 0x0000000001000000-0x00000000ffffffff]
[    0.000000]   Normal   [mem 0x0000000100000000-0x000000021fdfffff]
[    0.000000]   Device   empty
[    0.000000] Movable zone start for each node
[    0.000000] Early memory node ranges
[    0.000000]   node   0: [mem 0x0000000000001000-0x000000000009efff]
[    0.000000]   node   0: [mem 0x0000000000100000-0x000000001fffffff]
[    0.000000]   node   0: [mem 0x0000000020200000-0x0000000040003fff]
[    0.000000]   node   0: [mem 0x0000000040005000-0x00000000bbf0ffff]
[    0.000000]   node   0: [mem 0x00000000bd7d1000-0x00000000bd7d1fff]
[    0.000000]   node   0: [mem 0x00000000bd815000-0x00000000bdc4afff]
[    0.000000]   node   0: [mem 0x00000000bdff4000-0x00000000bdffffff]
[    0.000000]   node   0: [mem 0x0000000100000000-0x000000021fdfffff]
[    0.000000] Initmem setup node 0 [mem 0x0000000000001000-0x000000021fdfffff]
[    0.000000] On node 0 totalpages: 1949424
[    0.000000]   DMA zone: 64 pages used for memmap
[    0.000000]   DMA zone: 25 pages reserved
[    0.000000]   DMA zone: 3998 pages, LIFO batch:0
[    0.000000]   DMA32 zone: 11974 pages used for memmap
[    0.000000]   DMA32 zone: 766290 pages, LIFO batch:31
[    0.000000]   Normal zone: 18424 pages used for memmap
[    0.000000]   Normal zone: 1179136 pages, LIFO batch:31
[    0.000000] tboot: non-0 tboot_addr but it is not of type E820_RESERVED
[    0.000000] Reserving Intel graphics memory at 0x00000000bf200000-0x00000000df1fffff
[    0.000000] ACPI: PM-Timer IO Port: 0x408
[    0.000000] ACPI: Local APIC address 0xfee00000
[    0.000000] ACPI: LAPIC_NMI (acpi_id[0xff] high edge lint[0x1])
[    0.000000] IOAPIC[0]: apic_id 2, version 32, address 0xfec00000, GSI 0-23
[    0.000000] ACPI: INT_SRC_OVR (bus 0 bus_irq 0 global_irq 2 dfl dfl)
[    0.000000] ACPI: INT_SRC_OVR (bus 0 bus_irq 9 global_irq 9 high level)
[    0.000000] ACPI: IRQ0 used by override.
[    0.000000] ACPI: IRQ9 used by override.
[    0.000000] Using ACPI (MADT) for SMP configuration information
[    0.000000] ACPI: HPET id: 0x8086a701 base: 0xfed00000
[    0.000000] smpboot: Allowing 4 CPUs, 0 hotplug CPUs
[    0.000000] PM: Registered nosave memory: [mem 0x00000000-0x00000fff]
[    0.000000] PM: Registered nosave memory: [mem 0x0009f000-0x0009ffff]
[    0.000000] PM: Registered nosave memory: [mem 0x000a0000-0x000fffff]
[    0.000000] PM: Registered nosave memory: [mem 0x20000000-0x201fffff]
[    0.000000] PM: Registered nosave memory: [mem 0x40004000-0x40004fff]
[    0.000000] PM: Registered nosave memory: [mem 0x7d33f000-0x7d33ffff]
[    0.000000] PM: Registered nosave memory: [mem 0x7d34e000-0x7d34efff]
[    0.000000] PM: Registered nosave memory: [mem 0x7d34f000-0x7d34ffff]
[    0.000000] PM: Registered nosave memory: [mem 0x7d35f000-0x7d35ffff]
[    0.000000] PM: Registered nosave memory: [mem 0xbbf10000-0xbc7c0fff]
[    0.000000] PM: Registered nosave memory: [mem 0xbc7c1000-0xbc7d0fff]
[    0.000000] PM: Registered nosave memory: [mem 0xbc7d1000-0xbc8f5fff]
[    0.000000] PM: Registered nosave memory: [mem 0xbc8f6000-0xbd7d0fff]
[    0.000000] PM: Registered nosave memory: [mem 0xbd7d2000-0xbd814fff]
[    0.000000] PM: Registered nosave memory: [mem 0xbdc4b000-0xbdff3fff]
[    0.000000] PM: Registered nosave memory: [mem 0xbe000000-0xbeffffff]
[    0.000000] PM: Registered nosave memory: [mem 0xbf000000-0xdf1fffff]
[    0.000000] PM: Registered nosave memory: [mem 0xdf200000-0xf7ffffff]
[    0.000000] PM: Registered nosave memory: [mem 0xf8000000-0xfbffffff]
[    0.000000] PM: Registered nosave memory: [mem 0xfc000000-0xfebfffff]
[    0.000000] PM: Registered nosave memory: [mem 0xfec00000-0xfec00fff]
[    0.000000] PM: Registered nosave memory: [mem 0xfec01000-0xfecfffff]
[    0.000000] PM: Registered nosave memory: [mem 0xfed00000-0xfed03fff]
[    0.000000] PM: Registered nosave memory: [mem 0xfed04000-0xfed1bfff]
[    0.000000] PM: Registered nosave memory: [mem 0xfed1c000-0xfed1ffff]
[    0.000000] PM: Registered nosave memory: [mem 0xfed20000-0xfedfffff]
[    0.000000] PM: Registered nosave memory: [mem 0xfee00000-0xfee00fff]
[    0.000000] PM: Registered nosave memory: [mem 0xfee01000-0xfeffffff]
[    0.000000] PM: Registered nosave memory: [mem 0xff000000-0xffffffff]
[    0.000000] e820: [mem 0xdf200000-0xf7ffffff] available for PCI devices
[    0.000000] Booting paravirtualized kernel on bare hardware
[    0.000000] clocksource: refined-jiffies: mask: 0xffffffff max_cycles: 0xffffffff, max_idle_ns: 1910969940391419 ns
[    0.000000] setup_percpu: NR_CPUS:1024 nr_cpumask_bits:4 nr_cpu_ids:4 nr_node_ids:1
[    0.000000] percpu: Embedded 36 pages/cpu @ffff9ac59fa00000 s108760 r8192 d30504 u524288
[    0.000000] pcpu-alloc: s108760 r8192 d30504 u524288 alloc=1*2097152
[    0.000000] pcpu-alloc: [0] 0 1 2 3 
[    0.000000] Built 1 zonelists in Node order, mobility grouping on.  Total pages: 1918937
[    0.000000] Policy zone: Normal
[    0.000000] Kernel command line: BOOT_IMAGE=/images/pxeboot/vmlinuz root=live:CDLABEL=Fedora-WS-Live-25-1-3 rd.live.image quiet
[    0.000000] PID hash table entries: 4096 (order: 3, 32768 bytes)
[    0.000000] Memory: 7331960K/7797696K available (8221K kernel code, 1416K rwdata, 3340K rodata, 1608K init, 1520K bss, 465736K reserved, 0K cma-reserved)
[    0.000000] SLUB: HWalign=64, Order=0-3, MinObjects=0, CPUs=4, Nodes=1
[    0.000000] Hierarchical RCU implementation.
[    0.000000] 	Build-time adjustment of leaf fanout to 64.
[    0.000000] 	RCU restricting CPUs from NR_CPUS=1024 to nr_cpu_ids=4.
[    0.000000] RCU: Adjusting geometry for rcu_fanout_leaf=64, nr_cpu_ids=4
[    0.000000] NR_IRQS:65792 nr_irqs:456 16
[    0.000000] 	Offload RCU callbacks from all CPUs
[    0.000000] 	Offload RCU callbacks from CPUs: 0-3.
[    0.000000] Console: colour dummy device 80x25
[    0.000000] console [tty0] enabled
[    0.000000] clocksource: hpet: mask: 0xffffffff max_cycles: 0xffffffff, max_idle_ns: 133484882848 ns
[    0.000000] hpet clockevent registered
[    0.000000] tsc: Unable to calibrate against PIT
[    0.000000] tsc: using HPET reference calibration
[    0.000000] tsc: Detected 3399.996 MHz processor
[    0.000020] Calibrating delay loop (skipped), value calculated using timer frequency.. 6799.99 BogoMIPS (lpj=3399996)
[    0.000021] pid_max: default: 32768 minimum: 301
[    0.000032] ACPI: Core revision 20160422
[    0.005081] ACPI: 4 ACPI AML tables successfully acquired and loaded

[    0.005592] Security Framework initialized
[    0.005594] Yama: becoming mindful.
[    0.005596] SELinux:  Initializing.
[    0.005609] SELinux:  Starting in permissive mode
[    0.005943] Dentry cache hash table entries: 1048576 (order: 11, 8388608 bytes)
[    0.007369] Inode-cache hash table entries: 524288 (order: 10, 4194304 bytes)
[    0.008012] Mount-cache hash table entries: 16384 (order: 5, 131072 bytes)
[    0.008018] Mountpoint-cache hash table entries: 16384 (order: 5, 131072 bytes)
[    0.008214] CPU: Physical Processor ID: 0
[    0.008214] CPU: Processor Core ID: 0
[    0.008218] ENERGY_PERF_BIAS: Set to 'normal', was 'performance'
[    0.008218] ENERGY_PERF_BIAS: View and update with x86_energy_perf_policy(8)
[    0.008220] mce: CPU supports 9 MCE banks
[    0.008226] CPU0: Thermal monitoring enabled (TM1)
[    0.008234] process: using mwait in idle threads
[    0.008236] Last level iTLB entries: 4KB 512, 2MB 8, 4MB 8
[    0.008237] Last level dTLB entries: 4KB 512, 2MB 32, 4MB 32, 1GB 0
[    0.008567] Freeing SMP alternatives memory: 32K (ffffffff960f6000 - ffffffff960fe000)
[    0.086991] ftrace: allocating 30758 entries in 121 pages
[    0.097977] smpboot: APIC(0) Converting physical 0 to logical package 0
[    0.097977] smpboot: Max logical packages: 1
[    0.098363] ..TIMER: vector=0x30 apic1=0 pin1=2 apic2=-1 pin2=-1
[    0.108367] TSC deadline timer enabled
[    0.108369] smpboot: CPU0: Intel(R) Core(TM) i5-3570K CPU @ 3.40GHz (family: 0x6, model: 0x3a, stepping: 0x9)
[    0.108371] Performance Events: PEBS fmt1+, IvyBridge events, 16-deep LBR, full-width counters, Intel PMU driver.
[    0.108389] ... version:                3
[    0.108390] ... bit width:              48
[    0.108390] ... generic registers:      8
[    0.108390] ... value mask:             0000ffffffffffff
[    0.108391] ... max period:             0000ffffffffffff
[    0.108391] ... fixed-purpose events:   3
[    0.108391] ... event mask:             00000007000000ff
[    0.108880] NMI watchdog: enabled on all CPUs, permanently consumes one hw-PMU counter.
[    0.108949] x86: Booting SMP configuration:
[    0.108950] .... node  #0, CPUs:      #1 #2 #3
[    0.294555] x86: Booted up 1 node, 4 CPUs
[    0.294557] smpboot: Total of 4 processors activated (27211.76 BogoMIPS)
[    0.296848] devtmpfs: initialized
[    0.296892] x86/mm: Memory block size: 128MB
[    0.298904] PM: Registering ACPI NVS region [mem 0xbc7d1000-0xbc8f5fff] (1200128 bytes)
[    0.298916] PM: Registering ACPI NVS region [mem 0xbd7d2000-0xbd814fff] (274432 bytes)
[    0.298953] clocksource: jiffies: mask: 0xffffffff max_cycles: 0xffffffff, max_idle_ns: 1911260446275000 ns
[    0.298984] atomic64_test: passed for x86-64 platform with CX8 and with SSE
[    0.298985] pinctrl core: initialized pinctrl subsystem
[    0.299021] RTC time:  6:42:17, date: 03/30/17
[    0.299085] NET: Registered protocol family 16
[    0.302616] cpuidle: using governor menu
[    0.302674] ACPI FADT declares the system doesn't support PCIe ASPM, so disable it
[    0.302675] ACPI: bus type PCI registered
[    0.302676] acpiphp: ACPI Hot Plug PCI Controller Driver version: 0.5
[    0.302731] PCI: MMCONFIG for domain 0000 [bus 00-3f] at [mem 0xf8000000-0xfbffffff] (base 0xf8000000)
[    0.302733] PCI: MMCONFIG at [mem 0xf8000000-0xfbffffff] reserved in E820
[    0.302735] pmd_set_huge: Cannot satisfy [mem 0xf8000000-0xf8200000] with a huge-page mapping due to MTRR override.
[    0.302790] PCI: Using configuration type 1 for base access
[    0.302904] NMI watchdog: enabled on all CPUs, permanently consumes one hw-PMU counter.
[    0.302909] core: PMU erratum BJ122, BV98, HSD29 workaround disabled, HT off
[    0.303052] mtrr: your CPUs had inconsistent fixed MTRR settings
[    0.303053] mtrr: probably your BIOS does not setup all CPUs.
[    0.303053] mtrr: corrected configuration.
[    0.310706] HugeTLB registered 2 MB page size, pre-allocated 0 pages
[    0.310857] ACPI: Added _OSI(Module Device)
[    0.310857] ACPI: Added _OSI(Processor Device)
[    0.310858] ACPI: Added _OSI(3.0 _SCP Extensions)
[    0.310858] ACPI: Added _OSI(Processor Aggregator Device)
[    0.310986] ACPI: Executed 1 blocks of module-level executable AML code
[    0.313537] ACPI: Dynamic OEM Table Load:
[    0.313541] ACPI: SSDT 0xFFFF9AC596621000 00083B (v01 PmRef  Cpu0Cst  00003001 INTL 20051117)
[    0.314061] ACPI: Dynamic OEM Table Load:
[    0.314063] ACPI: SSDT 0xFFFF9AC5965EC000 000303 (v01 PmRef  ApIst    00003000 INTL 20051117)
[    0.314362] ACPI: Dynamic OEM Table Load:
[    0.314363] ACPI: SSDT 0xFFFF9AC5965D4C00 000119 (v01 PmRef  ApCst    00003000 INTL 20051117)
[    0.314952] ACPI : EC: EC started
[    0.314967] ACPI: Interpreter enabled
[    0.314981] ACPI: (supports S0 S3 S4 S5)
[    0.314982] ACPI: Using IOAPIC for interrupt routing
[    0.314998] PCI: Using host bridge windows from ACPI; if necessary, use "pci=nocrs" and report a bug
[    0.319028] ACPI: Power Resource [FN00] (off)
[    0.319082] ACPI: Power Resource [FN01] (off)
[    0.319135] ACPI: Power Resource [FN02] (off)
[    0.319186] ACPI: Power Resource [FN03] (off)
[    0.319241] ACPI: Power Resource [FN04] (off)
[    0.319647] ACPI: PCI Root Bridge [PCI0] (domain 0000 [bus 00-3e])
[    0.319650] acpi PNP0A08:00: _OSC: OS supports [ExtendedConfig ASPM ClockPM Segments MSI]
[    0.319759] acpi PNP0A08:00: _OSC: platform does not support [PCIeHotplug PME]
[    0.319845] acpi PNP0A08:00: _OSC: OS now controls [AER PCIeCapability]
[    0.319846] acpi PNP0A08:00: FADT indicates ASPM is unsupported, using BIOS configuration
[    0.320143] PCI host bridge to bus 0000:00
[    0.320144] pci_bus 0000:00: root bus resource [io  0x0000-0x0cf7 window]
[    0.320145] pci_bus 0000:00: root bus resource [io  0x0d00-0xffff window]
[    0.320146] pci_bus 0000:00: root bus resource [mem 0x000a0000-0x000bffff window]
[    0.320147] pci_bus 0000:00: root bus resource [mem 0x000d0000-0x000d3fff window]
[    0.320147] pci_bus 0000:00: root bus resource [mem 0x000d4000-0x000d7fff window]
[    0.320148] pci_bus 0000:00: root bus resource [mem 0x000d8000-0x000dbfff window]
[    0.320149] pci_bus 0000:00: root bus resource [mem 0x000dc000-0x000dffff window]
[    0.320150] pci_bus 0000:00: root bus resource [mem 0xdf200000-0xfeafffff window]
[    0.320151] pci_bus 0000:00: root bus resource [bus 00-3e]
[    0.320156] pci 0000:00:00.0: [8086:0150] type 00 class 0x060000
[    0.320225] pci 0000:00:01.0: [8086:0151] type 01 class 0x060400
[    0.320250] pci 0000:00:01.0: PME# supported from D0 D3hot D3cold
[    0.320284] pci 0000:00:01.0: System wakeup disabled by ACPI
[    0.320311] pci 0000:00:02.0: [8086:0162] type 00 class 0x030000
[    0.320317] pci 0000:00:02.0: reg 0x10: [mem 0xf7400000-0xf77fffff 64bit]
[    0.320321] pci 0000:00:02.0: reg 0x18: [mem 0xe0000000-0xefffffff 64bit pref]
[    0.320324] pci 0000:00:02.0: reg 0x20: [io  0xf000-0xf03f]
[    0.320415] pci 0000:00:14.0: [8086:1e31] type 00 class 0x0c0330
[    0.320432] pci 0000:00:14.0: reg 0x10: [mem 0xf7c20000-0xf7c2ffff 64bit]
[    0.320494] pci 0000:00:14.0: PME# supported from D3hot D3cold
[    0.320530] pci 0000:00:14.0: System wakeup disabled by ACPI
[    0.320557] pci 0000:00:16.0: [8086:1e3a] type 00 class 0x078000
[    0.320575] pci 0000:00:16.0: reg 0x10: [mem 0xf7c3b000-0xf7c3b00f 64bit]
[    0.320645] pci 0000:00:16.0: PME# supported from D0 D3hot D3cold
[    0.320710] pci 0000:00:19.0: [8086:1503] type 00 class 0x020000
[    0.320723] pci 0000:00:19.0: reg 0x10: [mem 0xf7c00000-0xf7c1ffff]
[    0.320730] pci 0000:00:19.0: reg 0x14: [mem 0xf7c39000-0xf7c39fff]
[    0.320736] pci 0000:00:19.0: reg 0x18: [io  0xf080-0xf09f]
[    0.320789] pci 0000:00:19.0: PME# supported from D0 D3hot D3cold
[    0.320824] pci 0000:00:19.0: System wakeup disabled by ACPI
[    0.320852] pci 0000:00:1a.0: [8086:1e2d] type 00 class 0x0c0320
[    0.320867] pci 0000:00:1a.0: reg 0x10: [mem 0xf7c38000-0xf7c383ff]
[    0.320943] pci 0000:00:1a.0: PME# supported from D0 D3hot D3cold
[    0.320987] pci 0000:00:1a.0: System wakeup disabled by ACPI
[    0.321014] pci 0000:00:1b.0: [8086:1e20] type 00 class 0x040300
[    0.321027] pci 0000:00:1b.0: reg 0x10: [mem 0xf7c30000-0xf7c33fff 64bit]
[    0.321083] pci 0000:00:1b.0: PME# supported from D0 D3hot D3cold
[    0.321122] pci 0000:00:1b.0: System wakeup disabled by ACPI
[    0.321149] pci 0000:00:1c.0: [8086:1e10] type 01 class 0x060400
[    0.321217] pci 0000:00:1c.0: PME# supported from D0 D3hot D3cold
[    0.321255] pci 0000:00:1c.0: System wakeup disabled by ACPI
[    0.321283] pci 0000:00:1c.3: [8086:1e16] type 01 class 0x060400
[    0.321351] pci 0000:00:1c.3: PME# supported from D0 D3hot D3cold
[    0.321389] pci 0000:00:1c.3: System wakeup disabled by ACPI
[    0.321414] pci 0000:00:1c.4: [8086:1e18] type 01 class 0x060400
[    0.321482] pci 0000:00:1c.4: PME# supported from D0 D3hot D3cold
[    0.321520] pci 0000:00:1c.4: System wakeup disabled by ACPI
[    0.321548] pci 0000:00:1c.6: [8086:1e1c] type 01 class 0x060400
[    0.321616] pci 0000:00:1c.6: PME# supported from D0 D3hot D3cold
[    0.321656] pci 0000:00:1c.6: System wakeup disabled by ACPI
[    0.321682] pci 0000:00:1c.7: [8086:1e1e] type 01 class 0x060400
[    0.321916] pci 0000:00:1c.7: PME# supported from D0 D3hot D3cold
[    0.321955] pci 0000:00:1c.7: System wakeup disabled by ACPI
[    0.321982] pci 0000:00:1d.0: [8086:1e26] type 00 class 0x0c0320
[    0.321997] pci 0000:00:1d.0: reg 0x10: [mem 0xf7c37000-0xf7c373ff]
[    0.322073] pci 0000:00:1d.0: PME# supported from D0 D3hot D3cold
[    0.322117] pci 0000:00:1d.0: System wakeup disabled by ACPI
[    0.322145] pci 0000:00:1f.0: [8086:1e44] type 00 class 0x060100
[    0.322293] pci 0000:00:1f.2: [8086:1e02] type 00 class 0x010601
[    0.322305] pci 0000:00:1f.2: reg 0x10: [io  0xf0d0-0xf0d7]
[    0.322311] pci 0000:00:1f.2: reg 0x14: [io  0xf0c0-0xf0c3]
[    0.322316] pci 0000:00:1f.2: reg 0x18: [io  0xf0b0-0xf0b7]
[    0.322322] pci 0000:00:1f.2: reg 0x1c: [io  0xf0a0-0xf0a3]
[    0.322328] pci 0000:00:1f.2: reg 0x20: [io  0xf060-0xf07f]
[    0.322334] pci 0000:00:1f.2: reg 0x24: [mem 0xf7c36000-0xf7c367ff]
[    0.322369] pci 0000:00:1f.2: PME# supported from D3hot
[    0.322424] pci 0000:00:1f.3: [8086:1e22] type 00 class 0x0c0500
[    0.322437] pci 0000:00:1f.3: reg 0x10: [mem 0xf7c35000-0xf7c350ff 64bit]
[    0.322454] pci 0000:00:1f.3: reg 0x20: [io  0xf040-0xf05f]
[    0.322546] pci 0000:00:01.0: PCI bridge to [bus 01]
[    0.322591] pci 0000:00:1c.0: PCI bridge to [bus 02]
[    0.322659] pci 0000:03:00.0: [10ec:8168] type 00 class 0x020000
[    0.322677] pci 0000:03:00.0: reg 0x10: [io  0xe000-0xe0ff]
[    0.322702] pci 0000:03:00.0: reg 0x18: [mem 0xf7b00000-0xf7b00fff 64bit]
[    0.322718] pci 0000:03:00.0: reg 0x20: [mem 0xf0000000-0xf0003fff 64bit pref]
[    0.322825] pci 0000:03:00.0: supports D1 D2
[    0.322826] pci 0000:03:00.0: PME# supported from D0 D1 D2 D3hot D3cold
[    0.322869] pci 0000:03:00.0: System wakeup disabled by ACPI
[    0.325651] pci 0000:00:1c.3: PCI bridge to [bus 03]
[    0.325653] pci 0000:00:1c.3:   bridge window [io  0xe000-0xefff]
[    0.325656] pci 0000:00:1c.3:   bridge window [mem 0xf7b00000-0xf7bfffff]
[    0.325660] pci 0000:00:1c.3:   bridge window [mem 0xf0000000-0xf00fffff 64bit pref]
[    0.325724] pci 0000:04:00.0: [1b21:1042] type 00 class 0x0c0330
[    0.325754] pci 0000:04:00.0: reg 0x10: [mem 0xf7a00000-0xf7a07fff 64bit]
[    0.325909] pci 0000:04:00.0: PME# supported from D3hot D3cold
[    0.325939] pci 0000:04:00.0: System wakeup disabled by ACPI
[    0.328651] pci 0000:00:1c.4: PCI bridge to [bus 04]
[    0.328655] pci 0000:00:1c.4:   bridge window [mem 0xf7a00000-0xf7afffff]
[    0.328716] pci 0000:05:00.0: [1b21:0612] type 00 class 0x010601
[    0.328736] pci 0000:05:00.0: reg 0x10: [io  0xd050-0xd057]
[    0.328748] pci 0000:05:00.0: reg 0x14: [io  0xd040-0xd043]
[    0.328760] pci 0000:05:00.0: reg 0x18: [io  0xd030-0xd037]
[    0.328771] pci 0000:05:00.0: reg 0x1c: [io  0xd020-0xd023]
[    0.328783] pci 0000:05:00.0: reg 0x20: [io  0xd000-0xd01f]
[    0.328795] pci 0000:05:00.0: reg 0x24: [mem 0xf7900000-0xf79001ff]
[    0.328902] pci 0000:05:00.0: System wakeup disabled by ACPI
[    0.331654] pci 0000:00:1c.6: PCI bridge to [bus 05]
[    0.331656] pci 0000:00:1c.6:   bridge window [io  0xd000-0xdfff]
[    0.331659] pci 0000:00:1c.6:   bridge window [mem 0xf7900000-0xf79fffff]
[    0.331719] pci 0000:06:00.0: [1b21:0612] type 00 class 0x010601
[    0.331739] pci 0000:06:00.0: reg 0x10: [io  0xc050-0xc057]
[    0.331751] pci 0000:06:00.0: reg 0x14: [io  0xc040-0xc043]
[    0.331763] pci 0000:06:00.0: reg 0x18: [io  0xc030-0xc037]
[    0.331775] pci 0000:06:00.0: reg 0x1c: [io  0xc020-0xc023]
[    0.331788] pci 0000:06:00.0: reg 0x20: [io  0xc000-0xc01f]
[    0.331800] pci 0000:06:00.0: reg 0x24: [mem 0xf7800000-0xf78001ff]
[    0.331905] pci 0000:06:00.0: System wakeup disabled by ACPI
[    0.334655] pci 0000:00:1c.7: PCI bridge to [bus 06]
[    0.334657] pci 0000:00:1c.7:   bridge window [io  0xc000-0xcfff]
[    0.334660] pci 0000:00:1c.7:   bridge window [mem 0xf7800000-0xf78fffff]
[    0.335007] ACPI: PCI Interrupt Link [LNKA] (IRQs 3 4 5 6 10 *11 12 14 15)
[    0.335041] ACPI: PCI Interrupt Link [LNKB] (IRQs 3 4 5 6 10 11 12 14 15) *0, disabled.
[    0.335075] ACPI: PCI Interrupt Link [LNKC] (IRQs 3 *4 5 6 10 11 12 14 15)
[    0.335107] ACPI: PCI Interrupt Link [LNKD] (IRQs 3 4 5 6 *10 11 12 14 15)
[    0.335140] ACPI: PCI Interrupt Link [LNKE] (IRQs 3 4 *5 6 10 11 12 14 15)
[    0.335174] ACPI: PCI Interrupt Link [LNKF] (IRQs 3 4 5 6 10 11 12 14 15) *0, disabled.
[    0.335207] ACPI: PCI Interrupt Link [LNKG] (IRQs *3 4 5 6 10 11 12 14 15)
[    0.335239] ACPI: PCI Interrupt Link [LNKH] (IRQs 3 4 5 6 10 *11 12 14 15)
[    0.335406] ACPI: Enabled 4 GPEs in block 00 to 3F
[    0.335422] ACPI : EC: EC stopped
[    0.335430] ACPI : EC: GPE = 0x18, I/O: command/status = 0x66, data = 0x62
[    0.335431] ACPI : EC: EC started
[    0.335500] vgaarb: setting as boot device: PCI:0000:00:02.0
[    0.335501] vgaarb: device added: PCI:0000:00:02.0,decodes=io+mem,owns=io+mem,locks=none
[    0.335502] vgaarb: loaded
[    0.335503] vgaarb: bridge control possible 0000:00:02.0
[    0.335560] SCSI subsystem initialized
[    0.335579] libata version 3.00 loaded.
[    0.335593] ACPI: bus type USB registered
[    0.335603] usbcore: registered new interface driver usbfs
[    0.335608] usbcore: registered new interface driver hub
[    0.335617] usbcore: registered new device driver usb
[    0.345036] PCI: Using ACPI for IRQ routing
[    0.346521] PCI: pci_cache_line_size set to 64 bytes
[    0.346571] e820: reserve RAM buffer [mem 0x0009f000-0x0009ffff]
[    0.346571] e820: reserve RAM buffer [mem 0x40004000-0x43ffffff]
[    0.346572] e820: reserve RAM buffer [mem 0x7d33f018-0x7fffffff]
[    0.346573] e820: reserve RAM buffer [mem 0x7d34f018-0x7fffffff]
[    0.346573] e820: reserve RAM buffer [mem 0xbbf10000-0xbbffffff]
[    0.346574] e820: reserve RAM buffer [mem 0xbd7d2000-0xbfffffff]
[    0.346574] e820: reserve RAM buffer [mem 0xbdc4b000-0xbfffffff]
[    0.346575] e820: reserve RAM buffer [mem 0xbe000000-0xbfffffff]
[    0.346576] e820: reserve RAM buffer [mem 0x21fe00000-0x21fffffff]
[    0.346639] NetLabel: Initializing
[    0.346639] NetLabel:  domain hash size = 128
[    0.346640] NetLabel:  protocols = UNLABELED CIPSOv4
[    0.346650] NetLabel:  unlabeled traffic allowed by default
[    0.346690] hpet0: at MMIO 0xfed00000, IRQs 2, 8, 0, 0, 0, 0, 0, 0
[    0.346693] hpet0: 8 comparators, 64-bit 14.318180 MHz counter
[    0.348709] clocksource: Switched to clocksource hpet
[    0.353509] VFS: Disk quotas dquot_6.6.0
[    0.353523] VFS: Dquot-cache hash table entries: 512 (order 0, 4096 bytes)
[    0.353583] pnp: PnP ACPI init
[    0.353665] system 00:00: [mem 0xfed40000-0xfed44fff] has been reserved
[    0.353668] system 00:00: Plug and Play ACPI device, IDs PNP0c01 (active)
[    0.353904] system 00:01: [io  0x0680-0x069f] has been reserved
[    0.353905] system 00:01: [io  0x1000-0x100f] has been reserved
[    0.353906] system 00:01: [io  0xffff] has been reserved
[    0.353907] system 00:01: [io  0xffff] has been reserved
[    0.353907] system 00:01: [io  0x0400-0x0453] has been reserved
[    0.353908] system 00:01: [io  0x0458-0x047f] has been reserved
[    0.353909] system 00:01: [io  0x0500-0x057f] has been reserved
[    0.353910] system 00:01: [io  0x164e-0x164f] has been reserved
[    0.353912] system 00:01: Plug and Play ACPI device, IDs PNP0c02 (active)
[    0.353928] pnp 00:02: Plug and Play ACPI device, IDs PNP0b00 (active)
[    0.353965] system 00:03: [io  0x0454-0x0457] has been reserved
[    0.353966] system 00:03: Plug and Play ACPI device, IDs INT3f0d PNP0c02 (active)
[    0.354025] system 00:04: [io  0x0290-0x029f] has been reserved
[    0.354026] system 00:04: Plug and Play ACPI device, IDs PNP0c02 (active)
[    0.354064] system 00:05: [io  0x04d0-0x04d1] has been reserved
[    0.354066] system 00:05: Plug and Play ACPI device, IDs PNP0c02 (active)
[    0.354228] system 00:06: [mem 0xfed1c000-0xfed1ffff] has been reserved
[    0.354229] system 00:06: [mem 0xfed10000-0xfed17fff] has been reserved
[    0.354230] system 00:06: [mem 0xfed18000-0xfed18fff] has been reserved
[    0.354231] system 00:06: [mem 0xfed19000-0xfed19fff] has been reserved
[    0.354232] system 00:06: [mem 0xf8000000-0xfbffffff] has been reserved
[    0.354233] system 00:06: [mem 0xfed20000-0xfed3ffff] has been reserved
[    0.354234] system 00:06: [mem 0xfed90000-0xfed93fff] has been reserved
[    0.354234] system 00:06: [mem 0xfed45000-0xfed8ffff] has been reserved
[    0.354235] system 00:06: [mem 0xff000000-0xffffffff] has been reserved
[    0.354236] system 00:06: [mem 0xfee00000-0xfeefffff] could not be reserved
[    0.354237] system 00:06: [mem 0xdf200000-0xdf200fff] has been reserved
[    0.354239] system 00:06: Plug and Play ACPI device, IDs PNP0c02 (active)
[    0.354335] system 00:07: [mem 0x20000000-0x201fffff] has been reserved
[    0.354336] system 00:07: [mem 0x40004000-0x40004fff] has been reserved
[    0.354338] system 00:07: Plug and Play ACPI device, IDs PNP0c01 (active)
[    0.354351] pnp: PnP ACPI: found 8 devices
[    0.360120] clocksource: acpi_pm: mask: 0xffffff max_cycles: 0xffffff, max_idle_ns: 2085701024 ns
[    0.360133] pci 0000:00:1c.0: bridge window [io  0x1000-0x0fff] to [bus 02] add_size 1000
[    0.360134] pci 0000:00:1c.0: bridge window [mem 0x00100000-0x000fffff 64bit pref] to [bus 02] add_size 200000 add_align 100000
[    0.360135] pci 0000:00:1c.0: bridge window [mem 0x00100000-0x000fffff] to [bus 02] add_size 200000 add_align 100000
[    0.360162] pci 0000:00:1c.0: res[14]=[mem 0x00100000-0x000fffff] res_to_dev_res add_size 200000 min_align 100000
[    0.360163] pci 0000:00:1c.0: res[14]=[mem 0x00100000-0x002fffff] res_to_dev_res add_size 200000 min_align 100000
[    0.360164] pci 0000:00:1c.0: res[15]=[mem 0x00100000-0x000fffff 64bit pref] res_to_dev_res add_size 200000 min_align 100000
[    0.360165] pci 0000:00:1c.0: res[15]=[mem 0x00100000-0x002fffff 64bit pref] res_to_dev_res add_size 200000 min_align 100000
[    0.360166] pci 0000:00:1c.0: res[13]=[io  0x1000-0x0fff] res_to_dev_res add_size 1000 min_align 1000
[    0.360167] pci 0000:00:1c.0: res[13]=[io  0x1000-0x1fff] res_to_dev_res add_size 1000 min_align 1000
[    0.360171] pci 0000:00:1c.0: BAR 14: assigned [mem 0xdf300000-0xdf4fffff]
[    0.360175] pci 0000:00:1c.0: BAR 15: assigned [mem 0xdf500000-0xdf6fffff 64bit pref]
[    0.360176] pci 0000:00:1c.0: BAR 13: assigned [io  0x2000-0x2fff]
[    0.360178] pci 0000:00:01.0: PCI bridge to [bus 01]
[    0.360182] pci 0000:00:1c.0: PCI bridge to [bus 02]
[    0.360183] pci 0000:00:1c.0:   bridge window [io  0x2000-0x2fff]
[    0.360187] pci 0000:00:1c.0:   bridge window [mem 0xdf300000-0xdf4fffff]
[    0.360190] pci 0000:00:1c.0:   bridge window [mem 0xdf500000-0xdf6fffff 64bit pref]
[    0.360194] pci 0000:00:1c.3: PCI bridge to [bus 03]
[    0.360196] pci 0000:00:1c.3:   bridge window [io  0xe000-0xefff]
[    0.360199] pci 0000:00:1c.3:   bridge window [mem 0xf7b00000-0xf7bfffff]
[    0.360202] pci 0000:00:1c.3:   bridge window [mem 0xf0000000-0xf00fffff 64bit pref]
[    0.360206] pci 0000:00:1c.4: PCI bridge to [bus 04]
[    0.360210] pci 0000:00:1c.4:   bridge window [mem 0xf7a00000-0xf7afffff]
[    0.360216] pci 0000:00:1c.6: PCI bridge to [bus 05]
[    0.360218] pci 0000:00:1c.6:   bridge window [io  0xd000-0xdfff]
[    0.360221] pci 0000:00:1c.6:   bridge window [mem 0xf7900000-0xf79fffff]
[    0.360228] pci 0000:00:1c.7: PCI bridge to [bus 06]
[    0.360229] pci 0000:00:1c.7:   bridge window [io  0xc000-0xcfff]
[    0.360233] pci 0000:00:1c.7:   bridge window [mem 0xf7800000-0xf78fffff]
[    0.360240] pci_bus 0000:00: resource 4 [io  0x0000-0x0cf7 window]
[    0.360241] pci_bus 0000:00: resource 5 [io  0x0d00-0xffff window]
[    0.360241] pci_bus 0000:00: resource 6 [mem 0x000a0000-0x000bffff window]
[    0.360242] pci_bus 0000:00: resource 7 [mem 0x000d0000-0x000d3fff window]
[    0.360243] pci_bus 0000:00: resource 8 [mem 0x000d4000-0x000d7fff window]
[    0.360244] pci_bus 0000:00: resource 9 [mem 0x000d8000-0x000dbfff window]
[    0.360244] pci_bus 0000:00: resource 10 [mem 0x000dc000-0x000dffff window]
[    0.360245] pci_bus 0000:00: resource 11 [mem 0xdf200000-0xfeafffff window]
[    0.360246] pci_bus 0000:02: resource 0 [io  0x2000-0x2fff]
[    0.360247] pci_bus 0000:02: resource 1 [mem 0xdf300000-0xdf4fffff]
[    0.360248] pci_bus 0000:02: resource 2 [mem 0xdf500000-0xdf6fffff 64bit pref]
[    0.360249] pci_bus 0000:03: resource 0 [io  0xe000-0xefff]
[    0.360249] pci_bus 0000:03: resource 1 [mem 0xf7b00000-0xf7bfffff]
[    0.360250] pci_bus 0000:03: resource 2 [mem 0xf0000000-0xf00fffff 64bit pref]
[    0.360251] pci_bus 0000:04: resource 1 [mem 0xf7a00000-0xf7afffff]
[    0.360252] pci_bus 0000:05: resource 0 [io  0xd000-0xdfff]
[    0.360253] pci_bus 0000:05: resource 1 [mem 0xf7900000-0xf79fffff]
[    0.360253] pci_bus 0000:06: resource 0 [io  0xc000-0xcfff]
[    0.360254] pci_bus 0000:06: resource 1 [mem 0xf7800000-0xf78fffff]
[    0.360285] NET: Registered protocol family 2
[    0.360418] TCP established hash table entries: 65536 (order: 7, 524288 bytes)
[    0.360509] TCP bind hash table entries: 65536 (order: 8, 1048576 bytes)
[    0.360604] TCP: Hash tables configured (established 65536 bind 65536)
[    0.360620] UDP hash table entries: 4096 (order: 5, 131072 bytes)
[    0.360637] UDP-Lite hash table entries: 4096 (order: 5, 131072 bytes)
[    0.360679] NET: Registered protocol family 1
[    0.360688] pci 0000:00:02.0: Video device with shadowed ROM at [mem 0x000c0000-0x000dffff]
[    0.392774] PCI: CLS mismatch (64 != 32), using 64 bytes
[    0.392912] Unpacking initramfs...
[    2.582217] Freeing initrd memory: 38536K (ffff9ac3bc444000 - ffff9ac3be9e6000)
[    2.582220] PCI-DMA: Using software bounce buffering for IO (SWIOTLB)
[    2.582221] software IO TLB [mem 0xa9ed6000-0xaded6000] (64MB) mapped at [ffff9ac429ed6000-ffff9ac42ded5fff]
[    2.582687] futex hash table entries: 1024 (order: 4, 65536 bytes)
[    2.582704] audit: initializing netlink subsys (disabled)
[    2.582714] audit: type=2000 audit(1490856139.502:1): initialized
[    2.582921] Initialise system trusted keyrings
[    2.582981] workingset: timestamp_bits=37 max_order=21 bucket_order=0
[    2.583959] zbud: loaded
[    2.584313] Key type big_key registered
[    2.584314] SELinux:  Registering netfilter hooks
[    2.620044] NET: Registered protocol family 38
[    2.620045] Key type asymmetric registered
[    2.620046] Asymmetric key parser 'x509' registered
[    2.620074] Block layer SCSI generic (bsg) driver version 0.4 loaded (major 249)
[    2.620104] io scheduler noop registered
[    2.620104] io scheduler deadline registered
[    2.620114] io scheduler cfq registered (default)
[    2.620694] pci_hotplug: PCI Hot Plug PCI Core version: 0.5
[    2.620697] pciehp: PCI Express Hot Plug Controller Driver version: 0.4
[    2.620709] efifb: probing for efifb
[    2.620719] efifb: framebuffer at 0xe0000000, using 3072k, total 3072k
[    2.620719] efifb: mode is 1024x768x32, linelength=4096, pages=1
[    2.620720] efifb: scrolling: redraw
[    2.620720] efifb: Truecolor: size=8:8:8:8, shift=24:16:8:0
[    2.620796] Console: switching to colour frame buffer device 128x48
[    2.622015] fb0: EFI VGA frame buffer device
[    2.622019] intel_idle: MWAIT substates: 0x1120
[    2.622020] intel_idle: v0.4.1 model 0x3A
[    2.622097] intel_idle: lapic_timer_reliable_states 0xffffffff
[    2.622148] input: Power Button as /devices/LNXSYSTM:00/LNXSYBUS:00/PNP0C0C:00/input/input0
[    2.622150] ACPI: Power Button [PWRB]
[    2.622174] input: Power Button as /devices/LNXSYSTM:00/LNXPWRBN:00/input/input1
[    2.622175] ACPI: Power Button [PWRF]
[    2.622675] thermal LNXTHERM:00: registered as thermal_zone0
[    2.622675] ACPI: Thermal Zone [TZ00] (28 C)
[    2.622830] thermal LNXTHERM:01: registered as thermal_zone1
[    2.622830] ACPI: Thermal Zone [TZ01] (30 C)
[    2.622851] GHES: HEST is not enabled!
[    2.622895] Serial: 8250/16550 driver, 32 ports, IRQ sharing enabled
[    2.624122] Non-volatile memory driver v1.3
[    2.624142] Linux agpgart interface v0.103
[    2.624389] ahci 0000:00:1f.2: version 3.0
[    2.634557] ahci 0000:00:1f.2: AHCI 0001.0300 32 slots 6 ports 6 Gbps 0x5 impl SATA mode
[    2.634559] ahci 0000:00:1f.2: flags: 64bit ncq led clo pio slum part ems apst 
[    2.637223] scsi host0: ahci
[    2.637477] scsi host1: ahci
[    2.637652] scsi host2: ahci
[    2.637755] scsi host3: ahci
[    2.637817] scsi host4: ahci
[    2.637874] scsi host5: ahci
[    2.637899] ata1: SATA max UDMA/133 abar m2048@0xf7c36000 port 0xf7c36100 irq 25
[    2.637900] ata2: DUMMY
[    2.637901] ata3: SATA max UDMA/133 abar m2048@0xf7c36000 port 0xf7c36200 irq 25
[    2.637901] ata4: DUMMY
[    2.637902] ata5: DUMMY
[    2.637902] ata6: DUMMY
[    2.638006] ahci 0000:05:00.0: SSS flag set, parallel bus scan disabled
[    2.638056] ahci 0000:05:00.0: AHCI 0001.0200 32 slots 2 ports 6 Gbps 0x3 impl SATA mode
[    2.638057] ahci 0000:05:00.0: flags: 64bit ncq sntf stag led clo pmp pio slum part ccc sxs 
[    2.638247] scsi host6: ahci
[    2.638305] scsi host7: ahci
[    2.638332] ata7: SATA max UDMA/133 abar m512@0xf7900000 port 0xf7900100 irq 26
[    2.638334] ata8: SATA max UDMA/133 abar m512@0xf7900000 port 0xf7900180 irq 26
[    2.638423] ahci 0000:06:00.0: SSS flag set, parallel bus scan disabled
[    2.638459] ahci 0000:06:00.0: AHCI 0001.0200 32 slots 2 ports 6 Gbps 0x3 impl SATA mode
[    2.638460] ahci 0000:06:00.0: flags: 64bit ncq sntf stag led clo pmp pio slum part ccc sxs 
[    2.638632] scsi host8: ahci
[    2.638688] scsi host9: ahci
[    2.638714] ata9: SATA max UDMA/133 abar m512@0xf7800000 port 0xf7800100 irq 27
[    2.638716] ata10: SATA max UDMA/133 abar m512@0xf7800000 port 0xf7800180 irq 27
[    2.638768] libphy: Fixed MDIO Bus: probed
[    2.638805] ehci_hcd: USB 2.0 'Enhanced' Host Controller (EHCI) Driver
[    2.638807] ehci-pci: EHCI PCI platform driver
[    2.638875] ehci-pci 0000:00:1a.0: EHCI Host Controller
[    2.638903] ehci-pci 0000:00:1a.0: new USB bus registered, assigned bus number 1
[    2.638912] ehci-pci 0000:00:1a.0: debug port 2
[    2.642795] ehci-pci 0000:00:1a.0: cache line size of 64 is not supported
[    2.642801] ehci-pci 0000:00:1a.0: irq 16, io mem 0xf7c38000
[    2.649738] ehci-pci 0000:00:1a.0: USB 2.0 started, EHCI 1.00
[    2.649770] usb usb1: New USB device found, idVendor=1d6b, idProduct=0002
[    2.649771] usb usb1: New USB device strings: Mfr=3, Product=2, SerialNumber=1
[    2.649772] usb usb1: Product: EHCI Host Controller
[    2.649773] usb usb1: Manufacturer: Linux 4.8.6-300.fc25.x86_64 ehci_hcd
[    2.649774] usb usb1: SerialNumber: 0000:00:1a.0
[    2.649874] hub 1-0:1.0: USB hub found
[    2.649877] hub 1-0:1.0: 2 ports detected
[    2.650037] ehci-pci 0000:00:1d.0: EHCI Host Controller
[    2.650071] ehci-pci 0000:00:1d.0: new USB bus registered, assigned bus number 2
[    2.650080] ehci-pci 0000:00:1d.0: debug port 2
[    2.653964] ehci-pci 0000:00:1d.0: cache line size of 64 is not supported
[    2.653971] ehci-pci 0000:00:1d.0: irq 23, io mem 0xf7c37000
[    2.660744] ehci-pci 0000:00:1d.0: USB 2.0 started, EHCI 1.00
[    2.660772] usb usb2: New USB device found, idVendor=1d6b, idProduct=0002
[    2.660773] usb usb2: New USB device strings: Mfr=3, Product=2, SerialNumber=1
[    2.660774] usb usb2: Product: EHCI Host Controller
[    2.660775] usb usb2: Manufacturer: Linux 4.8.6-300.fc25.x86_64 ehci_hcd
[    2.660775] usb usb2: SerialNumber: 0000:00:1d.0
[    2.660914] hub 2-0:1.0: USB hub found
[    2.660921] hub 2-0:1.0: 2 ports detected
[    2.661012] ohci_hcd: USB 1.1 'Open' Host Controller (OHCI) Driver
[    2.661015] ohci-pci: OHCI PCI platform driver
[    2.661021] uhci_hcd: USB Universal Host Controller Interface driver
[    2.661100] xhci_hcd 0000:00:14.0: xHCI Host Controller
[    2.661175] xhci_hcd 0000:00:14.0: new USB bus registered, assigned bus number 3
[    2.662254] xhci_hcd 0000:00:14.0: hcc params 0x20007181 hci version 0x100 quirks 0x0000b930
[    2.662258] xhci_hcd 0000:00:14.0: cache line size of 64 is not supported
[    2.662325] usb usb3: New USB device found, idVendor=1d6b, idProduct=0002
[    2.662326] usb usb3: New USB device strings: Mfr=3, Product=2, SerialNumber=1
[    2.662327] usb usb3: Product: xHCI Host Controller
[    2.662328] usb usb3: Manufacturer: Linux 4.8.6-300.fc25.x86_64 xhci-hcd
[    2.662328] usb usb3: SerialNumber: 0000:00:14.0
[    2.662457] hub 3-0:1.0: USB hub found
[    2.662466] hub 3-0:1.0: 4 ports detected
[    2.662706] xhci_hcd 0000:00:14.0: xHCI Host Controller
[    2.662781] xhci_hcd 0000:00:14.0: new USB bus registered, assigned bus number 4
[    2.662813] usb usb4: New USB device found, idVendor=1d6b, idProduct=0003
[    2.662814] usb usb4: New USB device strings: Mfr=3, Product=2, SerialNumber=1
[    2.662815] usb usb4: Product: xHCI Host Controller
[    2.662816] usb usb4: Manufacturer: Linux 4.8.6-300.fc25.x86_64 xhci-hcd
[    2.662816] usb usb4: SerialNumber: 0000:00:14.0
[    2.662949] hub 4-0:1.0: USB hub found
[    2.662957] hub 4-0:1.0: 4 ports detected
[    2.663245] xhci_hcd 0000:04:00.0: xHCI Host Controller
[    2.663320] xhci_hcd 0000:04:00.0: new USB bus registered, assigned bus number 5
[    2.724509] xhci_hcd 0000:04:00.0: hcc params 0x0200f180 hci version 0x96 quirks 0x00080000
[    2.724633] usb usb5: New USB device found, idVendor=1d6b, idProduct=0002
[    2.724634] usb usb5: New USB device strings: Mfr=3, Product=2, SerialNumber=1
[    2.724635] usb usb5: Product: xHCI Host Controller
[    2.724635] usb usb5: Manufacturer: Linux 4.8.6-300.fc25.x86_64 xhci-hcd
[    2.724636] usb usb5: SerialNumber: 0000:04:00.0
[    2.724767] hub 5-0:1.0: USB hub found
[    2.724777] hub 5-0:1.0: 2 ports detected
[    2.724840] xhci_hcd 0000:04:00.0: xHCI Host Controller
[    2.724888] xhci_hcd 0000:04:00.0: new USB bus registered, assigned bus number 6
[    2.724912] usb usb6: We don't know the algorithms for LPM for this host, disabling LPM.
[    2.724922] usb usb6: New USB device found, idVendor=1d6b, idProduct=0003
[    2.724923] usb usb6: New USB device strings: Mfr=3, Product=2, SerialNumber=1
[    2.724924] usb usb6: Product: xHCI Host Controller
[    2.724924] usb usb6: Manufacturer: Linux 4.8.6-300.fc25.x86_64 xhci-hcd
[    2.724925] usb usb6: SerialNumber: 0000:04:00.0
[    2.725022] hub 6-0:1.0: USB hub found
[    2.725028] hub 6-0:1.0: 2 ports detected
[    2.725095] usbcore: registered new interface driver usbserial
[    2.725099] usbcore: registered new interface driver usbserial_generic
[    2.725104] usbserial: USB Serial support registered for generic
[    2.725121] i8042: PNP: No PS/2 controller found. Probing ports directly.
[    2.727374] serio: i8042 KBD port at 0x60,0x64 irq 1
[    2.727377] serio: i8042 AUX port at 0x60,0x64 irq 12
[    2.727467] mousedev: PS/2 mouse device common for all mice
[    2.727700] rtc_cmos 00:02: RTC can wake from S4
[    2.727826] rtc_cmos 00:02: rtc core: registered rtc_cmos as rtc0
[    2.727848] rtc_cmos 00:02: alarms up to one month, y3k, 242 bytes nvram, hpet irqs
[    2.727887] device-mapper: uevent: version 1.0.3
[    2.727939] device-mapper: ioctl: 4.35.0-ioctl (2016-06-23) initialised: dm-devel@redhat.com
[    2.728026] intel_pstate: Intel P-state driver initializing
[    2.728743] hidraw: raw HID events driver (C) Jiri Kosina
[    2.728790] usbcore: registered new interface driver usbhid
[    2.728791] usbhid: USB HID core driver
[    2.728892] drop_monitor: Initializing network drop monitor service
[    2.728975] ip_tables: (C) 2000-2006 Netfilter Core Team
[    2.729076] Initializing XFRM netlink socket
[    2.729259] NET: Registered protocol family 10
[    2.729656] mip6: Mobile IPv6
[    2.729659] NET: Registered protocol family 17
[    2.730011] microcode: sig=0x306a9, pf=0x2, revision=0x17
[    2.730113] microcode: Microcode Update Driver: v2.01 <tigran@aivazian.fsnet.co.uk>, Peter Oruba
[    2.730121] AVX version of gcm_enc/dec engaged.
[    2.730122] AES CTR mode by8 optimization enabled
[    2.735948] registered taskstats version 1
[    2.735952] Loading compiled-in X.509 certificates
[    2.738274] alg: No test for pkcs1pad(rsa,sha256) (pkcs1pad(rsa-generic,sha256))
[    2.739600] Loaded X.509 cert 'Fedora kernel signing key: 3a694837432928136396b3631fa82d169223a9b1'
[    2.739634] zswap: loaded using pool lzo/zbud
[    2.755487]   Magic number: 9:554:722
[    2.755633] rtc_cmos 00:02: setting system clock to 2017-03-30 06:42:20 UTC (1490856140)
[    2.755743] PM: Hibernation image not present or could not be loaded.
[    2.947230] ata9: SATA link down (SStatus 0 SControl 300)
[    2.947275] ata1: SATA link up 3.0 Gbps (SStatus 123 SControl 300)
[    2.947315] ata7: SATA link down (SStatus 0 SControl 300)
[    2.947325] ata3: SATA link up 3.0 Gbps (SStatus 123 SControl 300)
[    2.947577] ACPI Error: [DSSP] Namespace lookup failure, AE_NOT_FOUND (20160422/psargs-359)
[    2.947584] ACPI Error: Method parse/execution failed [\_SB.PCI0.SAT0.SPT0._GTF] (Node ffff9ac5978bf578), AE_NOT_FOUND (20160422/psparse-542)
[    2.947679] ata1.00: ATA-7: INTEL SSDSA2M160G2GC, 2CV102M3, max UDMA/133
[    2.947682] ata1.00: 312581808 sectors, multi 16: LBA48 NCQ (depth 31/32)
[    2.948060] ACPI Error: [DSSP] Namespace lookup failure, AE_NOT_FOUND (20160422/psargs-359)
[    2.948066] ACPI Error: Method parse/execution failed [\_SB.PCI0.SAT0.SPT0._GTF] (Node ffff9ac5978bf578), AE_NOT_FOUND (20160422/psparse-542)
[    2.948158] ata1.00: configured for UDMA/133
[    2.948465] scsi 0:0:0:0: Direct-Access     ATA      INTEL SSDSA2M160 02M3 PQ: 0 ANSI: 5
[    2.956051] ata1.00: Enabling discard_zeroes_data
[    2.956078] sd 0:0:0:0: [sda] 312581808 512-byte logical blocks: (160 GB/149 GiB)
[    2.956084] sd 0:0:0:0: Attached scsi generic sg0 type 0
[    2.956467] sd 0:0:0:0: [sda] Write Protect is off
[    2.956471] sd 0:0:0:0: [sda] Mode Sense: 00 3a 00 00
[    2.956571] sd 0:0:0:0: [sda] Write cache: enabled, read cache: enabled, doesn't support DPO or FUA
[    2.956749] ata1.00: Enabling discard_zeroes_data
[    2.959067]  sda: sda1 sda2
[    2.959450] ata1.00: Enabling discard_zeroes_data
[    2.959901] sd 0:0:0:0: [sda] Attached SCSI disk
[    2.965764] usb 1-1: new high-speed USB device number 2 using ehci-pci
[    2.973769] usb 2-1: new high-speed USB device number 2 using ehci-pci
[    2.997429] ACPI Error: [DSSP] Namespace lookup failure, AE_NOT_FOUND (20160422/psargs-359)
[    2.997436] ACPI Error: Method parse/execution failed [\_SB.PCI0.SAT0.SPT2._GTF] (Node ffff9ac5978bfa28), AE_NOT_FOUND (20160422/psparse-542)
[    2.997509] ata3.00: ATA-8: SPCC Solid State Disk, 560ABBF0, max UDMA/133
[    2.997511] ata3.00: 117231408 sectors, multi 1: LBA48 NCQ (depth 31/32), AA
[    3.009290] ACPI Error: [DSSP] Namespace lookup failure, AE_NOT_FOUND (20160422/psargs-359)
[    3.009295] ACPI Error: Method parse/execution failed [\_SB.PCI0.SAT0.SPT2._GTF] (Node ffff9ac5978bfa28), AE_NOT_FOUND (20160422/psparse-542)
[    3.009387] ata3.00: configured for UDMA/133
[    3.009771] scsi 2:0:0:0: Direct-Access     ATA      SPCC Solid State BBF0 PQ: 0 ANSI: 5
[    3.018298] sd 2:0:0:0: [sdb] 117231408 512-byte logical blocks: (60.0 GB/55.9 GiB)
[    3.018305] sd 2:0:0:0: Attached scsi generic sg1 type 0
[    3.018637] sd 2:0:0:0: [sdb] Write Protect is off
[    3.018649] sd 2:0:0:0: [sdb] Mode Sense: 00 3a 00 00
[    3.018763] sd 2:0:0:0: [sdb] Write cache: enabled, read cache: enabled, doesn't support DPO or FUA
[    3.020087]  sdb: sdb1
[    3.020762] sd 2:0:0:0: [sdb] Attached SCSI disk
[    3.025769] usb 3-2: new high-speed USB device number 2 using xhci_hcd
[    3.084155] usb 1-1: New USB device found, idVendor=8087, idProduct=0024
[    3.084167] usb 1-1: New USB device strings: Mfr=0, Product=0, SerialNumber=0
[    3.084562] hub 1-1:1.0: USB hub found
[    3.084723] hub 1-1:1.0: 6 ports detected
[    3.089765] usb 5-1: new high-speed USB device number 2 using xhci_hcd
[    3.092159] usb 2-1: New USB device found, idVendor=8087, idProduct=0024
[    3.092162] usb 2-1: New USB device strings: Mfr=0, Product=0, SerialNumber=0
[    3.092579] hub 2-1:1.0: USB hub found
[    3.092731] hub 2-1:1.0: 8 ports detected
[    3.214348] usb 3-2: New USB device found, idVendor=0cf3, idProduct=9271
[    3.214351] usb 3-2: New USB device strings: Mfr=16, Product=32, SerialNumber=48
[    3.214353] usb 3-2: Product: USB2.0 WLAN
[    3.214354] usb 3-2: Manufacturer: ATHEROS
[    3.214356] usb 3-2: SerialNumber: 12345
[    3.269314] usb 5-1: New USB device found, idVendor=05ac, idProduct=1006
[    3.269316] usb 5-1: New USB device strings: Mfr=1, Product=2, SerialNumber=3
[    3.269318] usb 5-1: Product: Keyboard Hub
[    3.269319] usb 5-1: Manufacturer: Apple, Inc.
[    3.269321] usb 5-1: SerialNumber: 000000000000
[    3.270191] hub 5-1:1.0: USB hub found
[    3.270296] hub 5-1:1.0: 3 ports detected
[    3.323248] ata8: SATA link down (SStatus 0 SControl 300)
[    3.357763] usb 1-1.1: new low-speed USB device number 3 using ehci-pci
[    3.365757] usb 2-1.7: new low-speed USB device number 3 using ehci-pci
[    3.368493] usb 6-2: new SuperSpeed USB device number 2 using xhci_hcd
[    3.400491] usb 6-2: New USB device found, idVendor=0951, idProduct=1666
[    3.400502] usb 6-2: New USB device strings: Mfr=1, Product=2, SerialNumber=3
[    3.400504] usb 6-2: Product: DataTraveler 3.0
[    3.400505] usb 6-2: Manufacturer: Kingston
[    3.400507] usb 6-2: SerialNumber: 0018F30C9EE4FF51411100A6
[    3.445409] usb 1-1.1: New USB device found, idVendor=1d57, idProduct=ac01
[    3.445411] usb 1-1.1: New USB device strings: Mfr=1, Product=2, SerialNumber=0
[    3.445413] usb 1-1.1: Manufacturer: Mouse
[    3.448696] input: Mouse as /devices/pci0000:00/0000:00:1a.0/usb1/1-1/1-1.1/1-1.1:1.0/0003:1D57:AC01.0001/input/input5
[    3.449640] usb 2-1.7: New USB device found, idVendor=1d57, idProduct=001d
[    3.449642] usb 2-1.7: New USB device strings: Mfr=1, Product=2, SerialNumber=0
[    3.449644] usb 2-1.7: Product: SVEN RX 330 Wireless
[    3.449646] usb 2-1.7: Manufacturer: HID compliant-mouse
[    3.452389] input: HID compliant-mouse SVEN RX 330 Wireless as /devices/pci0000:00/0000:00:1d.0/usb2/2-1/2-1.7/2-1.7:1.0/0003:1D57:001D.0002/input/input6
[    3.500132] hid-generic 0003:1D57:AC01.0001: input,hidraw0: USB HID v1.10 Keyboard [Mouse] on usb-0000:00:1a.0-1.1/input0
[    3.500338] hid-generic 0003:1D57:001D.0002: input,hidraw1: USB HID v1.10 Mouse [HID compliant-mouse SVEN RX 330 Wireless] on usb-0000:00:1d.0-1.7/input0
[    3.506164] input: Mouse as /devices/pci0000:00/0000:00:1a.0/usb1/1-1/1-1.1/1-1.1:1.1/0003:1D57:AC01.0003/input/input7
[    3.541765] usb 5-1.2: new low-speed USB device number 3 using xhci_hcd
[    3.558229] hid-generic 0003:1D57:AC01.0003: input,hiddev0,hidraw2: USB HID v1.10 Mouse [Mouse] on usb-0000:00:1a.0-1.1/input1
[    3.563765] usb 2-1.8: new high-speed USB device number 4 using ehci-pci
[    3.621764] usb 1-1.3: new full-speed USB device number 4 using ehci-pci
[    3.627263] ata10: SATA link down (SStatus 0 SControl 300)
[    3.629172] Freeing unused kernel memory: 1608K (ffffffff95f64000 - ffffffff960f6000)
[    3.629173] Write protecting the kernel read-only data: 14336k
[    3.629765] tsc: Refined TSC clocksource calibration: 3400.023 MHz
[    3.629773] clocksource: tsc: mask: 0xffffffffffffffff max_cycles: 0x31026473058, max_idle_ns: 440795314252 ns
[    3.629897] Freeing unused kernel memory: 2004K (ffff9ac3ec80b000 - ffff9ac3eca00000)
[    3.632290] Freeing unused kernel memory: 756K (ffff9ac3ecd43000 - ffff9ac3ece00000)
[    3.632531] usb 5-1.2: New USB device found, idVendor=05ac, idProduct=0221
[    3.632533] usb 5-1.2: New USB device strings: Mfr=1, Product=2, SerialNumber=0
[    3.632535] usb 5-1.2: Product: Apple Keyboard
[    3.632537] usb 5-1.2: Manufacturer: Apple, Inc
[    3.643704] x86/mm: Checked W+X mappings: passed, no W+X pages found.
[    3.647247] usb 2-1.8: New USB device found, idVendor=13fe, idProduct=4200
[    3.647249] usb 2-1.8: New USB device strings: Mfr=1, Product=2, SerialNumber=3
[    3.647251] usb 2-1.8: Product: USB DISK 2.0
[    3.647252] usb 2-1.8: Manufacturer:         
[    3.647254] usb 2-1.8: SerialNumber: 07084BB2C27D2775
[    3.672316] random: systemd: uninitialized urandom read (16 bytes read)
[    3.672552] random: systemd: uninitialized urandom read (16 bytes read)
[    3.672568] random: systemd: uninitialized urandom read (16 bytes read)
[    3.681673] systemd[1]: systemd 231 running in system mode. (+PAM +AUDIT +SELINUX +IMA -APPARMOR +SMACK +SYSVINIT +UTMP +LIBCRYPTSETUP +GCRYPT +GNUTLS +ACL +XZ +LZ4 +SECCOMP +BLKID +ELFUTILS +KMOD +IDN)
[    3.681856] systemd[1]: Detected architecture x86-64.
[    3.681859] systemd[1]: Running in initial RAM disk.
[    3.681869] systemd[1]: No hostname configured.
[    3.681873] systemd[1]: Set hostname to <localhost>.
[    3.681897] random: systemd: uninitialized urandom read (16 bytes read)
[    3.681902] systemd[1]: Initializing machine ID from random generator.
[    3.684603] random: systemd: uninitialized urandom read (16 bytes read)
[    3.686861] random: systemd-cryptse: uninitialized urandom read (16 bytes read)
[    3.712383] random: systemd: uninitialized urandom read (16 bytes read)
[    3.712402] random: systemd: uninitialized urandom read (16 bytes read)
[    3.712429] random: systemd: uninitialized urandom read (16 bytes read)
[    3.712475] random: systemd: uninitialized urandom read (16 bytes read)
[    3.717574] systemd[1]: Listening on Journal Socket (/dev/log).
[    3.717929] systemd[1]: Created slice System Slice.
[    3.717947] systemd[1]: Reached target Swap.
[    3.717990] systemd[1]: Listening on udev Control Socket.
[    3.730012] usb 1-1.3: New USB device found, idVendor=0a12, idProduct=0001
[    3.730024] usb 1-1.3: New USB device strings: Mfr=0, Product=2, SerialNumber=0
[    3.730025] usb 1-1.3: Product: CSR8510 A10
[    3.740185] audit: type=1130 audit(1490856141.483:2): pid=1 uid=0 auid=4294967295 ses=4294967295 subj=kernel msg='unit=systemd-tmpfiles-setup-dev comm="systemd" exe="/usr/lib/systemd/systemd" hostname=? addr=? terminal=? res=success'
[    3.779190] audit: type=1130 audit(1490856141.522:3): pid=1 uid=0 auid=4294967295 ses=4294967295 subj=kernel msg='unit=systemd-journald comm="systemd" exe="/usr/lib/systemd/systemd" hostname=? addr=? terminal=? res=success'
[    3.794749] usb 1-1.4: new high-speed USB device number 5 using ehci-pci
[    3.802581] loop: module loaded
[    3.855865] audit: type=1130 audit(1490856141.599:4): pid=1 uid=0 auid=4294967295 ses=4294967295 subj=kernel msg='unit=dracut-cmdline comm="systemd" exe="/usr/lib/systemd/systemd" hostname=? addr=? terminal=? res=success'
[    3.877988] usb 1-1.4: New USB device found, idVendor=0bda, idProduct=817f
[    3.877990] usb 1-1.4: New USB device strings: Mfr=1, Product=2, SerialNumber=3
[    3.877991] usb 1-1.4: Product: ALFA  AWUS036NHR
[    3.877992] usb 1-1.4: SerialNumber: 00e04c000001
[    3.881614] Loading iSCSI transport class v2.0-870.
[    3.882037] audit: type=1130 audit(1490856141.625:5): pid=1 uid=0 auid=4294967295 ses=4294967295 subj=kernel msg='unit=iscsid comm="systemd" exe="/usr/lib/systemd/systemd" hostname=? addr=? terminal=? res=success'
[    3.900959] RPC: Registered named UNIX socket transport module.
[    3.900960] RPC: Registered udp transport module.
[    3.900960] RPC: Registered tcp transport module.
[    3.900961] RPC: Registered tcp NFSv4.1 backchannel transport module.
[    3.948323] audit: type=1130 audit(1490856141.691:6): pid=1 uid=0 auid=4294967295 ses=4294967295 subj=kernel msg='unit=dracut-pre-udev comm="systemd" exe="/usr/lib/systemd/systemd" hostname=? addr=? terminal=? res=success'
[    3.960625] audit: type=1130 audit(1490856141.703:7): pid=1 uid=0 auid=4294967295 ses=4294967295 subj=kernel msg='unit=systemd-udevd comm="systemd" exe="/usr/lib/systemd/systemd" hostname=? addr=? terminal=? res=success'
[    4.006130] audit: type=1130 audit(1490856141.749:8): pid=1 uid=0 auid=4294967295 ses=4294967295 subj=kernel msg='unit=dracut-pre-trigger comm="systemd" exe="/usr/lib/systemd/systemd" hostname=? addr=? terminal=? res=success'
[    4.051592] audit: type=1130 audit(1490856141.794:9): pid=1 uid=0 auid=4294967295 ses=4294967295 subj=kernel msg='unit=systemd-udev-trigger comm="systemd" exe="/usr/lib/systemd/systemd" hostname=? addr=? terminal=? res=success'
[    4.051754] FUJITSU Extended Socket Network Device Driver - version 1.1 - Copyright (c) 2015 FUJITSU LIMITED
[    4.065024] pps_core: LinuxPPS API ver. 1 registered
[    4.065025] pps_core: Software ver. 5.3.6 - Copyright 2005-2007 Rodolfo Giometti <giometti@linux.it>
[    4.066528] PTP clock support registered
[    4.072087] r8169 Gigabit Ethernet driver 2.3LK-NAPI loaded
[    4.072093] r8169 0000:03:00.0: can't disable ASPM; OS doesn't have ASPM control
[    4.072100] r8169 0000:03:00.0: enabling device (0100 -> 0103)
[    4.072441] r8169 0000:03:00.0 eth0: RTL8168e/8111e at 0xffffbb1940c64000, c4:6e:1f:00:58:59, XID 0c200000 IRQ 34
[    4.072442] r8169 0000:03:00.0 eth0: jumbo features [frames: 9200 bytes, tx checksumming: ko]
[    4.078821] e1000e: Intel(R) PRO/1000 Network Driver - 3.2.6-k
[    4.078822] e1000e: Copyright(c) 1999 - 2015 Intel Corporation.
[    4.078961] e1000e 0000:00:19.0: Interrupt Throttling Rate (ints/sec) set to dynamic conservative mode
[    4.079342] 8021q: 802.1Q VLAN Support v1.8
[    4.080473] input: Apple, Inc Apple Keyboard as /devices/pci0000:00/0000:00:1c.4/0000:04:00.0/usb5/5-1/5-1.2/5-1.2:1.0/0003:05AC:0221.0004/input/input8
[    4.083038] usb-storage 6-2:1.0: USB Mass Storage device detected
[    4.088452] scsi host10: usb-storage 6-2:1.0
[    4.088526] usb-storage 2-1.8:1.0: USB Mass Storage device detected
[    4.088572] scsi host11: usb-storage 2-1.8:1.0
[    4.088620] usbcore: registered new interface driver usb-storage
[    4.090238] usbcore: registered new interface driver uas
[    4.114388] r8169 0000:03:00.0 enp3s0: renamed from eth0
[    4.114528] random: fast init done
[    4.131932] apple 0003:05AC:0221.0004: input,hidraw3: USB HID v1.11 Keyboard [Apple, Inc Apple Keyboard] on usb-0000:04:00.0-1.2/input0
[    4.132632] input: Apple, Inc Apple Keyboard as /devices/pci0000:00/0000:00:1c.4/0000:04:00.0/usb5/5-1/5-1.2/5-1.2:1.1/0003:05AC:0221.0005/input/input9
[    4.221516] e1000e 0000:00:19.0 0000:00:19.0 (uninitialized): registered PHC clock
[    4.238073] apple 0003:05AC:0221.0005: input,hidraw4: USB HID v1.11 Device [Apple, Inc Apple Keyboard] on usb-0000:04:00.0-1.2/input1
[    4.345846] e1000e 0000:00:19.0 eth0: (PCI Express:2.5GT/s:Width x1) c8:60:00:c9:6f:a8
[    4.345848] e1000e 0000:00:19.0 eth0: Intel(R) PRO/1000 Network Connection
[    4.345881] e1000e 0000:00:19.0 eth0: MAC: 10, PHY: 11, PBA No: FFFFFF-0FF
[    4.346770] e1000e 0000:00:19.0 eno1: renamed from eth0
[    4.637986] clocksource: Switched to clocksource tsc
[    5.102947] scsi 10:0:0:0: Direct-Access     Kingston DataTraveler 3.0 1.00 PQ: 0 ANSI: 6
[    5.103784] scsi 11:0:0:0: Direct-Access              USB DISK 2.0     PMAP PQ: 0 ANSI: 6
[    5.104272] sd 11:0:0:0: Attached scsi generic sg2 type 0
[    5.104542] sd 10:0:0:0: Attached scsi generic sg3 type 0
[    5.105098] sd 10:0:0:0: [sdd] 60437492 512-byte logical blocks: (30.9 GB/28.8 GiB)
[    5.105483] sd 11:0:0:0: [sdc] 7595520 512-byte logical blocks: (3.89 GB/3.62 GiB)
[    5.105650] sd 10:0:0:0: [sdd] Write Protect is off
[    5.105652] sd 10:0:0:0: [sdd] Mode Sense: 4f 00 00 00
[    5.106502] sd 11:0:0:0: [sdc] Write Protect is off
[    5.106505] sd 11:0:0:0: [sdc] Mode Sense: 23 00 00 00
[    5.106547] sd 10:0:0:0: [sdd] Write cache: disabled, read cache: enabled, doesn't support DPO or FUA
[    5.107110] sd 11:0:0:0: [sdc] No Caching mode page found
[    5.107149] sd 11:0:0:0: [sdc] Assuming drive cache: write through
[    5.111192]  sdd: sdd1 sdd2 sdd3
[    5.113469] sd 10:0:0:0: [sdd] Attached SCSI removable disk
[    5.114849]  sdc: sdc1 sdc2 sdc3
[    5.117981] sd 11:0:0:0: [sdc] Attached SCSI removable disk
[    5.615300] squashfs: version 4.0 (2009/01/31) Phillip Lougher
[    5.663685] ISO 9660 Extensions: Microsoft Joliet Level 3
[    5.667701] ISO 9660 Extensions: RRIP_1991A
[    5.802957] audit: type=1130 audit(1490856143.546:10): pid=1 uid=0 auid=4294967295 ses=4294967295 subj=kernel msg='unit=dracut-initqueue comm="systemd" exe="/usr/lib/systemd/systemd" hostname=? addr=? terminal=? res=success'
[    5.835060] EXT4-fs (dm-0): mounted filesystem with ordered data mode. Opts: (null)
[    6.146252] systemd-journald[243]: Received SIGTERM from PID 1 (n/a).
[    6.192658] systemd: 19 output lines suppressed due to ratelimiting
[    6.281039] random: crng init done
[    6.762368] SELinux: 32768 avtab hash slots, 106774 rules.
[    6.772777] SELinux: 32768 avtab hash slots, 106774 rules.
[    6.789690] SELinux:  8 users, 14 roles, 5069 types, 305 bools, 1 sens, 1024 cats
[    6.789692] SELinux:  94 classes, 106774 rules
[    6.792035] SELinux:  Permission validate_trans in class security not defined in policy.
[    6.792041] SELinux:  Permission module_load in class system not defined in policy.
[    6.792102] SELinux: the above unknown classes and permissions will be allowed
[    6.792106] SELinux:  Completing initialization.
[    6.792106] SELinux:  Setting up existing superblocks.
[    6.806915] systemd[1]: Successfully loaded SELinux policy in 140.058ms.
[    6.863210] systemd[1]: RTC configured in localtime, applying delta of -240 minutes to system time.
[    6.885910] systemd[1]: Relabelled /dev and /run in 20.884ms.
[    7.618034] audit_printk_skb: 99 callbacks suppressed
[    7.618035] audit: type=1130 audit(1490870545.361:44): pid=1 uid=0 auid=4294967295 ses=4294967295 subj=system_u:system_r:init_t:s0 msg='unit=systemd-journald comm="systemd" exe="/usr/lib/systemd/systemd" hostname=? addr=? terminal=? res=success'
[    7.618051] audit: type=1131 audit(1490870545.361:45): pid=1 uid=0 auid=4294967295 ses=4294967295 subj=system_u:system_r:init_t:s0 msg='unit=systemd-journald comm="systemd" exe="/usr/lib/systemd/systemd" hostname=? addr=? terminal=? res=success'
[    7.618379] audit: type=1130 audit(1490870545.361:46): pid=1 uid=0 auid=4294967295 ses=4294967295 subj=system_u:system_r:init_t:s0 msg='unit=initrd-switch-root comm="systemd" exe="/usr/lib/systemd/systemd" hostname=? addr=? terminal=? res=success'
[    7.618389] audit: type=1131 audit(1490870545.361:47): pid=1 uid=0 auid=4294967295 ses=4294967295 subj=system_u:system_r:init_t:s0 msg='unit=initrd-switch-root comm="systemd" exe="/usr/lib/systemd/systemd" hostname=? addr=? terminal=? res=success'
[    7.618973] audit: type=1130 audit(1490870545.362:48): pid=1 uid=0 auid=4294967295 ses=4294967295 subj=system_u:system_r:init_t:s0 msg='unit=systemd-journald comm="systemd" exe="/usr/lib/systemd/systemd" hostname=? addr=? terminal=? res=success'
[    7.618984] audit: type=1131 audit(1490870545.362:49): pid=1 uid=0 auid=4294967295 ses=4294967295 subj=system_u:system_r:init_t:s0 msg='unit=systemd-journald comm="systemd" exe="/usr/lib/systemd/systemd" hostname=? addr=? terminal=? res=success'
[    7.682419] audit: type=1305 audit(1490870545.425:50): audit_enabled=1 old=1 auid=4294967295 ses=4294967295 subj=system_u:system_r:syslogd_t:s0 res=1
[    7.751536] audit: type=1130 audit(1490870545.494:51): pid=1 uid=0 auid=4294967295 ses=4294967295 subj=system_u:system_r:init_t:s0 msg='unit=kmod-static-nodes comm="systemd" exe="/usr/lib/systemd/systemd" hostname=? addr=? terminal=? res=success'
[    7.751715] audit: type=1130 audit(1490870545.494:52): pid=1 uid=0 auid=4294967295 ses=4294967295 subj=system_u:system_r:init_t:s0 msg='unit=systemd-remount-fs comm="systemd" exe="/usr/lib/systemd/systemd" hostname=? addr=? terminal=? res=success'
[    7.752318] audit: type=1130 audit(1490870545.495:53): pid=1 uid=0 auid=4294967295 ses=4294967295 subj=system_u:system_r:init_t:s0 msg='unit=systemd-sysctl comm="systemd" exe="/usr/lib/systemd/systemd" hostname=? addr=? terminal=? res=success'
[    7.903225] systemd-journald[881]: Received request to flush runtime journal from PID 1
[    8.069948] Installing knfsd (copyright (C) 1996 okir@monad.swb.de).
[    8.451752] ACPI Warning: SystemIO range 0x0000000000000428-0x000000000000042F conflicts with OpRegion 0x0000000000000400-0x000000000000047F (\PMIO) (20160422/utaddress-255)
[    8.451756] ACPI: If an ACPI driver is available for this device, you should use it instead of the native driver
[    8.451758] ACPI Warning: SystemIO range 0x0000000000000540-0x000000000000054F conflicts with OpRegion 0x0000000000000500-0x0000000000000563 (\GPIO) (20160422/utaddress-255)
[    8.451760] ACPI Warning: SystemIO range 0x0000000000000540-0x000000000000054F conflicts with OpRegion 0x0000000000000500-0x000000000000057F (\_SB.PCI0.LPCB.GPBX) (20160422/utaddress-255)
[    8.451762] ACPI: If an ACPI driver is available for this device, you should use it instead of the native driver
[    8.451763] ACPI Warning: SystemIO range 0x0000000000000530-0x000000000000053F conflicts with OpRegion 0x0000000000000500-0x0000000000000563 (\GPIO) (20160422/utaddress-255)
[    8.451764] ACPI Warning: SystemIO range 0x0000000000000530-0x000000000000053F conflicts with OpRegion 0x0000000000000500-0x000000000000057F (\_SB.PCI0.LPCB.GPBX) (20160422/utaddress-255)
[    8.451766] ACPI: If an ACPI driver is available for this device, you should use it instead of the native driver
[    8.451766] ACPI Warning: SystemIO range 0x0000000000000500-0x000000000000052F conflicts with OpRegion 0x0000000000000500-0x0000000000000563 (\GPIO) (20160422/utaddress-255)
[    8.451768] ACPI Warning: SystemIO range 0x0000000000000500-0x000000000000052F conflicts with OpRegion 0x0000000000000500-0x000000000000057F (\_SB.PCI0.LPCB.GPBX) (20160422/utaddress-255)
[    8.451769] ACPI: If an ACPI driver is available for this device, you should use it instead of the native driver
[    8.451770] lpc_ich: Resource conflict(s) found affecting gpio_ich
[    8.474604] shpchp: Standard Hot Plug PCI Controller Driver version: 0.4
[    8.489378] EDAC MC: Ver: 3.0.0
[    8.514009] EDAC ie31200: No ECC support
[    8.523978] wmi: Mapper loaded
[    8.616310] [drm] Initialized drm 1.1.0 20060810
[    8.674627] i801_smbus 0000:00:1f.3: SMBus using PCI interrupt
[    8.821686] [drm] Memory usable by graphics device = 2048M
[    8.821688] checking generic (e0000000 300000) vs hw (e0000000 10000000)
[    8.821688] fb: switching to inteldrmfb from EFI VGA
[    8.821706] Console: switching to colour dummy device 80x25
[    8.821788] [drm] Replacing VGA console driver
[    8.829887] [drm] Supports vblank timestamp caching Rev 2 (21.10.2013).
[    8.829888] [drm] Driver supports precise vblank timestamp query.
[    8.831989] vgaarb: device changed decodes: PCI:0000:00:02.0,olddecodes=io+mem,decodes=io+mem:owns=io+mem
[    8.839562] Bluetooth: Core ver 2.21
[    8.839573] NET: Registered protocol family 31
[    8.839574] Bluetooth: HCI device and connection manager initialized
[    8.839576] Bluetooth: HCI socket layer initialized
[    8.839577] Bluetooth: L2CAP socket layer initialized
[    8.839582] Bluetooth: SCO socket layer initialized
[    9.067791] usbcore: registered new interface driver btusb
[    9.074236] RAPL PMU: API unit is 2^-32 Joules, 3 fixed counters, 163840 ms ovfl timer
[    9.074237] RAPL PMU: hw unit of domain pp0-core 2^-16 Joules
[    9.074238] RAPL PMU: hw unit of domain package 2^-16 Joules
[    9.074238] RAPL PMU: hw unit of domain pp1-gpu 2^-16 Joules
[    9.084568] iTCO_vendor_support: vendor-support=0
[    9.098625] ACPI: Video Device [GFX0] (multi-head: yes  rom: no  post: no)
[    9.098864] acpi device:4d: registered as cooling_device9
[    9.098915] input: Video Bus as /devices/LNXSYSTM:00/LNXSYBUS:00/PNP0A08:00/LNXVIDEO:00/input/input10
[    9.098987] [drm] Initialized i915 1.6.0 20160711 for 0000:00:02.0 on minor 0
[    9.099024] snd_hda_intel 0000:00:1b.0: enabling device (0000 -> 0002)
[    9.126204] iTCO_wdt: Intel TCO WatchDog Timer Driver v1.11
[    9.126233] iTCO_wdt: Found a Panther Point TCO device (Version=2, TCOBASE=0x0460)
[    9.126354] iTCO_wdt: initialized. heartbeat=30 sec (nowayout=0)
[    9.142659] asus_wmi: ASUS WMI generic driver loaded
[    9.176178] asus_wmi: Initialization: 0x0
[    9.176195] asus_wmi: BIOS WMI version: 0.9
[    9.176219] asus_wmi: SFUN value: 0x0
[    9.176442] input: Eee PC WMI hotkeys as /devices/platform/eeepc-wmi/input/input11
[    9.176518] asus_wmi: Number of fans: 1
[    9.196988] snd_hda_codec_realtek hdaudioC0D0: autoconfig for ALC892: line_outs=4 (0x14/0x15/0x16/0x17/0x0) type:line
[    9.196990] snd_hda_codec_realtek hdaudioC0D0:    speaker_outs=0 (0x0/0x0/0x0/0x0/0x0)
[    9.196991] snd_hda_codec_realtek hdaudioC0D0:    hp_outs=1 (0x1b/0x0/0x0/0x0/0x0)
[    9.196991] snd_hda_codec_realtek hdaudioC0D0:    mono: mono_out=0x0
[    9.196992] snd_hda_codec_realtek hdaudioC0D0:    dig-out=0x11/0x1e
[    9.196993] snd_hda_codec_realtek hdaudioC0D0:    inputs:
[    9.196994] snd_hda_codec_realtek hdaudioC0D0:      Front Mic=0x19
[    9.196995] snd_hda_codec_realtek hdaudioC0D0:      Rear Mic=0x18
[    9.196995] snd_hda_codec_realtek hdaudioC0D0:      Line=0x1a
[    9.217866] usb 3-2: ath9k_htc: Firmware ath9k_htc/htc_9271-1.4.0.fw requested
[    9.218535] usbcore: registered new interface driver ath9k_htc
[    9.254100] rtl8192cu: Chip version 0x10
[    9.316292] intel_rapl: Found RAPL domain package
[    9.316293] intel_rapl: Found RAPL domain core
[    9.316294] intel_rapl: Found RAPL domain uncore
[    9.316298] intel_rapl: RAPL package 0 domain package locked by BIOS
[    9.337595] rtl8192cu: Board Type 1
[    9.337843] rtl_usb: rx_max_size 15360, rx_urb_num 8, in_ep 1
[    9.337857] rtl8192cu: Loading firmware rtlwifi/rtl8192cufw_TMSC.bin
[    9.340302] snd_hda_intel 0000:00:1b.0: bound 0000:00:02.0 (ops i915_audio_component_bind_ops [i915])
[    9.341186] fbcon: inteldrmfb (fb0) is primary device
[    9.343003] input: HDA Intel PCH Front Mic as /devices/pci0000:00/0000:00:1b.0/sound/card0/input12
[    9.343054] input: HDA Intel PCH Rear Mic as /devices/pci0000:00/0000:00:1b.0/sound/card0/input13
[    9.343097] input: HDA Intel PCH Line as /devices/pci0000:00/0000:00:1b.0/sound/card0/input14
[    9.343136] input: HDA Intel PCH Line Out Front as /devices/pci0000:00/0000:00:1b.0/sound/card0/input15
[    9.343175] input: HDA Intel PCH Line Out Surround as /devices/pci0000:00/0000:00:1b.0/sound/card0/input16
[    9.343420] input: HDA Intel PCH Line Out CLFE as /devices/pci0000:00/0000:00:1b.0/sound/card0/input17
[    9.343474] input: HDA Intel PCH Line Out Side as /devices/pci0000:00/0000:00:1b.0/sound/card0/input18
[    9.343514] input: HDA Intel PCH Front Headphone as /devices/pci0000:00/0000:00:1b.0/sound/card0/input19
[    9.343554] input: HDA Intel PCH HDMI/DP,pcm=7 as /devices/pci0000:00/0000:00:1b.0/sound/card0/input20
[    9.343596] input: HDA Intel PCH HDMI/DP,pcm=8 as /devices/pci0000:00/0000:00:1b.0/sound/card0/input21
[    9.348639] ieee80211 phy0: Selected rate control algorithm 'rtl_rc'
[    9.348807] usbcore: registered new interface driver rtl8192cu
[    9.368550] usbcore: registered new interface driver rtl8xxxu
[    9.389126] rtl8192cu 1-1.4:1.0 wlp0s26u1u4: renamed from wlan0
[    9.541220] usb 3-2: ath9k_htc: Transferred FW: ath9k_htc/htc_9271-1.4.0.fw, size: 51008
[    9.656428] Console: switching to colour frame buffer device 240x67
[    9.679547] i915 0000:00:02.0: fb0: inteldrmfb frame buffer device
[    9.792993] ath9k_htc 3-2:1.0: ath9k_htc: HTC initialized with 33 credits
[   10.158726] ath9k_htc 3-2:1.0: ath9k_htc: FW Version: 1.4
[   10.158728] ath9k_htc 3-2:1.0: FW RMW support: On
[   10.158729] ath: EEPROM regdomain: 0x809c
[   10.158729] ath: EEPROM indicates we should expect a country code
[   10.158730] ath: doing EEPROM country->regdmn map search
[   10.158730] ath: country maps to regdmn code: 0x52
[   10.158731] ath: Country alpha2 being used: CN
[   10.158731] ath: Regpair used: 0x52
[   10.163174] ieee80211 phy1: Atheros AR9271 Rev:1
[   10.168849] ath9k_htc 3-2:1.0 wlp0s20u2: renamed from wlan0
[   10.678318] Adding 949244k swap on /dev/sdc2.  Priority:-1 extents:1 across:949244k FS
[   10.792771] Bluetooth: BNEP (Ethernet Emulation) ver 1.3
[   10.792772] Bluetooth: BNEP filters: protocol multicast
[   10.792774] Bluetooth: BNEP socket layer initialized
[   12.881081] ip6_tables: (C) 2000-2006 Netfilter Core Team
[   12.986790] Ebtables v2.0 registered
[   13.009211] nf_conntrack version 0.5.0 (65536 buckets, 262144 max)
[   13.200281] bridge: automatic filtering via arp/ip/ip6tables has been deprecated. Update your scripts to load br_netfilter if you need this.
[   13.328502] Netfilter messages via NETLINK v0.30.
[   13.351024] ip_set: protocol 6
[   13.463044] IPv6: ADDRCONF(NETDEV_UP): enp3s0: link is not ready
[   13.628986] r8169 0000:03:00.0 enp3s0: link down
[   13.629031] IPv6: ADDRCONF(NETDEV_UP): enp3s0: link is not ready
[   13.631609] IPv6: ADDRCONF(NETDEV_UP): eno1: link is not ready
[   13.893969] IPv6: ADDRCONF(NETDEV_UP): eno1: link is not ready
[   13.897829] IPv6: ADDRCONF(NETDEV_UP): wlp0s26u1u4: link is not ready
[   13.899723] rtl8192cu: MAC auto ON okay!
[   13.934224] rtl8192cu: Tx queue select: 0x05
[   14.864653] IPv6: ADDRCONF(NETDEV_UP): wlp0s26u1u4: link is not ready
[   14.892599] rtl8192cu: MAC auto ON okay!
[   14.925369] rtl8192cu: Tx queue select: 0x05
[   14.994935] fuse init (API version 7.25)
[   15.354754] IPv6: ADDRCONF(NETDEV_UP): wlp0s26u1u4: link is not ready
[   15.357123] IPv6: ADDRCONF(NETDEV_UP): wlp0s20u2: link is not ready
[   15.540798] IPv6: ADDRCONF(NETDEV_UP): wlp0s20u2: link is not ready
[   15.785385] IPv6: ADDRCONF(NETDEV_UP): wlp0s20u2: link is not ready
[   16.035032] IPv6: ADDRCONF(NETDEV_UP): wlp0s20u2: link is not ready
[   16.122486] IPv6: ADDRCONF(NETDEV_UP): wlp0s26u1u4: link is not ready
[   16.708822] e1000e: eno1 NIC Link is Up 1000 Mbps Full Duplex, Flow Control: Rx/Tx
[   16.708860] IPv6: ADDRCONF(NETDEV_CHANGE): eno1: link becomes ready
[   19.245134] Bluetooth: RFCOMM TTY layer initialized
[   19.245139] Bluetooth: RFCOMM socket layer initialized
[   19.245201] Bluetooth: RFCOMM ver 1.11
[   22.615662] EXT4-fs (sdc3): mounted filesystem with ordered data mode. Opts: (null)
[   22.650955] EXT4-fs (sdc1): mounted filesystem with ordered data mode. Opts: (null)
[   35.489532] md: raid0 personality registered for level 0
[   35.504769] md: raid1 personality registered for level 1
[   35.550996] raid6: sse2x1   gen()  8125 MB/s
[   35.567993] raid6: sse2x1   xor()  6826 MB/s
[   35.584993] raid6: sse2x2   gen() 11351 MB/s
[   35.601990] raid6: sse2x2   xor()  8285 MB/s
[   35.618990] raid6: sse2x4   gen() 13910 MB/s
[   35.635991] raid6: sse2x4   xor() 10115 MB/s
[   35.635992] raid6: using algorithm sse2x4 gen() 13910 MB/s
[   35.635992] raid6: .... xor() 10115 MB/s, rmw enabled
[   35.635993] raid6: using ssse3x2 recovery algorithm
[   35.637572] async_tx: api initialized (async)
[   35.638893] xor: automatically using best checksumming function:
[   35.647990]    avx       : 25568.000 MB/sec
[   35.669618] md: raid6 personality registered for level 6
[   35.669619] md: raid5 personality registered for level 5
[   35.669619] md: raid4 personality registered for level 4
[   35.675186] md: raid10 personality registered for level 10
[   35.692737] device-mapper: multipath round-robin: version 1.1.0 loaded
[   35.788933] iscsi: registered transport (tcp)
[   35.808874] No iBFT detected.
[   39.886282] SGI XFS with ACLs, security attributes, no debug enabled
[   55.369952] EXT4-fs (sdc1): mounted filesystem with ordered data mode. Opts: (null)
[   55.516696] EXT4-fs (sdc3): mounted filesystem with ordered data mode. Opts: (null)
[   55.625456] XFS (sdb1): Mounting V5 Filesystem
[   55.647988] XFS (sdb1): Ending clean mount
[   55.661297] XFS (sdb1): Unmounting Filesystem
[   56.199120] EXT4-fs (dm-1): mounted filesystem with ordered data mode. Opts: (null)
[   98.030661] Btrfs loaded, crc32c=crc32c-intel
[  238.875022] IPv6: ADDRCONF(NETDEV_UP): wlp0s20u2: link is not ready
[  246.665231] wlp0s20u2: authenticate with 64:70:02:6f:ef:4a
[  246.921365] wlp0s20u2: send auth to 64:70:02:6f:ef:4a (try 1/3)
[  246.922942] wlp0s20u2: authenticated
[  246.923674] wlp0s20u2: associate with 64:70:02:6f:ef:4a (try 1/3)
[  246.933341] wlp0s20u2: RX AssocResp from 64:70:02:6f:ef:4a (capab=0x431 status=0 aid=1)
[  246.941761] wlp0s20u2: associated
[  246.941769] IPv6: ADDRCONF(NETDEV_CHANGE): wlp0s20u2: link becomes ready
[  357.789252] rtl8192cu: MAC auto ON okay!
[  357.822006] rtl8192cu: Tx queue select: 0x05
[  358.235407] IPv6: ADDRCONF(NETDEV_UP): wlp0s26u1u4: link is not ready
[  520.865974] ata1.00: Enabling discard_zeroes_data
[  520.867795]  sda: sda1 sda2
[  673.786516] rtl8192cu: MAC auto ON okay!
[  673.819256] rtl8192cu: Tx queue select: 0x05
[  674.235686] IPv6: ADDRCONF(NETDEV_UP): wlp0s26u1u4: link is not ready
[  713.020708] XFS (sdb1): Mounting V5 Filesystem
[  713.044979] XFS (sdb1): Ending clean mount
[  989.790261] rtl8192cu: MAC auto ON okay!
[  989.823002] rtl8192cu: Tx queue select: 0x05
[  990.242536] IPv6: ADDRCONF(NETDEV_UP): wlp0s26u1u4: link is not ready
[ 1305.785639] rtl8192cu: MAC auto ON okay!
[ 1305.818374] rtl8192cu: Tx queue select: 0x05
[ 1306.238537] IPv6: ADDRCONF(NETDEV_UP): wlp0s26u1u4: link is not ready
[ 1621.782491] rtl8192cu: MAC auto ON okay!
[ 1621.815248] rtl8192cu: Tx queue select: 0x05
[ 1622.236029] IPv6: ADDRCONF(NETDEV_UP): wlp0s26u1u4: link is not ready
[ 1686.828143] EXT4-fs (sdc1): mounted filesystem with ordered data mode. Opts: (null)
[ 1686.900457] EXT4-fs (sdc3): mounted filesystem with ordered data mode. Opts: (null)
[ 1834.089044] device-mapper: snapshots: Snapshot overflowed: Unable to allocate exception.
[ 1834.089418] EXT4-fs warning (device dm-0): ext4_end_bio:314: I/O error -5 writing to inode 27160 (offset 0 size 3149824 starting block 414208)
[ 1834.089419] Buffer I/O error on device dm-0, logical block 414208
[ 1834.089422] Buffer I/O error on device dm-0, logical block 414209
[ 1834.089423] Buffer I/O error on device dm-0, logical block 414210
[ 1834.089424] Buffer I/O error on device dm-0, logical block 414211
[ 1834.089424] Buffer I/O error on device dm-0, logical block 414212
[ 1834.089425] Buffer I/O error on device dm-0, logical block 414213
[ 1834.089426] Buffer I/O error on device dm-0, logical block 414214
[ 1834.089427] Buffer I/O error on device dm-0, logical block 414215
[ 1834.089428] Buffer I/O error on device dm-0, logical block 414216
[ 1834.089429] Buffer I/O error on device dm-0, logical block 414217
[ 1834.089696] EXT4-fs warning (device dm-0): ext4_end_bio:314: I/O error -5 writing to inode 27160 (offset 0 size 4198400 starting block 414464)
[ 1834.089953] EXT4-fs warning (device dm-0): ext4_end_bio:314: I/O error -5 writing to inode 27160 (offset 0 size 5246976 starting block 414720)
[ 1834.090221] EXT4-fs warning (device dm-0): ext4_end_bio:314: I/O error -5 writing to inode 27160 (offset 0 size 6295552 starting block 414976)
[ 1834.090492] EXT4-fs warning (device dm-0): ext4_end_bio:314: I/O error -5 writing to inode 27160 (offset 0 size 7344128 starting block 415232)
[ 1834.090750] EXT4-fs warning (device dm-0): ext4_end_bio:314: I/O error -5 writing to inode 27160 (offset 0 size 8388608 starting block 415488)
[ 1834.091191] EXT4-fs warning (device dm-0): ext4_end_bio:314: I/O error -5 writing to inode 27160 (offset 8388608 size 1052672 starting block 415744)
[ 1834.091442] EXT4-fs warning (device dm-0): ext4_end_bio:314: I/O error -5 writing to inode 27160 (offset 8388608 size 2101248 starting block 416000)
[ 1834.091691] EXT4-fs warning (device dm-0): ext4_end_bio:314: I/O error -5 writing to inode 27160 (offset 8388608 size 3149824 starting block 416256)
[ 1834.091939] EXT4-fs warning (device dm-0): ext4_end_bio:314: I/O error -5 writing to inode 27160 (offset 8388608 size 4198400 starting block 416512)
[ 1834.400589] Buffer I/O error on dev dm-0, logical block 570530, lost sync page write
[ 1834.400626] JBD2: Detected IO errors while flushing file data on dm-0-8
[ 1834.400630] Aborting journal on device dm-0-8.
[ 1834.400633] Buffer I/O error on dev dm-0, logical block 557056, lost sync page write
[ 1834.400634] JBD2: Error -5 detected when updating journal superblock for dm-0-8.
[ 1834.400836] Buffer I/O error on dev dm-0, logical block 0, lost sync page write
[ 1834.400838] EXT4-fs error (device dm-0): ext4_journal_check_start:56: Detected aborted journal
[ 1834.400840] EXT4-fs (dm-0): Remounting filesystem read-only
[ 1834.400841] EXT4-fs (dm-0): previous I/O error to superblock detected
[ 1834.400843] Buffer I/O error on dev dm-0, logical block 0, lost sync page write
[ 1854.715007] Buffer I/O error on dev dm-0, logical block 844, lost async page write
[ 1854.715016] Buffer I/O error on dev dm-0, logical block 935, lost async page write
[ 1854.715018] Buffer I/O error on dev dm-0, logical block 967, lost async page write
[ 1854.715020] Buffer I/O error on dev dm-0, logical block 968, lost async page write
[ 1854.715028] Buffer I/O error on dev dm-0, logical block 2504, lost async page write
[ 1854.715037] Buffer I/O error on dev dm-0, logical block 99332, lost async page write
[ 1854.715043] Buffer I/O error on dev dm-0, logical block 121254, lost async page write
[ 1854.715045] Buffer I/O error on dev dm-0, logical block 121255, lost async page write
[ 1854.715048] Buffer I/O error on dev dm-0, logical block 524625, lost async page write
[ 1854.715050] Buffer I/O error on dev dm-0, logical block 524663, lost async page write
[ 1937.786614] rtl8192cu: MAC auto ON okay!
[ 1937.819366] rtl8192cu: Tx queue select: 0x05
[ 1938.240273] IPv6: ADDRCONF(NETDEV_UP): wlp0s26u1u4: link is not ready
[ 2253.782628] rtl8192cu: MAC auto ON okay!
[ 2253.815363] rtl8192cu: Tx queue select: 0x05
[ 2254.237073] IPv6: ADDRCONF(NETDEV_UP): wlp0s26u1u4: link is not ready
[ 2569.779253] rtl8192cu: MAC auto ON okay!
[ 2569.811985] rtl8192cu: Tx queue select: 0x05
[ 2570.234513] IPv6: ADDRCONF(NETDEV_UP): wlp0s26u1u4: link is not ready
[ 2885.781105] rtl8192cu: MAC auto ON okay!
[ 2885.813859] rtl8192cu: Tx queue select: 0x05
[ 2886.235383] IPv6: ADDRCONF(NETDEV_UP): wlp0s26u1u4: link is not ready
[ 3201.778405] rtl8192cu: MAC auto ON okay!
[ 3201.811102] rtl8192cu: Tx queue select: 0x05
[ 3202.232642] IPv6: ADDRCONF(NETDEV_UP): wlp0s26u1u4: link is not ready
[ 3517.774971] rtl8192cu: MAC auto ON okay!
[ 3517.808099] rtl8192cu: Tx queue select: 0x05
[ 3518.227380] IPv6: ADDRCONF(NETDEV_UP): wlp0s26u1u4: link is not ready
[ 3833.780353] rtl8192cu: MAC auto ON okay!
[ 3833.813097] rtl8192cu: Tx queue select: 0x05
[ 3834.233633] IPv6: ADDRCONF(NETDEV_UP): wlp0s26u1u4: link is not ready
[ 4149.775004] rtl8192cu: MAC auto ON okay!
[ 4149.807843] rtl8192cu: Tx queue select: 0x05
[ 4150.227000] IPv6: ADDRCONF(NETDEV_UP): wlp0s26u1u4: link is not ready
[ 4465.772238] rtl8192cu: MAC auto ON okay!
[ 4465.804964] rtl8192cu: Tx queue select: 0x05
[ 4466.225376] IPv6: ADDRCONF(NETDEV_UP): wlp0s26u1u4: link is not ready
[ 4781.774870] rtl8192cu: MAC auto ON okay!
[ 4781.807583] rtl8192cu: Tx queue select: 0x05
[ 4782.229984] IPv6: ADDRCONF(NETDEV_UP): wlp0s26u1u4: link is not ready
[ 5097.771971] rtl8192cu: MAC auto ON okay!
[ 5097.804707] rtl8192cu: Tx queue select: 0x05
[ 5098.225272] IPv6: ADDRCONF(NETDEV_UP): wlp0s26u1u4: link is not ready
[ 5413.767574] rtl8192cu: MAC auto ON okay!
[ 5413.800327] rtl8192cu: Tx queue select: 0x05
[ 5414.221142] IPv6: ADDRCONF(NETDEV_UP): wlp0s26u1u4: link is not ready
[ 5729.770698] rtl8192cu: MAC auto ON okay!
[ 5729.803448] rtl8192cu: Tx queue select: 0x05
[ 5730.225112] IPv6: ADDRCONF(NETDEV_UP): wlp0s26u1u4: link is not ready
[ 6045.767859] rtl8192cu: MAC auto ON okay!
[ 6045.800572] rtl8192cu: Tx queue select: 0x05
[ 6046.221850] IPv6: ADDRCONF(NETDEV_UP): wlp0s26u1u4: link is not ready
[ 6361.764190] rtl8192cu: MAC auto ON okay!
[ 6361.796942] rtl8192cu: Tx queue select: 0x05
[ 6362.219927] IPv6: ADDRCONF(NETDEV_UP): wlp0s26u1u4: link is not ready
[ 6677.767581] rtl8192cu: MAC auto ON okay!
[ 6677.800311] rtl8192cu: Tx queue select: 0x05
[ 6678.221472] IPv6: ADDRCONF(NETDEV_UP): wlp0s26u1u4: link is not ready
[ 6993.764807] rtl8192cu: MAC auto ON okay!
[ 6993.797561] rtl8192cu: Tx queue select: 0x05
[ 6994.218715] IPv6: ADDRCONF(NETDEV_UP): wlp0s26u1u4: link is not ready
[ 7309.759302] rtl8192cu: MAC auto ON okay!
[ 7309.792065] rtl8192cu: Tx queue select: 0x05
[ 7310.214343] IPv6: ADDRCONF(NETDEV_UP): wlp0s26u1u4: link is not ready
[ 7625.763676] rtl8192cu: MAC auto ON okay!
[ 7625.796428] rtl8192cu: Tx queue select: 0x05
[ 7626.218216] IPv6: ADDRCONF(NETDEV_UP): wlp0s26u1u4: link is not ready
[ 7941.760947] rtl8192cu: MAC auto ON okay!
[ 7941.793689] rtl8192cu: Tx queue select: 0x05
[ 7942.215202] IPv6: ADDRCONF(NETDEV_UP): wlp0s26u1u4: link is not ready
[ 8257.757685] rtl8192cu: MAC auto ON okay!
[ 8257.790420] rtl8192cu: Tx queue select: 0x05
[ 8258.211325] IPv6: ADDRCONF(NETDEV_UP): wlp0s26u1u4: link is not ready
[ 8573.760290] rtl8192cu: MAC auto ON okay!
[ 8573.793040] rtl8192cu: Tx queue select: 0x05
[ 8574.214399] IPv6: ADDRCONF(NETDEV_UP): wlp0s26u1u4: link is not ready
[ 8889.757429] rtl8192cu: MAC auto ON okay!
[ 8889.790163] rtl8192cu: Tx queue select: 0x05
[ 8890.214568] IPv6: ADDRCONF(NETDEV_UP): wlp0s26u1u4: link is not ready
[ 9205.753908] rtl8192cu: MAC auto ON okay!
[ 9205.786659] rtl8192cu: Tx queue select: 0x05
[ 9206.207189] IPv6: ADDRCONF(NETDEV_UP): wlp0s26u1u4: link is not ready
[ 9329.874856] usb 3-2: USB disconnect, device number 2
[ 9329.878897] wlp0s20u2: deauthenticating from 64:70:02:6f:ef:4a by local choice (Reason: 3=DEAUTH_LEAVING)
[ 9329.979884] ath: phy1: Chip reset failed
[ 9329.979887] ath: phy1: Unable to reset channel (2417 Mhz) reset status -22
[ 9329.979888] ath: phy1: Unable to set channel
[ 9329.989961] ath: phy1: Failed to wakeup in 500us
[ 9330.000100] ath: phy1: Failed to wakeup in 500us
[ 9330.010170] ath: phy1: Failed to wakeup in 500us
[ 9330.255486] usb 3-2: ath9k_htc: USB layer deinitialized
[ 9521.813197] rtl8192cu: MAC auto ON okay!
[ 9521.845906] rtl8192cu: Tx queue select: 0x05
[ 9522.266217] IPv6: ADDRCONF(NETDEV_UP): wlp0s26u1u4: link is not ready
[ 9837.811650] rtl8192cu: MAC auto ON okay!
[ 9837.844403] rtl8192cu: Tx queue select: 0x05
[ 9838.266930] IPv6: ADDRCONF(NETDEV_UP): wlp0s26u1u4: link is not ready
[10153.809770] rtl8192cu: MAC auto ON okay!
[10153.842522] rtl8192cu: Tx queue select: 0x05
[10154.263928] IPv6: ADDRCONF(NETDEV_UP): wlp0s26u1u4: link is not ready
[10469.808640] rtl8192cu: MAC auto ON okay!
[10469.841394] rtl8192cu: Tx queue select: 0x05
[10470.260926] IPv6: ADDRCONF(NETDEV_UP): wlp0s26u1u4: link is not ready
[10785.760390] rtl8192cu: MAC auto ON okay!
[10785.793141] rtl8192cu: Tx queue select: 0x05
[10786.215545] IPv6: ADDRCONF(NETDEV_UP): wlp0s26u1u4: link is not ready
[11101.799010] rtl8192cu: MAC auto ON okay!
[11101.831762] rtl8192cu: Tx queue select: 0x05
[11102.255333] IPv6: ADDRCONF(NETDEV_UP): wlp0s26u1u4: link is not ready
[11417.744132] rtl8192cu: MAC auto ON okay!
[11417.776884] rtl8192cu: Tx queue select: 0x05
[11418.199292] IPv6: ADDRCONF(NETDEV_UP): wlp0s26u1u4: link is not ready
[11733.758628] rtl8192cu: MAC auto ON okay!
[11733.791418] rtl8192cu: Tx queue select: 0x05
[11734.215325] IPv6: ADDRCONF(NETDEV_UP): wlp0s26u1u4: link is not ready
[12049.773392] rtl8192cu: MAC auto ON okay!
[12049.806127] rtl8192cu: Tx queue select: 0x05
[12050.228281] IPv6: ADDRCONF(NETDEV_UP): wlp0s26u1u4: link is not ready
[12365.788782] rtl8192cu: MAC auto ON okay!
[12365.821498] rtl8192cu: Tx queue select: 0x05
[12366.241950] IPv6: ADDRCONF(NETDEV_UP): wlp0s26u1u4: link is not ready
[12681.799991] rtl8192cu: MAC auto ON okay!
[12681.832745] rtl8192cu: Tx queue select: 0x05
[12682.252773] IPv6: ADDRCONF(NETDEV_UP): wlp0s26u1u4: link is not ready
[12997.791613] rtl8192cu: MAC auto ON okay!
[12997.824366] rtl8192cu: Tx queue select: 0x05
[12998.246522] IPv6: ADDRCONF(NETDEV_UP): wlp0s26u1u4: link is not ready
[13313.790361] rtl8192cu: MAC auto ON okay!
[13313.823112] rtl8192cu: Tx queue select: 0x05
[13314.243395] IPv6: ADDRCONF(NETDEV_UP): wlp0s26u1u4: link is not ready
[13629.789230] rtl8192cu: MAC auto ON okay!
[13629.821983] rtl8192cu: Tx queue select: 0x05
[13630.244512] IPv6: ADDRCONF(NETDEV_UP): wlp0s26u1u4: link is not ready
[13945.795478] rtl8192cu: MAC auto ON okay!
[13945.828230] rtl8192cu: Tx queue select: 0x05
[13946.250636] IPv6: ADDRCONF(NETDEV_UP): wlp0s26u1u4: link is not ready
[14261.794099] rtl8192cu: MAC auto ON okay!
[14261.826852] rtl8192cu: Tx queue select: 0x05
[14262.247141] IPv6: ADDRCONF(NETDEV_UP): wlp0s26u1u4: link is not ready
[14577.792846] rtl8192cu: MAC auto ON okay!
[14577.825597] rtl8192cu: Tx queue select: 0x05
[14578.246754] IPv6: ADDRCONF(NETDEV_UP): wlp0s26u1u4: link is not ready
[14893.792003] rtl8192cu: MAC auto ON okay!
[14893.824719] rtl8192cu: Tx queue select: 0x05
[14894.243373] IPv6: ADDRCONF(NETDEV_UP): wlp0s26u1u4: link is not ready
[15209.790464] rtl8192cu: MAC auto ON okay!
[15209.823215] rtl8192cu: Tx queue select: 0x05
[15210.245369] IPv6: ADDRCONF(NETDEV_UP): wlp0s26u1u4: link is not ready
[15525.782085] rtl8192cu: MAC auto ON okay!
[15525.814838] rtl8192cu: Tx queue select: 0x05
[15526.236866] IPv6: ADDRCONF(NETDEV_UP): wlp0s26u1u4: link is not ready
[15841.788830] rtl8192cu: MAC auto ON okay!
[15841.821585] rtl8192cu: Tx queue select: 0x05
[15842.243613] IPv6: ADDRCONF(NETDEV_UP): wlp0s26u1u4: link is not ready
[16157.788203] rtl8192cu: MAC auto ON okay!
[16157.820955] rtl8192cu: Tx queue select: 0x05
[16158.243233] IPv6: ADDRCONF(NETDEV_UP): wlp0s26u1u4: link is not ready
[16473.787449] rtl8192cu: MAC auto ON okay!
[16473.820203] rtl8192cu: Tx queue select: 0x05
[16474.240354] IPv6: ADDRCONF(NETDEV_UP): wlp0s26u1u4: link is not ready
[16789.786570] rtl8192cu: MAC auto ON okay!
[16789.819573] rtl8192cu: Tx queue select: 0x05
[16790.241853] IPv6: ADDRCONF(NETDEV_UP): wlp0s26u1u4: link is not ready
[17105.784568] rtl8192cu: MAC auto ON okay!
[17105.817329] rtl8192cu: Tx queue select: 0x05
[17106.239474] IPv6: ADDRCONF(NETDEV_UP): wlp0s26u1u4: link is not ready
[17421.726940] rtl8192cu: MAC auto ON okay!
[17421.759690] rtl8192cu: Tx queue select: 0x05
[17422.182346] IPv6: ADDRCONF(NETDEV_UP): wlp0s26u1u4: link is not ready
[17737.741938] rtl8192cu: MAC auto ON okay!
[17737.774697] rtl8192cu: Tx queue select: 0x05
[17738.197239] IPv6: ADDRCONF(NETDEV_UP): wlp0s26u1u4: link is not ready
[18053.756583] rtl8192cu: MAC auto ON okay!
[18053.789308] rtl8192cu: Tx queue select: 0x05
[18054.211587] IPv6: ADDRCONF(NETDEV_UP): wlp0s26u1u4: link is not ready
[18369.771426] rtl8192cu: MAC auto ON okay!
[18369.804192] rtl8192cu: Tx queue select: 0x05
[18370.226460] IPv6: ADDRCONF(NETDEV_UP): wlp0s26u1u4: link is not ready
[18685.780425] rtl8192cu: MAC auto ON okay!
[18685.813187] rtl8192cu: Tx queue select: 0x05
[18686.235330] IPv6: ADDRCONF(NETDEV_UP): wlp0s26u1u4: link is not ready
